Archive member included to satisfy reference by file (symbol)

emu2149/libemu2149.a(emu2149.c.obj)
                              CMakeFiles/PicoSnd.dir/audio.c.obj (PSG_setVolumeMode)
/usr/lib/gcc/arm-none-eabi/14.1.0/thumb/v6-m/nofp/libgcc.a(_dvmd_tls.o)
                              CMakeFiles/PicoSnd.dir/home/cbmeeks/sdk/pico/pico-sdk/src/rp2_common/pico_divider/divider.S.obj (__aeabi_idiv0)
/usr/lib/gcc/arm-none-eabi/14.1.0/../../../../arm-none-eabi/lib/thumb/v6-m/nofp/libg.a(libc_a-atexit.o)
                              /usr/lib/gcc/arm-none-eabi/14.1.0/../../../../arm-none-eabi/lib/thumb/v6-m/nofp/crt0.o (atexit)
/usr/lib/gcc/arm-none-eabi/14.1.0/../../../../arm-none-eabi/lib/thumb/v6-m/nofp/libg.a(libc_a-calloc.o)
                              CMakeFiles/PicoSnd.dir/home/cbmeeks/sdk/pico/pico-sdk/src/rp2_common/pico_malloc/pico_malloc.c.obj (calloc)
/usr/lib/gcc/arm-none-eabi/14.1.0/../../../../arm-none-eabi/lib/thumb/v6-m/nofp/libg.a(libc_a-callocr.o)
                              /usr/lib/gcc/arm-none-eabi/14.1.0/../../../../arm-none-eabi/lib/thumb/v6-m/nofp/libg.a(libc_a-calloc.o) (_calloc_r)
/usr/lib/gcc/arm-none-eabi/14.1.0/../../../../arm-none-eabi/lib/thumb/v6-m/nofp/libg.a(libc_a-malloc.o)
                              CMakeFiles/PicoSnd.dir/home/cbmeeks/sdk/pico/pico-sdk/src/rp2_common/pico_malloc/pico_malloc.c.obj (malloc)
/usr/lib/gcc/arm-none-eabi/14.1.0/../../../../arm-none-eabi/lib/thumb/v6-m/nofp/libg.a(libc_a-mallocr.o)
                              /usr/lib/gcc/arm-none-eabi/14.1.0/../../../../arm-none-eabi/lib/thumb/v6-m/nofp/libg.a(libc_a-callocr.o) (_malloc_r)
/usr/lib/gcc/arm-none-eabi/14.1.0/../../../../arm-none-eabi/lib/thumb/v6-m/nofp/libg.a(libc_a-mlock.o)
                              /usr/lib/gcc/arm-none-eabi/14.1.0/../../../../arm-none-eabi/lib/thumb/v6-m/nofp/libg.a(libc_a-mallocr.o) (__malloc_lock)
/usr/lib/gcc/arm-none-eabi/14.1.0/../../../../arm-none-eabi/lib/thumb/v6-m/nofp/libg.a(libc_a-realloc.o)
                              CMakeFiles/PicoSnd.dir/home/cbmeeks/sdk/pico/pico-sdk/src/rp2_common/pico_malloc/pico_malloc.c.obj (realloc)
/usr/lib/gcc/arm-none-eabi/14.1.0/../../../../arm-none-eabi/lib/thumb/v6-m/nofp/libg.a(libc_a-reallocr.o)
                              /usr/lib/gcc/arm-none-eabi/14.1.0/../../../../arm-none-eabi/lib/thumb/v6-m/nofp/libg.a(libc_a-realloc.o) (_realloc_r)
/usr/lib/gcc/arm-none-eabi/14.1.0/../../../../arm-none-eabi/lib/thumb/v6-m/nofp/libg.a(libc_a-memmove.o)
                              /usr/lib/gcc/arm-none-eabi/14.1.0/../../../../arm-none-eabi/lib/thumb/v6-m/nofp/libg.a(libc_a-reallocr.o) (memmove)
/usr/lib/gcc/arm-none-eabi/14.1.0/../../../../arm-none-eabi/lib/thumb/v6-m/nofp/libg.a(libc_a-impure.o)
                              /usr/lib/gcc/arm-none-eabi/14.1.0/../../../../arm-none-eabi/lib/thumb/v6-m/nofp/libg.a(libc_a-calloc.o) (_impure_ptr)
/usr/lib/gcc/arm-none-eabi/14.1.0/../../../../arm-none-eabi/lib/thumb/v6-m/nofp/libg.a(libc_a-sbrkr.o)
                              /usr/lib/gcc/arm-none-eabi/14.1.0/../../../../arm-none-eabi/lib/thumb/v6-m/nofp/libg.a(libc_a-mallocr.o) (_sbrk_r)
/usr/lib/gcc/arm-none-eabi/14.1.0/../../../../arm-none-eabi/lib/thumb/v6-m/nofp/libg.a(libc_a-errno.o)
                              /usr/lib/gcc/arm-none-eabi/14.1.0/../../../../arm-none-eabi/lib/thumb/v6-m/nofp/libg.a(libc_a-callocr.o) (__errno)
/usr/lib/gcc/arm-none-eabi/14.1.0/../../../../arm-none-eabi/lib/thumb/v6-m/nofp/libg.a(libc_a-init.o)
                              /usr/lib/gcc/arm-none-eabi/14.1.0/../../../../arm-none-eabi/lib/thumb/v6-m/nofp/crt0.o (__libc_init_array)
/usr/lib/gcc/arm-none-eabi/14.1.0/../../../../arm-none-eabi/lib/thumb/v6-m/nofp/libg.a(libc_a-fini.o)
                              /usr/lib/gcc/arm-none-eabi/14.1.0/../../../../arm-none-eabi/lib/thumb/v6-m/nofp/crt0.o (__libc_fini_array)
/usr/lib/gcc/arm-none-eabi/14.1.0/../../../../arm-none-eabi/lib/thumb/v6-m/nofp/libg.a(libc_a-lock.o)
                              /usr/lib/gcc/arm-none-eabi/14.1.0/../../../../arm-none-eabi/lib/thumb/v6-m/nofp/libg.a(libc_a-mlock.o) (__retarget_lock_acquire_recursive)
/usr/lib/gcc/arm-none-eabi/14.1.0/../../../../arm-none-eabi/lib/thumb/v6-m/nofp/libg.a(libc_a-sysconf.o)
                              /usr/lib/gcc/arm-none-eabi/14.1.0/../../../../arm-none-eabi/lib/thumb/v6-m/nofp/libg.a(libc_a-mallocr.o) (sysconf)
/usr/lib/gcc/arm-none-eabi/14.1.0/../../../../arm-none-eabi/lib/thumb/v6-m/nofp/libg.a(libc_a-strlen-stub.o)
                              CMakeFiles/PicoSnd.dir/home/cbmeeks/sdk/pico/pico-sdk/src/rp2_common/pico_stdio/stdio.c.obj (strlen)
/usr/lib/gcc/arm-none-eabi/14.1.0/../../../../arm-none-eabi/lib/thumb/v6-m/nofp/libg.a(libc_a-__atexit.o)
                              /usr/lib/gcc/arm-none-eabi/14.1.0/../../../../arm-none-eabi/lib/thumb/v6-m/nofp/libg.a(libc_a-atexit.o) (__register_exitproc)
/usr/lib/gcc/arm-none-eabi/14.1.0/../../../../arm-none-eabi/lib/thumb/v6-m/nofp/libg.a(libc_a-__call_atexit.o)
[...]
Memory Configuration

Name             Origin             Length             Attributes
FLASH            0x10000000         0x00200000         xr
RAM              0x20000000         0x00040000         xrw
SCRATCH_X        0x20040000         0x00001000         xrw
SCRATCH_Y        0x20041000         0x00001000         xrw
*default*        0x00000000         0xffffffff

Linker script and memory map

LOAD /usr/lib/gcc/arm-none-eabi/14.1.0/thumb/v6-m/nofp/crti.o
LOAD /usr/lib/gcc/arm-none-eabi/14.1.0/thumb/v6-m/nofp/crtbegin.o
LOAD /usr/lib/gcc/arm-none-eabi/14.1.0/../../../../arm-none-eabi/lib/thumb/v6-m/nofp/crt0.o

.flash_begin    0x10000000        0x0
                0x10000000                        __flash_binary_start = .

.boot2          0x10000000      0x100
                0x10000000                        __boot2_start__ = .
 *(.boot2)
 .boot2         0x10000000      0x100 /tmp/cckyn61e.o
                0x10000100                        __boot2_end__ = .
                0x00000001                        ASSERT (((__boot2_end__ - __boot2_start__) == 0x100), ERROR: Pico second stage bootloader must be 256 bytes in size)

.text           0x10000100     0x4010
                0x10000100                        __logical_binary_start = .
 *(.vectors)
 .vectors       0x10000100       0xd4 CMakeFiles/PicoSnd.dir/home/cbmeeks/sdk/pico/pico-sdk/src/rp2_common/pico_standard_link/crt0.S.obj
                0x10000100                __vectors
                0x10000100                __VECTOR_TABLE
                0x100001c0                isr_invalid
                0x100001c0                __default_isrs_start
                0x100001c2                isr_nmi
                0x100001c4                isr_hardfault
                0x100001c6                isr_svcall
                0x100001c8                isr_pendsv
                0x100001ca                isr_systick
                0x100001cc                isr_irq30
                0x100001cc                __unhandled_user_irq
                0x100001cc                isr_irq13
                0x100001cc                isr_irq27
                0x100001cc                isr_irq31
                0x100001cc                isr_irq5
                0x100001cc                isr_irq11
                0x100001cc                isr_irq23
                0x100001cc                isr_irq18
                0x100001cc                isr_irq28
                0x100001cc                isr_irq19
                0x100001cc                isr_irq0
                0x100001cc                isr_irq6
                0x100001cc                isr_irq22
                0x100001cc                isr_irq17
                0x100001cc                isr_irq14
                0x100001cc                isr_irq2
                0x100001cc                isr_irq10
                0x100001cc                isr_irq8
                0x100001cc                isr_irq24
                0x100001cc                isr_irq1
                0x100001cc                isr_irq7
                0x100001cc                isr_irq21
                0x100001cc                isr_irq20
                0x100001cc                isr_irq15
                0x100001cc                isr_irq25
                0x100001cc                isr_irq4
                0x100001cc                isr_irq16
                0x100001cc                isr_irq29
                0x100001cc                isr_irq26
                0x100001cc                __default_isrs_end
                0x100001cc                isr_irq3
                0x100001cc                isr_irq12
                0x100001cc                isr_irq9
                0x100001d2                unhandled_user_irq_num_in_r0
 *(.binary_info_header)
 .binary_info_header
                0x100001d4       0x14 CMakeFiles/PicoSnd.dir/home/cbmeeks/sdk/pico/pico-sdk/src/rp2_common/pico_standard_link/crt0.S.obj
                0x100001e8                        __binary_info_header_end = .
 *(.reset)
 .reset         0x100001e8       0xa0 CMakeFiles/PicoSnd.dir/home/cbmeeks/sdk/pico/pico-sdk/src/rp2_common/pico_standard_link/crt0.S.obj
                0x100001e8                _entry_point
 .reset         0x10000288       0x30 CMakeFiles/PicoSnd.dir/home/cbmeeks/sdk/pico/pico-sdk/src/rp2_common/pico_standard_link/binary_info.c.obj
 *(.init)
 .init          0x100002b8        0x4 /usr/lib/gcc/arm-none-eabi/14.1.0/thumb/v6-m/nofp/crti.o
                0x100002b8                _init
 *(EXCLUDE_FILE(*libm.a: *libc.a:*lib_a-mem*.o *libgcc.a:) .text*)
 .text          0x100002bc       0x98 /usr/lib/gcc/arm-none-eabi/14.1.0/thumb/v6-m/nofp/crtbegin.o
 .text.main     0x10000354        0x2 CMakeFiles/PicoSnd.dir/main.c.obj
                0x10000354                main
 *fill*         0x10000356        0x2 
 .text.lock_init
                0x10000358       0x10 CMakeFiles/PicoSnd.dir/home/cbmeeks/sdk/pico/pico-sdk/src/common/pico_sync/lock_core.c.obj
                0x10000358                lock_init
 .text.mutex_init
                0x10000368       0x1a CMakeFiles/PicoSnd.dir/home/cbmeeks/sdk/pico/pico-sdk/src/common/pico_sync/mutex.c.obj
                0x10000368                mutex_init
 .text.recursive_mutex_init
                0x10000382       0x1e CMakeFiles/PicoSnd.dir/home/cbmeeks/sdk/pico/pico-sdk/src/common/pico_sync/mutex.c.obj
                0x10000382                recursive_mutex_init
 .text.time_reached
                0x100003a0       0x28 CMakeFiles/PicoSnd.dir/home/cbmeeks/sdk/pico/pico-sdk/src/common/pico_time/time.c.obj
 .text.get_entry
                0x100003c8       0x38 CMakeFiles/PicoSnd.dir/home/cbmeeks/sdk/pico/pico-sdk/src/common/pico_time/time.c.obj
 .text.timer_pool_entry_comparator
                0x10000400       0x2e CMakeFiles/PicoSnd.dir/home/cbmeeks/sdk/pico/pico-sdk/src/common/pico_time/time.c.obj
                0x10000400                timer_pool_entry_comparator
 *fill*         0x1000042e        0x2 
 .text.update_us_since_boot
                0x10000430       0x24 CMakeFiles/PicoSnd.dir/home/cbmeeks/sdk/pico/pico-sdk/src/common/pico_time/time.c.obj
 .text.delayed_by_us
                0x10000454       0x34 CMakeFiles/PicoSnd.dir/home/cbmeeks/sdk/pico/pico-sdk/src/common/pico_time/time.c.obj
 .text.ph_get_node
                0x10000488       0x30 CMakeFiles/PicoSnd.dir/home/cbmeeks/sdk/pico/pico-sdk/src/common/pico_time/time.c.obj
 .text.ph_contains_node
                0x100004b8       0x1e CMakeFiles/PicoSnd.dir/home/cbmeeks/sdk/pico/pico-sdk/src/common/pico_time/time.c.obj
 .text.ph_new_node
                0x100004d6       0x28 CMakeFiles/PicoSnd.dir/home/cbmeeks/sdk/pico/pico-sdk/src/common/pico_time/time.c.obj
 *fill*         0x100004fe        0x2 
 .text.ph_add_child_node
                0x10000500       0x6c CMakeFiles/PicoSnd.dir/home/cbmeeks/sdk/pico/pico-sdk/src/common/pico_time/time.c.obj
 .text.ph_merge_nodes
                0x1000056c       0x3e CMakeFiles/PicoSnd.dir/home/cbmeeks/sdk/pico/pico-sdk/src/common/pico_time/time.c.obj
 *fill*         0x100005aa        0x2 
 .text.ph_insert_node
                0x100005ac       0x3c CMakeFiles/PicoSnd.dir/home/cbmeeks/sdk/pico/pico-sdk/src/common/pico_time/time.c.obj
 .text.ph_free_node
                0x100005e8       0x5c CMakeFiles/PicoSnd.dir/home/cbmeeks/sdk/pico/pico-sdk/src/common/pico_time/time.c.obj
 .text.get_entry_id_high
                0x10000644       0x30 CMakeFiles/PicoSnd.dir/home/cbmeeks/sdk/pico/pico-sdk/src/common/pico_time/time.c.obj
 .text.alarm_pool_post_alloc_init
                0x10000674       0x40 CMakeFiles/PicoSnd.dir/home/cbmeeks/sdk/pico/pico-sdk/src/common/pico_time/time.c.obj
 .text.sleep_until_callback
                0x100006b4       0x30 CMakeFiles/PicoSnd.dir/home/cbmeeks/sdk/pico/pico-sdk/src/common/pico_time/time.c.obj
 .text.get_absolute_time
                0x100006e4       0x22 CMakeFiles/PicoSnd.dir/home/cbmeeks/sdk/pico/pico-sdk/src/common/pico_time/time.c.obj
 *fill*         0x10000706        0x2 
 .text.add_alarm_under_lock
                0x10000708       0x94 CMakeFiles/PicoSnd.dir/home/cbmeeks/sdk/pico/pico-sdk/src/common/pico_time/time.c.obj
 .text.alarm_pool_alarm_callback
                0x1000079c      0x210 CMakeFiles/PicoSnd.dir/home/cbmeeks/sdk/pico/pico-sdk/src/common/pico_time/time.c.obj
 .text.alarm_pool_init_default
                0x100009ac       0x40 CMakeFiles/PicoSnd.dir/home/cbmeeks/sdk/pico/pico-sdk/src/common/pico_time/time.c.obj
                0x100009ac                alarm_pool_init_default
 .text.alarm_pool_get_default
                0x100009ec       0x2c CMakeFiles/PicoSnd.dir/home/cbmeeks/sdk/pico/pico-sdk/src/common/pico_time/time.c.obj
                0x100009ec                alarm_pool_get_default
 .text.alarm_pool_add_alarm_at
                0x10000a18      0x11c CMakeFiles/PicoSnd.dir/home/cbmeeks/sdk/pico/pico-sdk/src/common/pico_time/time.c.obj
                0x10000a18                alarm_pool_add_alarm_at
 .text.add_alarm_at
                0x10000b34       0x2e CMakeFiles/PicoSnd.dir/home/cbmeeks/sdk/pico/pico-sdk/src/common/pico_time/time.c.obj
 *fill*         0x10000b62        0x2 
 .text.alarm_pool_cancel_alarm
                0x10000b64       0xa8 CMakeFiles/PicoSnd.dir/home/cbmeeks/sdk/pico/pico-sdk/src/common/pico_time/time.c.obj
                0x10000b64                alarm_pool_cancel_alarm
 .text.cancel_alarm
                0x10000c0c       0x10 CMakeFiles/PicoSnd.dir/home/cbmeeks/sdk/pico/pico-sdk/src/common/pico_time/time.c.obj
 .text.best_effort_wfe_or_timeout
                0x10000c1c       0x44 CMakeFiles/PicoSnd.dir/home/cbmeeks/sdk/pico/pico-sdk/src/common/pico_time/time.c.obj
                0x10000c1c                best_effort_wfe_or_timeout
 .text.hardware_alarm_irq_handler
                0x10000c60       0x8c CMakeFiles/PicoSnd.dir/home/cbmeeks/sdk/pico/pico-sdk/src/rp2_common/hardware_timer/timer.c.obj
 .text.hardware_alarm_claim
                0x10000cec       0x18 CMakeFiles/PicoSnd.dir/home/cbmeeks/sdk/pico/pico-sdk/src/rp2_common/hardware_timer/timer.c.obj
                0x10000cec                hardware_alarm_claim
 .text.time_us_64
                0x10000d04       0x18 CMakeFiles/PicoSnd.dir/home/cbmeeks/sdk/pico/pico-sdk/src/rp2_common/hardware_timer/timer.c.obj
                0x10000d04                time_us_64
 .text.hardware_alarm_set_callback
                0x10000d1c       0x90 CMakeFiles/PicoSnd.dir/home/cbmeeks/sdk/pico/pico-sdk/src/rp2_common/hardware_timer/timer.c.obj
                0x10000d1c                hardware_alarm_set_callback
 .text.hardware_alarm_set_target
                0x10000dac       0xe8 CMakeFiles/PicoSnd.dir/home/cbmeeks/sdk/pico/pico-sdk/src/rp2_common/hardware_timer/timer.c.obj
                0x10000dac                hardware_alarm_set_target
 .text.hardware_alarm_cancel
                0x10000e94       0x40 CMakeFiles/PicoSnd.dir/home/cbmeeks/sdk/pico/pico-sdk/src/rp2_common/hardware_timer/timer.c.obj
                0x10000e94                hardware_alarm_cancel
 .text.running_on_fpga
                0x10000ed4       0x14 CMakeFiles/PicoSnd.dir/home/cbmeeks/sdk/pico/pico-sdk/src/rp2_common/pico_platform/platform.c.obj
                0x10000ed4                running_on_fpga
 .text.hw_claim_lock
                0x10000ee8       0x18 CMakeFiles/PicoSnd.dir/home/cbmeeks/sdk/pico/pico-sdk/src/rp2_common/hardware_claim/claim.c.obj
                0x10000ee8                hw_claim_lock
 .text.hw_claim_unlock
                0x10000f00       0x14 CMakeFiles/PicoSnd.dir/home/cbmeeks/sdk/pico/pico-sdk/src/rp2_common/hardware_claim/claim.c.obj
                0x10000f00                hw_claim_unlock
 .text.hw_claim_or_assert
                0x10000f14       0x32 CMakeFiles/PicoSnd.dir/home/cbmeeks/sdk/pico/pico-sdk/src/rp2_common/hardware_claim/claim.c.obj
                0x10000f14                hw_claim_or_assert
 *fill*         0x10000f46        0x2 
 .text.spin_locks_reset
                0x10000f48       0x20 CMakeFiles/PicoSnd.dir/home/cbmeeks/sdk/pico/pico-sdk/src/rp2_common/hardware_sync/sync.c.obj
                0x10000f48                spin_locks_reset
 .text.next_striped_spin_lock_num
                0x10000f68       0x1c CMakeFiles/PicoSnd.dir/home/cbmeeks/sdk/pico/pico-sdk/src/rp2_common/hardware_sync/sync.c.obj
                0x10000f68                next_striped_spin_lock_num
 .text.set_raw_irq_handler_and_unlock
                0x10000f84       0x28 CMakeFiles/PicoSnd.dir/home/cbmeeks/sdk/pico/pico-sdk/src/rp2_common/hardware_irq/irq.c.obj
 .text.resolve_branch
                0x10000fac       0x30 CMakeFiles/PicoSnd.dir/home/cbmeeks/sdk/pico/pico-sdk/src/rp2_common/hardware_irq/irq.c.obj
 .text.make_branch
                0x10000fdc       0x48 CMakeFiles/PicoSnd.dir/home/cbmeeks/sdk/pico/pico-sdk/src/rp2_common/hardware_irq/irq.c.obj
 .text.insert_branch_and_link
                0x10001024       0x40 CMakeFiles/PicoSnd.dir/home/cbmeeks/sdk/pico/pico-sdk/src/rp2_common/hardware_irq/irq.c.obj
 .text.irq_is_enabled
                0x10001064       0x18 CMakeFiles/PicoSnd.dir/home/cbmeeks/sdk/pico/pico-sdk/src/rp2_common/hardware_irq/irq.c.obj
                0x10001064                irq_is_enabled
 .text.irq_set_mask_enabled
                0x1000107c       0x20 CMakeFiles/PicoSnd.dir/home/cbmeeks/sdk/pico/pico-sdk/src/rp2_common/hardware_irq/irq.c.obj
                0x1000107c                irq_set_mask_enabled
 .text.irq_set_enabled
                0x1000109c        0xe CMakeFiles/PicoSnd.dir/home/cbmeeks/sdk/pico/pico-sdk/src/rp2_common/hardware_irq/irq.c.obj
                0x1000109c                irq_set_enabled
 *fill*         0x100010aa        0x2 
 .text.irq_get_vtable_handler
                0x100010ac       0x10 CMakeFiles/PicoSnd.dir/home/cbmeeks/sdk/pico/pico-sdk/src/rp2_common/hardware_irq/irq.c.obj
                0x100010ac                irq_get_vtable_handler
 .text.irq_set_exclusive_handler
                0x100010bc       0x54 CMakeFiles/PicoSnd.dir/home/cbmeeks/sdk/pico/pico-sdk/src/rp2_common/hardware_irq/irq.c.obj
                0x100010bc                irq_set_exclusive_handler
 .text.irq_remove_handler
                0x10001110      0x188 CMakeFiles/PicoSnd.dir/home/cbmeeks/sdk/pico/pico-sdk/src/rp2_common/hardware_irq/irq.c.obj
                0x10001110                irq_remove_handler
 .text.irq_add_tail_to_free_list
                0x10001298       0xf0 CMakeFiles/PicoSnd.dir/home/cbmeeks/sdk/pico/pico-sdk/src/rp2_common/hardware_irq/irq.c.obj
                0x10001298                irq_add_tail_to_free_list
 .text.irq_init_priorities
                0x10001388       0x1c CMakeFiles/PicoSnd.dir/home/cbmeeks/sdk/pico/pico-sdk/src/rp2_common/hardware_irq/irq.c.obj
                0x10001388                irq_init_priorities
 .text.ph_get_node
                0x100013a4       0x30 CMakeFiles/PicoSnd.dir/home/cbmeeks/sdk/pico/pico-sdk/src/common/pico_util/pheap.c.obj
 .text.ph_add_child_node
                0x100013d4       0x6c CMakeFiles/PicoSnd.dir/home/cbmeeks/sdk/pico/pico-sdk/src/common/pico_util/pheap.c.obj
 .text.ph_merge_nodes
                0x10001440       0x3e CMakeFiles/PicoSnd.dir/home/cbmeeks/sdk/pico/pico-sdk/src/common/pico_util/pheap.c.obj
 .text.ph_clear
                0x1000147e       0x34 CMakeFiles/PicoSnd.dir/home/cbmeeks/sdk/pico/pico-sdk/src/common/pico_util/pheap.c.obj
                0x1000147e                ph_clear
 .text.ph_post_alloc_init
                0x100014b2        0xe CMakeFiles/PicoSnd.dir/home/cbmeeks/sdk/pico/pico-sdk/src/common/pico_util/pheap.c.obj
                0x100014b2                ph_post_alloc_init
 .text.ph_merge_two_pass
                0x100014c0       0x5c CMakeFiles/PicoSnd.dir/home/cbmeeks/sdk/pico/pico-sdk/src/common/pico_util/pheap.c.obj
                0x100014c0                ph_merge_two_pass
 .text.ph_remove_any_head
                0x1000151c       0xc0 CMakeFiles/PicoSnd.dir/home/cbmeeks/sdk/pico/pico-sdk/src/common/pico_util/pheap.c.obj
 .text.ph_remove_head
                0x100015dc       0x14 CMakeFiles/PicoSnd.dir/home/cbmeeks/sdk/pico/pico-sdk/src/common/pico_util/pheap.c.obj
                0x100015dc                ph_remove_head
 .text.ph_remove_and_free_node
                0x100015f0       0xa0 CMakeFiles/PicoSnd.dir/home/cbmeeks/sdk/pico/pico-sdk/src/common/pico_util/pheap.c.obj
                0x100015f0                ph_remove_and_free_node
 .text.clock_configure
                0x10001690      0x108 CMakeFiles/PicoSnd.dir/home/cbmeeks/sdk/pico/pico-sdk/src/rp2_common/hardware_clocks/clocks.c.obj
                0x10001690                clock_configure
 .text.clocks_init
                0x10001798      0x100 CMakeFiles/PicoSnd.dir/home/cbmeeks/sdk/pico/pico-sdk/src/rp2_common/hardware_clocks/clocks.c.obj
                0x10001798                clocks_init
 .text.pll_init
                0x10001898      0x120 CMakeFiles/PicoSnd.dir/home/cbmeeks/sdk/pico/pico-sdk/src/rp2_common/hardware_pll/pll.c.obj
                0x10001898                pll_init
 .text.watchdog_start_tick
                0x100019b8       0x10 CMakeFiles/PicoSnd.dir/home/cbmeeks/sdk/pico/pico-sdk/src/rp2_common/hardware_watchdog/watchdog.c.obj
                0x100019b8                watchdog_start_tick
 .text.xosc_init
                0x100019c8       0x28 CMakeFiles/PicoSnd.dir/home/cbmeeks/sdk/pico/pico-sdk/src/rp2_common/hardware_xosc/xosc.c.obj
                0x100019c8                xosc_init
 .text._exit    0x100019f0        0x4 CMakeFiles/PicoSnd.dir/home/cbmeeks/sdk/pico/pico-sdk/src/rp2_common/pico_runtime/runtime.c.obj
                0x100019f0                _exit
 .text.exit     0x100019f4        0x6 CMakeFiles/PicoSnd.dir/home/cbmeeks/sdk/pico/pico-sdk/src/rp2_common/pico_runtime/runtime.c.obj
                0x100019f4                exit
 *fill*         0x100019fa        0x2 
 .text.__assert_func
                0x100019fc       0x38 CMakeFiles/PicoSnd.dir/home/cbmeeks/sdk/pico/pico-sdk/src/rp2_common/pico_runtime/runtime.c.obj
                0x100019fc                __assert_func
 .text.runtime_init
                0x10001a34       0xf8 CMakeFiles/PicoSnd.dir/home/cbmeeks/sdk/pico/pico-sdk/src/rp2_common/pico_runtime/runtime.c.obj
                0x10001a34                runtime_init
 .text.panic    0x10001b2c       0x30 CMakeFiles/PicoSnd.dir/home/cbmeeks/sdk/pico/pico-sdk/src/rp2_common/pico_runtime/runtime.c.obj
                0x10001b2c                panic
 .text._out_null
                0x10001b5c        0x2 CMakeFiles/PicoSnd.dir/home/cbmeeks/sdk/pico/pico-sdk/src/rp2_common/pico_printf/printf.c.obj
 .text._out_fct
                0x10001b5e        0xe CMakeFiles/PicoSnd.dir/home/cbmeeks/sdk/pico/pico-sdk/src/rp2_common/pico_printf/printf.c.obj
 .text._atoi    0x10001b6c       0x24 CMakeFiles/PicoSnd.dir/home/cbmeeks/sdk/pico/pico-sdk/src/rp2_common/pico_printf/printf.c.obj
 .text._out_rev
                0x10001b90       0xb0 CMakeFiles/PicoSnd.dir/home/cbmeeks/sdk/pico/pico-sdk/src/rp2_common/pico_printf/printf.c.obj
 .text._ntoa_format
                0x10001c40      0x10e CMakeFiles/PicoSnd.dir/home/cbmeeks/sdk/pico/pico-sdk/src/rp2_common/pico_printf/printf.c.obj
 .text._ntoa_long
                0x10001d4e       0xbc CMakeFiles/PicoSnd.dir/home/cbmeeks/sdk/pico/pico-sdk/src/rp2_common/pico_printf/printf.c.obj
 .text._ntoa_long_long
                0x10001e0a      0x10e CMakeFiles/PicoSnd.dir/home/cbmeeks/sdk/pico/pico-sdk/src/rp2_common/pico_printf/printf.c.obj
 .text._etoa    0x10001f18      0x424 CMakeFiles/PicoSnd.dir/home/cbmeeks/sdk/pico/pico-sdk/src/rp2_common/pico_printf/printf.c.obj
 .text._ftoa    0x1000233c      0x348 CMakeFiles/PicoSnd.dir/home/cbmeeks/sdk/pico/pico-sdk/src/rp2_common/pico_printf/printf.c.obj
 .text._vsnprintf
                0x10002684      0x6a4 CMakeFiles/PicoSnd.dir/home/cbmeeks/sdk/pico/pico-sdk/src/rp2_common/pico_printf/printf.c.obj
 .text.vfctprintf
                0x10002d28       0x24 CMakeFiles/PicoSnd.dir/home/cbmeeks/sdk/pico/pico-sdk/src/rp2_common/pico_printf/printf.c.obj
                0x10002d28                vfctprintf
 .text          0x10002d4c       0x10 CMakeFiles/PicoSnd.dir/home/cbmeeks/sdk/pico/pico-sdk/src/rp2_common/pico_bit_ops/bit_ops_aeabi.S.obj
 .text.rom_func_lookup
                0x10002d5c       0x10 CMakeFiles/PicoSnd.dir/home/cbmeeks/sdk/pico/pico-sdk/src/rp2_common/pico_bootrom/bootrom.c.obj
                0x10002d5c                rom_func_lookup
 .text.rom_data_lookup
                0x10002d6c       0x10 CMakeFiles/PicoSnd.dir/home/cbmeeks/sdk/pico/pico-sdk/src/rp2_common/pico_bootrom/bootrom.c.obj
                0x10002d6c                rom_data_lookup
 .text.rom_funcs_lookup
                0x10002d7c       0x36 CMakeFiles/PicoSnd.dir/home/cbmeeks/sdk/pico/pico-sdk/src/rp2_common/pico_bootrom/bootrom.c.obj
                0x10002d7c                rom_funcs_lookup
 *fill*         0x10002db2        0x2 
 .text.__wrap___aeabi_idiv
                0x10002db4       0x50 CMakeFiles/PicoSnd.dir/home/cbmeeks/sdk/pico/pico-sdk/src/rp2_common/pico_divider/divider.S.obj
                0x10002db4                __wrap___aeabi_idivmod
                0x10002db4                divmod_s32s32
                0x10002db4                div_s32s32
                0x10002db4                __wrap___aeabi_idiv
                0x10002dbc                divmod_s32s32_unsafe
                0x10002de8                divmod_s32s32_savestate
 .text.__wrap___aeabi_uidiv
                0x10002e04       0x4c CMakeFiles/PicoSnd.dir/home/cbmeeks/sdk/pico/pico-sdk/src/rp2_common/pico_divider/divider.S.obj
                0x10002e04                __wrap___aeabi_uidiv
                0x10002e04                __wrap___aeabi_uidivmod
                0x10002e04                div_u32u32
                0x10002e04                divmod_u32u32
                0x10002e0c                divmod_u32u32_unsafe
                0x10002e34                divmod_u32u32_savestate
 .text.__wrap___aeabi_ldiv
                0x10002e50      0x424 CMakeFiles/PicoSnd.dir/home/cbmeeks/sdk/pico/pico-sdk/src/rp2_common/pico_divider/divider.S.obj
                0x10002e50                div_s64s64
                0x10002e50                divmod_s64s64
                0x10002e50                __wrap___aeabi_ldivmod
                0x10002e80                div_u64u64
                0x10002e80                divmod_u64u64
                0x10002e80                __wrap___aeabi_uldivmod
                0x10002e90                divmod_u64u64_savestate
                0x10002eb0                divmod_s64s64_unsafe
                0x10002f38                divmod_u64u64_unsafe
 .text.__wrap___aeabi_darithmetic
                0x10003274       0x80 CMakeFiles/PicoSnd.dir/home/cbmeeks/sdk/pico/pico-sdk/src/rp2_common/pico_double/double_aeabi.S.obj
                0x10003274                __wrap___aeabi_drsub
                0x1000327a                __wrap___aeabi_dsub
                0x1000328c                __wrap___aeabi_dadd
                0x1000329e                __wrap___aeabi_ddiv
                0x100032da                __wrap___aeabi_dmul
 .text.__wrap___aeabi_cdcmple
                0x100032f4       0x6c CMakeFiles/PicoSnd.dir/home/cbmeeks/sdk/pico/pico-sdk/src/rp2_common/pico_double/double_aeabi.S.obj
                0x100032f4                __wrap___aeabi_cdrcmple
                0x10003304                __wrap___aeabi_cdcmple
                0x10003304                __wrap___aeabi_cdcmpeq
 .text.__wrap___aeabi_dcmplt
                0x10003360        0xc CMakeFiles/PicoSnd.dir/home/cbmeeks/sdk/pico/pico-sdk/src/rp2_common/pico_double/double_aeabi.S.obj
                0x10003360                __wrap___aeabi_dcmplt
 .text.__wrap___aeabi_dcmple
                0x1000336c       0x10 CMakeFiles/PicoSnd.dir/home/cbmeeks/sdk/pico/pico-sdk/src/rp2_common/pico_double/double_aeabi.S.obj
                0x1000336c                __wrap___aeabi_dcmple
 .text.__wrap___aeabi_dcmpge
                0x1000337c       0x10 CMakeFiles/PicoSnd.dir/home/cbmeeks/sdk/pico/pico-sdk/src/rp2_common/pico_double/double_aeabi.S.obj
                0x1000337c                __wrap___aeabi_dcmpge
 .text.__wrap___aeabi_dcmpgt
                0x1000338c        0xa CMakeFiles/PicoSnd.dir/home/cbmeeks/sdk/pico/pico-sdk/src/rp2_common/pico_double/double_aeabi.S.obj
                0x1000338c                __wrap___aeabi_dcmpgt
 .text.__wrap___aeabi_dcmpun
                0x10003396       0x1c CMakeFiles/PicoSnd.dir/home/cbmeeks/sdk/pico/pico-sdk/src/rp2_common/pico_double/double_aeabi.S.obj
                0x10003396                __wrap___aeabi_dcmpun
 *fill*         0x100033b2        0x2 
 .text.__wrap___aeabi_i2d
                0x100033b4       0x38 CMakeFiles/PicoSnd.dir/home/cbmeeks/sdk/pico/pico-sdk/src/rp2_common/pico_double/double_aeabi.S.obj
                0x100033b4                __wrap___aeabi_ui2d
                0x100033bc                __wrap___aeabi_i2d
 .text.__wrap___aeabi_d2iz
                0x100033ec       0x48 CMakeFiles/PicoSnd.dir/home/cbmeeks/sdk/pico/pico-sdk/src/rp2_common/pico_double/double_aeabi.S.obj
                0x100033ec                __wrap___aeabi_d2iz
                0x100033ec                double2int_z
 .text.__wrap___aeabi_d2uiz
                0x10003434       0x18 CMakeFiles/PicoSnd.dir/home/cbmeeks/sdk/pico/pico-sdk/src/rp2_common/pico_double/double_aeabi.S.obj
                0x10003434                double2uint
                0x10003434                __wrap___aeabi_d2uiz
 .text.__aeabi_double_init
                0x1000344c       0xcc CMakeFiles/PicoSnd.dir/home/cbmeeks/sdk/pico/pico-sdk/src/rp2_common/pico_double/double_init_rom.c.obj
                0x1000344c                __aeabi_double_init
 .text.double_table_shim_on_use_helper
                0x10003518       0x34 CMakeFiles/PicoSnd.dir/home/cbmeeks/sdk/pico/pico-sdk/src/rp2_common/pico_double/double_v1_rom_shim.S.obj
                0x10003518                double_table_shim_on_use_helper
 .text.__wrap___aeabi_dsub
                0x1000354c       0x10 CMakeFiles/PicoSnd.dir/home/cbmeeks/sdk/pico/pico-sdk/src/rp2_common/pico_double/double_v1_rom_shim.S.obj
                0x1000354c                drsub_shim
                0x10003552                dsub_shim
 .text.dadd_shim
                0x1000355c      0x15c CMakeFiles/PicoSnd.dir/home/cbmeeks/sdk/pico/pico-sdk/src/rp2_common/pico_double/double_v1_rom_shim.S.obj
                0x1000355c                dadd_shim
 .text.dmul_shim
                0x100036b8      0x15c CMakeFiles/PicoSnd.dir/home/cbmeeks/sdk/pico/pico-sdk/src/rp2_common/pico_double/double_v1_rom_shim.S.obj
                0x100036b8                dmul_shim
 .text.ddiv_shim
                0x10003814      0x1b0 CMakeFiles/PicoSnd.dir/home/cbmeeks/sdk/pico/pico-sdk/src/rp2_common/pico_double/double_v1_rom_shim.S.obj
                0x10003814                ddiv_shim
 .text.double2uint_shim
                0x100039c4        0xe CMakeFiles/PicoSnd.dir/home/cbmeeks/sdk/pico/pico-sdk/src/rp2_common/pico_double/double_v1_rom_shim.S.obj
                0x100039c4                double2uint_shim
                0x100039c6                double2ufix_shim
 *fill*         0x100039d2        0x2 
 .text.double2uint64_shim
                0x100039d4       0x70 CMakeFiles/PicoSnd.dir/home/cbmeeks/sdk/pico/pico-sdk/src/rp2_common/pico_double/double_v1_rom_shim.S.obj
                0x100039d4                double2uint64_shim
                0x100039d6                double2ufix64_shim
                0x100039f6                d2fix_a
 .text.dunpacks
                0x10003a44       0x3c CMakeFiles/PicoSnd.dir/home/cbmeeks/sdk/pico/pico-sdk/src/rp2_common/pico_double/double_v1_rom_shim.S.obj
                0x10003a44                dunpacks
 .text.__aeabi_lmul
                0x10003a80       0x32 CMakeFiles/PicoSnd.dir/home/cbmeeks/sdk/pico/pico-sdk/src/rp2_common/pico_int64_ops/pico_int64_ops_aeabi.S.obj
                0x10003a80                __wrap___aeabi_lmul
 *fill*         0x10003ab2        0x2 
 .text.__aeabi_float_init
                0x10003ab4       0xfc CMakeFiles/PicoSnd.dir/home/cbmeeks/sdk/pico/pico-sdk/src/rp2_common/pico_float/float_init_rom.c.obj
                0x10003ab4                __aeabi_float_init
 .text.float_table_shim_on_use_helper
                0x10003bb0       0x34 CMakeFiles/PicoSnd.dir/home/cbmeeks/sdk/pico/pico-sdk/src/rp2_common/pico_float/float_v1_rom_shim.S.obj
                0x10003bb0                float_table_shim_on_use_helper
 .text          0x10003be4       0x10 CMakeFiles/PicoSnd.dir/home/cbmeeks/sdk/pico/pico-sdk/src/rp2_common/pico_mem_ops/mem_ops_aeabi.S.obj
                0x10003be4                __aeabi_mem_init
 .text.memset   0x10003bf4        0xc CMakeFiles/PicoSnd.dir/home/cbmeeks/sdk/pico/pico-sdk/src/rp2_common/pico_mem_ops/mem_ops_aeabi.S.obj
                0x10003bf4                __wrap_memset
 .text.memcpy   0x10003c00        0xc CMakeFiles/PicoSnd.dir/home/cbmeeks/sdk/pico/pico-sdk/src/rp2_common/pico_mem_ops/mem_ops_aeabi.S.obj
                0x10003c00                __wrap___aeabi_memcpy
                0x10003c00                __wrap_memcpy
 .text.stdio_out_chars_no_crlf
                0x10003c0c        0xe CMakeFiles/PicoSnd.dir/home/cbmeeks/sdk/pico/pico-sdk/src/rp2_common/pico_stdio/stdio.c.obj
 *fill*         0x10003c1a        0x2 
 .text.stdio_out_chars_crlf
                0x10003c1c       0x80 CMakeFiles/PicoSnd.dir/home/cbmeeks/sdk/pico/pico-sdk/src/rp2_common/pico_stdio/stdio.c.obj
 .text.stdio_stack_buffer_flush
                0x10003c9c       0x44 CMakeFiles/PicoSnd.dir/home/cbmeeks/sdk/pico/pico-sdk/src/rp2_common/pico_stdio/stdio.c.obj
 .text.stdio_buffered_printer
                0x10003ce0       0x20 CMakeFiles/PicoSnd.dir/home/cbmeeks/sdk/pico/pico-sdk/src/rp2_common/pico_stdio/stdio.c.obj
 .text.update_us_since_boot
                0x10003d00       0x24 CMakeFiles/PicoSnd.dir/home/cbmeeks/sdk/pico/pico-sdk/src/rp2_common/pico_stdio/stdio.c.obj
 .text.get_absolute_time
                0x10003d24       0x22 CMakeFiles/PicoSnd.dir/home/cbmeeks/sdk/pico/pico-sdk/src/rp2_common/pico_stdio/stdio.c.obj
 *fill*         0x10003d46        0x2 
 .text.delayed_by_ms
                0x10003d48       0x44 CMakeFiles/PicoSnd.dir/home/cbmeeks/sdk/pico/pico-sdk/src/rp2_common/pico_stdio/stdio.c.obj
 .text.make_timeout_time_ms
                0x10003d8c       0x20 CMakeFiles/PicoSnd.dir/home/cbmeeks/sdk/pico/pico-sdk/src/rp2_common/pico_stdio/stdio.c.obj
 .text.stdout_serialize_begin
                0x10003dac       0x20 CMakeFiles/PicoSnd.dir/home/cbmeeks/sdk/pico/pico-sdk/src/rp2_common/pico_stdio/stdio.c.obj
                0x10003dac                stdout_serialize_begin
 .text.stdout_serialize_end
                0x10003dcc       0x10 CMakeFiles/PicoSnd.dir/home/cbmeeks/sdk/pico/pico-sdk/src/rp2_common/pico_stdio/stdio.c.obj
                0x10003dcc                stdout_serialize_end
 .text.stdio_put_string
                0x10003ddc       0x98 CMakeFiles/PicoSnd.dir/home/cbmeeks/sdk/pico/pico-sdk/src/rp2_common/pico_stdio/stdio.c.obj
 .text.stdio_flush
                0x10003e74       0x20 CMakeFiles/PicoSnd.dir/home/cbmeeks/sdk/pico/pico-sdk/src/rp2_common/pico_stdio/stdio.c.obj
                0x10003e74                stdio_flush
 .text.__wrap_puts
                0x10003e94       0x1e CMakeFiles/PicoSnd.dir/home/cbmeeks/sdk/pico/pico-sdk/src/rp2_common/pico_stdio/stdio.c.obj
                0x10003e94                __wrap_puts
 *fill*         0x10003eb2        0x2 
 .text.__wrap_vprintf
                0x10003eb4       0x40 CMakeFiles/PicoSnd.dir/home/cbmeeks/sdk/pico/pico-sdk/src/rp2_common/pico_stdio/stdio.c.obj
                0x10003eb4                __wrap_vprintf
 .text.__wrap_printf
                0x10003ef4       0x18 CMakeFiles/PicoSnd.dir/home/cbmeeks/sdk/pico/pico-sdk/src/rp2_common/pico_stdio/stdio.c.obj
                0x10003ef4                __wrap_printf
 .text._retrieve_unique_id_on_boot
                0x10003f0c       0x10 CMakeFiles/PicoSnd.dir/home/cbmeeks/sdk/pico/pico-sdk/src/rp2_common/pico_unique_id/unique_id.c.obj
 .text.flash_get_unique_id
                0x10003f1c       0x40 CMakeFiles/PicoSnd.dir/home/cbmeeks/sdk/pico/pico-sdk/src/rp2_common/hardware_flash/flash.c.obj
                0x10003f1c                flash_get_unique_id
 .text.atexit   0x10003f5c       0x10 /usr/lib/gcc/arm-none-eabi/14.1.0/../../../../arm-none-eabi/lib/thumb/v6-m/nofp/libg.a(libc_a-atexit.o)
                0x10003f5c                atexit
 .text.__libc_fini_array
                0x10003f6c       0x28 /usr/lib/gcc/arm-none-eabi/14.1.0/../../../../arm-none-eabi/lib/thumb/v6-m/nofp/libg.a(libc_a-fini.o)
                0x10003f6c                __libc_fini_array
 .text.__retarget_lock_acquire_recursive
                0x10003f94        0x4 /usr/lib/gcc/arm-none-eabi/14.1.0/../../../../arm-none-eabi/lib/thumb/v6-m/nofp/libg.a(libc_a-lock.o)
                0x10003f94                __retarget_lock_acquire_recursive
 .text.__retarget_lock_release_recursive
                0x10003f98        0x4 /usr/lib/gcc/arm-none-eabi/14.1.0/../../../../arm-none-eabi/lib/thumb/v6-m/nofp/libg.a(libc_a-lock.o)
                0x10003f98                __retarget_lock_release_recursive
 .text.strlen   0x10003f9c       0x5c /usr/lib/gcc/arm-none-eabi/14.1.0/../../../../arm-none-eabi/lib/thumb/v6-m/nofp/libg.a(libc_a-strlen-stub.o)
                0x10003f9c                strlen
 .text.__register_exitproc
                0x10003ff8       0xa8 /usr/lib/gcc/arm-none-eabi/14.1.0/../../../../arm-none-eabi/lib/thumb/v6-m/nofp/libg.a(libc_a-__atexit.o)
                0x10003ff8                __register_exitproc
 .text.startup.register_fini
                0x100040a0       0x18 /usr/lib/gcc/arm-none-eabi/14.1.0/../../../../arm-none-eabi/lib/thumb/v6-m/nofp/libg.a(libc_a-__call_atexit.o)
 *(.fini)
 .fini          0x100040b8        0x4 /usr/lib/gcc/arm-none-eabi/14.1.0/thumb/v6-m/nofp/crti.o
                0x100040b8                _fini
 *fill*         0x100040bc        0x4 
 .fini.__stub   0x100040c0       0x50 linker stubs
 *crtbegin.o(.ctors)
 *crtbegin?.o(.ctors)
 *(EXCLUDE_FILE(*crtend.o *crtend?.o) .ctors)
 *(SORT_BY_NAME(.ctors.*))
 *(.ctors)
 *crtbegin.o(.dtors)
 *crtbegin?.o(.dtors)
 *(EXCLUDE_FILE(*crtend.o *crtend?.o) .dtors)
 *(SORT_BY_NAME(.dtors.*))
 *(.dtors)
 *(.eh_frame*)
 .eh_frame      0x10004110        0x0 /usr/lib/gcc/arm-none-eabi/14.1.0/thumb/v6-m/nofp/crtbegin.o
                0x10004110                        . = ALIGN (0x4)

.glue_7         0x10004110        0x0
 .glue_7        0x10004110        0x0 linker stubs

.glue_7t        0x10004110        0x0
 .glue_7t       0x10004110        0x0 linker stubs

.vfp11_veneer   0x10004110        0x0
 .vfp11_veneer  0x10004110        0x0 linker stubs

.v4_bx          0x10004110        0x0
 .v4_bx         0x10004110        0x0 linker stubs

.iplt           0x10004110        0x0
 .iplt          0x10004110        0x0 /usr/lib/gcc/arm-none-eabi/14.1.0/thumb/v6-m/nofp/crtbegin.o

.rodata         0x10004110      0xf28
 *(EXCLUDE_FILE(*libm.a: *libc.a:*lib_a-mem*.o *libgcc.a:) .rodata*)
 .rodata.str1.4
                0x10004110      0xaae CMakeFiles/PicoSnd.dir/home/cbmeeks/sdk/pico/pico-sdk/src/common/pico_sync/mutex.c.obj
                                 0x91 (size before relaxing)
 *fill*         0x10004bbe        0x2 
 .rodata.__func__.1
                0x10004bc0        0xb CMakeFiles/PicoSnd.dir/home/cbmeeks/sdk/pico/pico-sdk/src/common/pico_sync/mutex.c.obj
 *fill*         0x10004bcb        0x1 
 .rodata.__func__.3
                0x10004bcc       0x18 CMakeFiles/PicoSnd.dir/home/cbmeeks/sdk/pico/pico-sdk/src/common/pico_sync/mutex.c.obj
 .rodata.get_entry.str1.4
                0x10004be4       0x60 CMakeFiles/PicoSnd.dir/home/cbmeeks/sdk/pico/pico-sdk/src/common/pico_time/time.c.obj
 .rodata.update_us_since_boot.str1.4
                0x10004be4       0x66 CMakeFiles/PicoSnd.dir/home/cbmeeks/sdk/pico/pico-sdk/src/common/pico_time/time.c.obj
 .rodata.ph_get_node.str1.4
                0x10004be4       0x6b CMakeFiles/PicoSnd.dir/home/cbmeeks/sdk/pico/pico-sdk/src/common/pico_time/time.c.obj
 .rodata.ph_add_child_node.str1.4
                0x10004be4       0x2e CMakeFiles/PicoSnd.dir/home/cbmeeks/sdk/pico/pico-sdk/src/common/pico_time/time.c.obj
 .rodata.ph_insert_node.str1.4
                0x10004be4        0x3 CMakeFiles/PicoSnd.dir/home/cbmeeks/sdk/pico/pico-sdk/src/common/pico_time/time.c.obj
 .rodata.ph_free_node.str1.4
                0x10004be4       0x38 CMakeFiles/PicoSnd.dir/home/cbmeeks/sdk/pico/pico-sdk/src/common/pico_time/time.c.obj
 .rodata.add_alarm_under_lock.str1.4
                0x10004be4       0x28 CMakeFiles/PicoSnd.dir/home/cbmeeks/sdk/pico/pico-sdk/src/common/pico_time/time.c.obj
 .rodata.alarm_pool_alarm_callback.str1.4
                0x10004be4       0x60 CMakeFiles/PicoSnd.dir/home/cbmeeks/sdk/pico/pico-sdk/src/common/pico_time/time.c.obj
 .rodata.alarm_pool_get_default.str1.4
                0x10004be4       0x21 CMakeFiles/PicoSnd.dir/home/cbmeeks/sdk/pico/pico-sdk/src/common/pico_time/time.c.obj
 .rodata.alarm_pool_cancel_alarm.str1.4
                0x10004be4       0x27 CMakeFiles/PicoSnd.dir/home/cbmeeks/sdk/pico/pico-sdk/src/common/pico_time/time.c.obj
 .rodata.__func__.1
                0x10004be4       0x18 CMakeFiles/PicoSnd.dir/home/cbmeeks/sdk/pico/pico-sdk/src/common/pico_time/time.c.obj
 .rodata.__func__.3
                0x10004bfc       0x17 CMakeFiles/PicoSnd.dir/home/cbmeeks/sdk/pico/pico-sdk/src/common/pico_time/time.c.obj
 *fill*         0x10004c13        0x1 
 .rodata.__func__.4
                0x10004c14       0x12 CMakeFiles/PicoSnd.dir/home/cbmeeks/sdk/pico/pico-sdk/src/common/pico_time/time.c.obj
 *fill*         0x10004c26        0x2 
 .rodata.__func__.5
                0x10004c28        0xd CMakeFiles/PicoSnd.dir/home/cbmeeks/sdk/pico/pico-sdk/src/common/pico_time/time.c.obj
 *fill*         0x10004c35        0x3 
 .rodata.__func__.6
                0x10004c38       0x12 CMakeFiles/PicoSnd.dir/home/cbmeeks/sdk/pico/pico-sdk/src/common/pico_time/time.c.obj
 *fill*         0x10004c4a        0x2 
 .rodata.__func__.7
                0x10004c4c        0xf CMakeFiles/PicoSnd.dir/home/cbmeeks/sdk/pico/pico-sdk/src/common/pico_time/time.c.obj
 *fill*         0x10004c5b        0x1 
 .rodata.__func__.8
                0x10004c5c        0xc CMakeFiles/PicoSnd.dir/home/cbmeeks/sdk/pico/pico-sdk/src/common/pico_time/time.c.obj
 .rodata.__func__.9
                0x10004c68       0x15 CMakeFiles/PicoSnd.dir/home/cbmeeks/sdk/pico/pico-sdk/src/common/pico_time/time.c.obj
 *fill*         0x10004c7d        0x3 
 .rodata.__func__.10
                0x10004c80       0x15 CMakeFiles/PicoSnd.dir/home/cbmeeks/sdk/pico/pico-sdk/src/common/pico_time/time.c.obj
 *fill*         0x10004c95        0x3 
 .rodata.__func__.11
                0x10004c98       0x1a CMakeFiles/PicoSnd.dir/home/cbmeeks/sdk/pico/pico-sdk/src/common/pico_time/time.c.obj
 *fill*         0x10004cb2        0x2 
 .rodata.__func__.12
                0x10004cb4        0xa CMakeFiles/PicoSnd.dir/home/cbmeeks/sdk/pico/pico-sdk/src/common/pico_time/time.c.obj
 .rodata.hardware_alarm_claim.str1.4
                0x10004cbe       0x22 CMakeFiles/PicoSnd.dir/home/cbmeeks/sdk/pico/pico-sdk/src/rp2_common/hardware_timer/timer.c.obj
 .rodata.hardware_alarm_set_target.str1.4
                0x10004cbe       0x6a CMakeFiles/PicoSnd.dir/home/cbmeeks/sdk/pico/pico-sdk/src/rp2_common/hardware_timer/timer.c.obj
 *fill*         0x10004cbe        0x2 
 .rodata.__func__.0
                0x10004cc0       0x1a CMakeFiles/PicoSnd.dir/home/cbmeeks/sdk/pico/pico-sdk/src/rp2_common/hardware_timer/timer.c.obj
 .rodata.resolve_branch.str1.4
                0x10004cda       0x5a CMakeFiles/PicoSnd.dir/home/cbmeeks/sdk/pico/pico-sdk/src/rp2_common/hardware_irq/irq.c.obj
 .rodata.make_branch.str1.4
                0x10004cda       0x30 CMakeFiles/PicoSnd.dir/home/cbmeeks/sdk/pico/pico-sdk/src/rp2_common/hardware_irq/irq.c.obj
 .rodata.insert_branch_and_link.str1.4
                0x10004cda       0x10 CMakeFiles/PicoSnd.dir/home/cbmeeks/sdk/pico/pico-sdk/src/rp2_common/hardware_irq/irq.c.obj
 .rodata.irq_set_exclusive_handler.str1.4
                0x10004cda       0x36 CMakeFiles/PicoSnd.dir/home/cbmeeks/sdk/pico/pico-sdk/src/rp2_common/hardware_irq/irq.c.obj
 .rodata.irq_remove_handler.str1.4
                0x10004cda       0x3a CMakeFiles/PicoSnd.dir/home/cbmeeks/sdk/pico/pico-sdk/src/rp2_common/hardware_irq/irq.c.obj
 .rodata.irq_add_tail_to_free_list.str1.4
                0x10004cda       0x3a CMakeFiles/PicoSnd.dir/home/cbmeeks/sdk/pico/pico-sdk/src/rp2_common/hardware_irq/irq.c.obj
 *fill*         0x10004cda        0x2 
 .rodata.__func__.0
                0x10004cdc       0x1a CMakeFiles/PicoSnd.dir/home/cbmeeks/sdk/pico/pico-sdk/src/rp2_common/hardware_irq/irq.c.obj
 *fill*         0x10004cf6        0x2 
 .rodata.__func__.1
                0x10004cf8       0x17 CMakeFiles/PicoSnd.dir/home/cbmeeks/sdk/pico/pico-sdk/src/rp2_common/hardware_irq/irq.c.obj
 *fill*         0x10004d0f        0x1 
 .rodata.__func__.2
                0x10004d10       0x13 CMakeFiles/PicoSnd.dir/home/cbmeeks/sdk/pico/pico-sdk/src/rp2_common/hardware_irq/irq.c.obj
 *fill*         0x10004d23        0x1 
 .rodata.__func__.3
                0x10004d24        0xc CMakeFiles/PicoSnd.dir/home/cbmeeks/sdk/pico/pico-sdk/src/rp2_common/hardware_irq/irq.c.obj
 .rodata.__func__.4
                0x10004d30        0xf CMakeFiles/PicoSnd.dir/home/cbmeeks/sdk/pico/pico-sdk/src/rp2_common/hardware_irq/irq.c.obj
 *fill*         0x10004d3f        0x1 
 .rodata.__func__.6
                0x10004d40       0x1a CMakeFiles/PicoSnd.dir/home/cbmeeks/sdk/pico/pico-sdk/src/rp2_common/hardware_irq/irq.c.obj
 .rodata.ph_get_node.str1.4
                0x10004d5a       0x6b CMakeFiles/PicoSnd.dir/home/cbmeeks/sdk/pico/pico-sdk/src/common/pico_util/pheap.c.obj
 .rodata.ph_add_child_node.str1.4
                0x10004d5a       0x2e CMakeFiles/PicoSnd.dir/home/cbmeeks/sdk/pico/pico-sdk/src/common/pico_util/pheap.c.obj
 .rodata.ph_remove_any_head.str1.4
                0x10004d5a       0xa8 CMakeFiles/PicoSnd.dir/home/cbmeeks/sdk/pico/pico-sdk/src/common/pico_util/pheap.c.obj
 .rodata.ph_remove_and_free_node.str1.4
                0x10004d5a       0x26 CMakeFiles/PicoSnd.dir/home/cbmeeks/sdk/pico/pico-sdk/src/common/pico_util/pheap.c.obj
 *fill*         0x10004d5a        0x2 
 .rodata.__func__.0
                0x10004d5c       0x18 CMakeFiles/PicoSnd.dir/home/cbmeeks/sdk/pico/pico-sdk/src/common/pico_util/pheap.c.obj
 .rodata.__func__.1
                0x10004d74       0x13 CMakeFiles/PicoSnd.dir/home/cbmeeks/sdk/pico/pico-sdk/src/common/pico_util/pheap.c.obj
 *fill*         0x10004d87        0x1 
 .rodata.__func__.2
                0x10004d88       0x12 CMakeFiles/PicoSnd.dir/home/cbmeeks/sdk/pico/pico-sdk/src/common/pico_util/pheap.c.obj
 *fill*         0x10004d9a        0x2 
 .rodata.__func__.3
                0x10004d9c        0xc CMakeFiles/PicoSnd.dir/home/cbmeeks/sdk/pico/pico-sdk/src/common/pico_util/pheap.c.obj
 .rodata.clock_configure.str1.4
                0x10004da8       0x5c CMakeFiles/PicoSnd.dir/home/cbmeeks/sdk/pico/pico-sdk/src/rp2_common/hardware_clocks/clocks.c.obj
 .rodata.__func__.1
                0x10004da8       0x10 CMakeFiles/PicoSnd.dir/home/cbmeeks/sdk/pico/pico-sdk/src/rp2_common/hardware_clocks/clocks.c.obj
 .rodata.pll_init.str1.4
                0x10004db8      0x128 CMakeFiles/PicoSnd.dir/home/cbmeeks/sdk/pico/pico-sdk/src/rp2_common/hardware_pll/pll.c.obj
 .rodata.__func__.0
                0x10004db8        0x9 CMakeFiles/PicoSnd.dir/home/cbmeeks/sdk/pico/pico-sdk/src/rp2_common/hardware_pll/pll.c.obj
 .rodata.__assert_func.str1.4
                0x10004dc1       0x43 CMakeFiles/PicoSnd.dir/home/cbmeeks/sdk/pico/pico-sdk/src/rp2_common/pico_runtime/runtime.c.obj
 .rodata.runtime_init.str1.4
                0x10004dc1       0x66 CMakeFiles/PicoSnd.dir/home/cbmeeks/sdk/pico/pico-sdk/src/rp2_common/pico_runtime/runtime.c.obj
 .rodata.panic.str1.4
                0x10004dc1       0x12 CMakeFiles/PicoSnd.dir/home/cbmeeks/sdk/pico/pico-sdk/src/rp2_common/pico_runtime/runtime.c.obj
 *fill*         0x10004dc1        0x3 
 .rodata.__func__.2
                0x10004dc4        0xd CMakeFiles/PicoSnd.dir/home/cbmeeks/sdk/pico/pico-sdk/src/rp2_common/pico_runtime/runtime.c.obj
 .rodata._ftoa.str1.4
                0x10004dd1       0x15 CMakeFiles/PicoSnd.dir/home/cbmeeks/sdk/pico/pico-sdk/src/rp2_common/pico_printf/printf.c.obj
 *fill*         0x10004dd1        0x3 
 .rodata._vsnprintf
                0x10004dd4      0x19c CMakeFiles/PicoSnd.dir/home/cbmeeks/sdk/pico/pico-sdk/src/rp2_common/pico_printf/printf.c.obj
 .rodata.pow10.0
                0x10004f70       0x50 CMakeFiles/PicoSnd.dir/home/cbmeeks/sdk/pico/pico-sdk/src/rp2_common/pico_printf/printf.c.obj
 .rodata.__aeabi_double_init.str1.4
                0x10004fc0       0xa1 CMakeFiles/PicoSnd.dir/home/cbmeeks/sdk/pico/pico-sdk/src/rp2_common/pico_double/double_init_rom.c.obj
 .rodata.__func__.0
                0x10004fc0       0x14 CMakeFiles/PicoSnd.dir/home/cbmeeks/sdk/pico/pico-sdk/src/rp2_common/pico_double/double_init_rom.c.obj
 .rodata.__aeabi_float_init.str1.4
                0x10004fd4       0x83 CMakeFiles/PicoSnd.dir/home/cbmeeks/sdk/pico/pico-sdk/src/rp2_common/pico_float/float_init_rom.c.obj
 .rodata.__func__.0
                0x10004fd4       0x13 CMakeFiles/PicoSnd.dir/home/cbmeeks/sdk/pico/pico-sdk/src/rp2_common/pico_float/float_init_rom.c.obj
 .rodata.str1.4
                0x10004fe7       0x3c CMakeFiles/PicoSnd.dir/home/cbmeeks/sdk/pico/pico-sdk/src/rp2_common/pico_standard_link/binary_info.c.obj
 *fill*         0x10004fe7        0x1 
 .rodata.__bi_81
                0x10004fe8        0xc CMakeFiles/PicoSnd.dir/home/cbmeeks/sdk/pico/pico-sdk/src/rp2_common/pico_standard_link/binary_info.c.obj
 .rodata.__bi_75
                0x10004ff4        0xc CMakeFiles/PicoSnd.dir/home/cbmeeks/sdk/pico/pico-sdk/src/rp2_common/pico_standard_link/binary_info.c.obj
 .rodata.__bi_44
                0x10005000        0xc CMakeFiles/PicoSnd.dir/home/cbmeeks/sdk/pico/pico-sdk/src/rp2_common/pico_standard_link/binary_info.c.obj
 .rodata.update_us_since_boot.str1.4
                0x1000500c       0x66 CMakeFiles/PicoSnd.dir/home/cbmeeks/sdk/pico/pico-sdk/src/rp2_common/pico_stdio/stdio.c.obj
 .rodata.crlf_str.2
                0x1000500c        0x2 CMakeFiles/PicoSnd.dir/home/cbmeeks/sdk/pico/pico-sdk/src/rp2_common/pico_stdio/stdio.c.obj
 *fill*         0x1000500e        0x2 
 .rodata.__func__.3
                0x10005010       0x15 CMakeFiles/PicoSnd.dir/home/cbmeeks/sdk/pico/pico-sdk/src/rp2_common/pico_stdio/stdio.c.obj
 .rodata.str1.4
                0x10005025      0x15e CMakeFiles/PicoSnd.dir/home/cbmeeks/sdk/pico/pico-sdk/src/rp2_common/hardware_flash/flash.c.obj
 *fill*         0x10005025        0x3 
 .rodata.__func__.0
                0x10005028        0xd CMakeFiles/PicoSnd.dir/home/cbmeeks/sdk/pico/pico-sdk/src/rp2_common/hardware_flash/flash.c.obj
                0x10005038                        . = ALIGN (0x4)
 *fill*         0x10005035        0x3 
 *(SORT_BY_ALIGNMENT(SORT_BY_NAME(.flashdata*)))
                0x10005038                        . = ALIGN (0x4)

.ARM.extab
 *(.ARM.extab* .gnu.linkonce.armextab.*)
                0x10005038                        __exidx_start = .

.ARM.exidx
 *(.ARM.exidx* .gnu.linkonce.armexidx.*)
                0x10005038                        __exidx_end = .
                0x10005038                        . = ALIGN (0x4)
                0x10005038                        __binary_info_start = .

.binary_info    0x10005038       0x1c
 *(.binary_info.keep.*)
 .binary_info.keep.__bi_ptr81
                0x10005038        0x4 CMakeFiles/PicoSnd.dir/home/cbmeeks/sdk/pico/pico-sdk/src/rp2_common/pico_standard_link/binary_info.c.obj
 .binary_info.keep.__bi_ptr75
                0x1000503c        0x4 CMakeFiles/PicoSnd.dir/home/cbmeeks/sdk/pico/pico-sdk/src/rp2_common/pico_standard_link/binary_info.c.obj
 .binary_info.keep.__bi_ptr50
                0x10005040        0x4 CMakeFiles/PicoSnd.dir/home/cbmeeks/sdk/pico/pico-sdk/src/rp2_common/pico_standard_link/binary_info.c.obj
 .binary_info.keep.__bi_ptr44
                0x10005044        0x4 CMakeFiles/PicoSnd.dir/home/cbmeeks/sdk/pico/pico-sdk/src/rp2_common/pico_standard_link/binary_info.c.obj
 .binary_info.keep.__bi_ptr38
                0x10005048        0x4 CMakeFiles/PicoSnd.dir/home/cbmeeks/sdk/pico/pico-sdk/src/rp2_common/pico_standard_link/binary_info.c.obj
 .binary_info.keep.__bi_ptr30
                0x1000504c        0x4 CMakeFiles/PicoSnd.dir/home/cbmeeks/sdk/pico/pico-sdk/src/rp2_common/pico_standard_link/binary_info.c.obj
 .binary_info.keep.__bi_ptr22
                0x10005050        0x4 CMakeFiles/PicoSnd.dir/home/cbmeeks/sdk/pico/pico-sdk/src/rp2_common/pico_standard_link/binary_info.c.obj
 *(.binary_info.*)
                0x10005054                        __binary_info_end = .

.rel.dyn        0x10005054        0x0
 .rel.iplt      0x10005054        0x0 /usr/lib/gcc/arm-none-eabi/14.1.0/thumb/v6-m/nofp/crtbegin.o
                0x10005054                        . = ALIGN (0x4)

.ram_vector_table
                0x20000000       0xc0
 *(.ram_vector_table)
 .ram_vector_table
                0x20000000       0xc0 CMakeFiles/PicoSnd.dir/home/cbmeeks/sdk/pico/pico-sdk/src/rp2_common/pico_runtime/runtime.c.obj
                0x20000000                ram_vector_table

.data           0x200000c0      0x380 load address 0x10005054
                0x200000c0                        __data_start__ = .
 *(vtable)
 *(.time_critical*)
 .time_critical.mutex_try_enter
                0x200000c0       0x46 CMakeFiles/PicoSnd.dir/home/cbmeeks/sdk/pico/pico-sdk/src/common/pico_sync/mutex.c.obj
                0x200000c0                mutex_try_enter
 *fill*         0x20000106        0x2 
 .time_critical.mutex_enter_block_until
                0x20000108       0x8c CMakeFiles/PicoSnd.dir/home/cbmeeks/sdk/pico/pico-sdk/src/common/pico_sync/mutex.c.obj
                0x20000108                mutex_enter_block_until
 .time_critical.mutex_try_enter_block_until
                0x20000194       0x34 CMakeFiles/PicoSnd.dir/home/cbmeeks/sdk/pico/pico-sdk/src/common/pico_sync/mutex.c.obj
                0x20000194                mutex_try_enter_block_until
 .time_critical.mutex_exit
                0x200001c8       0x4c CMakeFiles/PicoSnd.dir/home/cbmeeks/sdk/pico/pico-sdk/src/common/pico_sync/mutex.c.obj
                0x200001c8                mutex_exit
 .time_critical.flash_init_boot2_copyout
                0x20000214       0x30 CMakeFiles/PicoSnd.dir/home/cbmeeks/sdk/pico/pico-sdk/src/rp2_common/hardware_flash/flash.c.obj
 .time_critical.flash_enable_xip_via_boot2
                0x20000244        0xc CMakeFiles/PicoSnd.dir/home/cbmeeks/sdk/pico/pico-sdk/src/rp2_common/hardware_flash/flash.c.obj
 .time_critical.flash_cs_force
                0x20000250       0x28 CMakeFiles/PicoSnd.dir/home/cbmeeks/sdk/pico/pico-sdk/src/rp2_common/hardware_flash/flash.c.obj
 .time_critical.flash_do_cmd
                0x20000278       0xd8 CMakeFiles/PicoSnd.dir/home/cbmeeks/sdk/pico/pico-sdk/src/rp2_common/hardware_flash/flash.c.obj
                0x20000278                flash_do_cmd
 *(.text*)
 .text          0x20000350        0x4 /usr/lib/gcc/arm-none-eabi/14.1.0/thumb/v6-m/nofp/libgcc.a(_dvmd_tls.o)
                0x20000350                __aeabi_ldiv0
                0x20000350                __aeabi_idiv0
 *fill*         0x20000354        0x4 
 .text.__stub   0x20000358       0x20 linker stubs
                0x20000378                        . = ALIGN (0x4)
 *(.rodata*)
                0x20000378                        . = ALIGN (0x4)
 *(.data*)
 .data.default_alarm_pool
                0x20000378       0x18 CMakeFiles/PicoSnd.dir/home/cbmeeks/sdk/pico/pico-sdk/src/common/pico_time/time.c.obj
 .data.default_alarm_pool_heap
                0x20000390       0x10 CMakeFiles/PicoSnd.dir/home/cbmeeks/sdk/pico/pico-sdk/src/common/pico_time/time.c.obj
 .data.striped_spin_lock_num
                0x200003a0        0x1 CMakeFiles/PicoSnd.dir/home/cbmeeks/sdk/pico/pico-sdk/src/rp2_common/hardware_sync/sync.c.obj
 *fill*         0x200003a1        0x3 
 .data          0x200003a4       0x48 CMakeFiles/PicoSnd.dir/home/cbmeeks/sdk/pico/pico-sdk/src/rp2_common/hardware_irq/irq_handler_chain.S.obj
                0x200003a4                irq_handler_chain_slots
                0x200003d4                irq_handler_chain_first_slot
                0x200003de                irq_handler_chain_remove_tail
 *fill*         0x200003ec        0x4 
 .data.aeabi_bits_funcs
                0x200003f0       0x10 CMakeFiles/PicoSnd.dir/home/cbmeeks/sdk/pico/pico-sdk/src/rp2_common/pico_bit_ops/bit_ops_aeabi.S.obj
                0x200003f0                aeabi_bits_funcs
                0x20000400                aeabi_bits_funcs_end
 .data.aeabi_mem_funcs
                0x20000400       0x10 CMakeFiles/PicoSnd.dir/home/cbmeeks/sdk/pico/pico-sdk/src/rp2_common/pico_mem_ops/mem_ops_aeabi.S.obj
                0x20000400                aeabi_mem_funcs
                0x20000410                aeabi_mem_funcs_end
 .data.__atexit_recursive_mutex
                0x20000410        0x4 /usr/lib/gcc/arm-none-eabi/14.1.0/../../../../arm-none-eabi/lib/thumb/v6-m/nofp/libg.a(libc_a-__call_atexit.o)
                0x20000410                __atexit_recursive_mutex
                0x20000414                        . = ALIGN (0x4)
 *(.after_data.*)
                0x20000414                        . = ALIGN (0x4)
                0x20000414                        PROVIDE (__mutex_array_start = .)
 *(SORT_BY_NAME(.mutex_array.*))
 *(.mutex_array)
 .mutex_array   0x20000414        0x8 CMakeFiles/PicoSnd.dir/home/cbmeeks/sdk/pico/pico-sdk/src/rp2_common/pico_malloc/pico_malloc.c.obj
 .mutex_array   0x2000041c        0x8 CMakeFiles/PicoSnd.dir/home/cbmeeks/sdk/pico/pico-sdk/src/rp2_common/pico_stdio/stdio.c.obj
                0x20000424                        PROVIDE (__mutex_array_end = .)
                0x20000424                        . = ALIGN (0x4)
                0x20000424                        PROVIDE (__preinit_array_start = .)
 *(SORT_BY_NAME(.preinit_array.*))
 .preinit_array.00001
                0x20000424        0x4 CMakeFiles/PicoSnd.dir/home/cbmeeks/sdk/pico/pico-sdk/src/rp2_common/pico_mem_ops/mem_ops_aeabi.S.obj
 .preinit_array.00010
                0x20000428        0x4 CMakeFiles/PicoSnd.dir/home/cbmeeks/sdk/pico/pico-sdk/src/rp2_common/pico_bit_ops/bit_ops_aeabi.S.obj
 .preinit_array.00020
                0x2000042c        0x4 CMakeFiles/PicoSnd.dir/home/cbmeeks/sdk/pico/pico-sdk/src/rp2_common/pico_double/double_aeabi.S.obj
 .preinit_array.00020
                0x20000430        0x4 CMakeFiles/PicoSnd.dir/home/cbmeeks/sdk/pico/pico-sdk/src/rp2_common/pico_float/float_aeabi.S.obj
 *(.preinit_array)
                0x20000434                        PROVIDE (__preinit_array_end = .)
                0x20000434                        . = ALIGN (0x4)
                0x20000434                        PROVIDE (__init_array_start = .)
 *(SORT_BY_NAME(.init_array.*))
 .init_array.00000
                0x20000434        0x4 /usr/lib/gcc/arm-none-eabi/14.1.0/../../../../arm-none-eabi/lib/thumb/v6-m/nofp/libg.a(libc_a-__call_atexit.o)
 *(.init_array)
 .init_array    0x20000438        0x4 /usr/lib/gcc/arm-none-eabi/14.1.0/thumb/v6-m/nofp/crtbegin.o
 .init_array    0x2000043c        0x4 CMakeFiles/PicoSnd.dir/home/cbmeeks/sdk/pico/pico-sdk/src/rp2_common/pico_unique_id/unique_id.c.obj
                0x20000440                        PROVIDE (__init_array_end = .)
                0x20000440                        . = ALIGN (0x4)
                0x20000440                        PROVIDE (__fini_array_start = .)
 *(SORT_BY_NAME(.fini_array.*))
 *(.fini_array)
                0x20000440                        PROVIDE (__fini_array_end = .)
 *(.jcr)
                0x20000440                        . = ALIGN (0x4)
                0x20000440                        __data_end__ = .
                0x10005054                        __etext = LOADADDR (.data)

.tm_clone_table
                0x20000440        0x0 load address 0x100053d4
 .tm_clone_table
                0x20000440        0x0 /usr/lib/gcc/arm-none-eabi/14.1.0/thumb/v6-m/nofp/crtbegin.o
 .tm_clone_table
                0x20000440        0x0 /usr/lib/gcc/arm-none-eabi/14.1.0/thumb/v6-m/nofp/crtend.o

.igot.plt       0x20000440        0x0 load address 0x100053d4
 .igot.plt      0x20000440        0x0 /usr/lib/gcc/arm-none-eabi/14.1.0/thumb/v6-m/nofp/crtbegin.o

.uninitialized_data
                0x20000440        0x0 load address 0x100053d4
                0x20000440                        . = ALIGN (0x4)
 *(.uninitialized_data*)

.scratch_x      0x20040000        0x0 load address 0x100053d4
                0x20040000                        __scratch_x_start__ = .
 *(.scratch_x.*)
                0x20040000                        . = ALIGN (0x4)
                0x20040000                        __scratch_x_end__ = .
                0x100053d4                        __scratch_x_source__ = LOADADDR (.scratch_x)

.scratch_y      0x20041000        0x0 load address 0x100053d4
                0x20041000                        __scratch_y_start__ = .
 *(.scratch_y.*)
                0x20041000                        . = ALIGN (0x4)
                0x20041000                        __scratch_y_end__ = .
                0x100053d4                        __scratch_y_source__ = LOADADDR (.scratch_y)

.bss            0x20000440      0x668
                0x20000440                        . = ALIGN (0x4)
                0x20000440                        __bss_start__ = .
 *(SORT_BY_ALIGNMENT(SORT_BY_NAME(.bss*)))
 .bss.default_alarm_pool_entries
                0x20000440      0x100 CMakeFiles/PicoSnd.dir/home/cbmeeks/sdk/pico/pico-sdk/src/common/pico_time/time.c.obj
 .bss           0x20000540       0x1c /usr/lib/gcc/arm-none-eabi/14.1.0/thumb/v6-m/nofp/crtbegin.o
 .bss.__atexit  0x2000055c        0x4 /usr/lib/gcc/arm-none-eabi/14.1.0/../../../../arm-none-eabi/lib/thumb/v6-m/nofp/libg.a(libc_a-__call_atexit.o)
                0x2000055c                __atexit
 .bss.__atexit0
                0x20000560      0x190 /usr/lib/gcc/arm-none-eabi/14.1.0/../../../../arm-none-eabi/lib/thumb/v6-m/nofp/libg.a(libc_a-__atexit.o)
                0x20000560                __atexit0
 .bss.__lock___atexit_recursive_mutex
                0x200006f0        0x1 /usr/lib/gcc/arm-none-eabi/14.1.0/../../../../arm-none-eabi/lib/thumb/v6-m/nofp/libg.a(libc_a-lock.o)
                0x200006f0                __lock___atexit_recursive_mutex
 *fill*         0x200006f1        0x3 
 .bss.alarm_callbacks
                0x200006f4       0x10 CMakeFiles/PicoSnd.dir/home/cbmeeks/sdk/pico/pico-sdk/src/rp2_common/hardware_timer/timer.c.obj
 .bss.boot2_copyout
                0x20000704      0x100 CMakeFiles/PicoSnd.dir/home/cbmeeks/sdk/pico/pico-sdk/src/rp2_common/hardware_flash/flash.c.obj
 .bss.configured_freq
                0x20000804       0x28 CMakeFiles/PicoSnd.dir/home/cbmeeks/sdk/pico/pico-sdk/src/rp2_common/hardware_clocks/clocks.c.obj
 .bss.default_alarm_pool_entry_ids_high
                0x2000082c       0x10 CMakeFiles/PicoSnd.dir/home/cbmeeks/sdk/pico/pico-sdk/src/common/pico_time/time.c.obj
 .bss.default_alarm_pool_heap_nodes
                0x2000083c       0x30 CMakeFiles/PicoSnd.dir/home/cbmeeks/sdk/pico/pico-sdk/src/common/pico_time/time.c.obj
 .bss.drivers   0x2000086c        0x4 CMakeFiles/PicoSnd.dir/home/cbmeeks/sdk/pico/pico-sdk/src/rp2_common/pico_stdio/stdio.c.obj
 .bss.filter    0x20000870        0x4 CMakeFiles/PicoSnd.dir/home/cbmeeks/sdk/pico/pico-sdk/src/rp2_common/pico_stdio/stdio.c.obj
 .bss.pools     0x20000874       0x10 CMakeFiles/PicoSnd.dir/home/cbmeeks/sdk/pico/pico-sdk/src/common/pico_time/time.c.obj
 .bss.retrieved_id
                0x20000884        0x8 CMakeFiles/PicoSnd.dir/home/cbmeeks/sdk/pico/pico-sdk/src/rp2_common/pico_unique_id/unique_id.c.obj
 .bss.sd_table  0x2000088c      0x100 CMakeFiles/PicoSnd.dir/home/cbmeeks/sdk/pico/pico-sdk/src/rp2_common/pico_double/double_init_rom.c.obj
                0x2000088c                sd_table
 .bss.sf_clz_func
                0x2000098c        0x4 CMakeFiles/PicoSnd.dir/home/cbmeeks/sdk/pico/pico-sdk/src/rp2_common/pico_double/double_init_rom.c.obj
                0x2000098c                sf_clz_func
 .bss.sf_table  0x20000990      0x100 CMakeFiles/PicoSnd.dir/home/cbmeeks/sdk/pico/pico-sdk/src/rp2_common/pico_float/float_init_rom.c.obj
                0x20000990                sf_table
 .bss.sleep_notifier
                0x20000a90        0x4 CMakeFiles/PicoSnd.dir/home/cbmeeks/sdk/pico/pico-sdk/src/common/pico_time/time.c.obj
 .bss.target_hi
                0x20000a94       0x10 CMakeFiles/PicoSnd.dir/home/cbmeeks/sdk/pico/pico-sdk/src/rp2_common/hardware_timer/timer.c.obj
 .bss.boot2_copyout_valid
                0x20000aa4        0x1 CMakeFiles/PicoSnd.dir/home/cbmeeks/sdk/pico/pico-sdk/src/rp2_common/hardware_flash/flash.c.obj
 .bss.claimed   0x20000aa5        0x1 CMakeFiles/PicoSnd.dir/home/cbmeeks/sdk/pico/pico-sdk/src/rp2_common/hardware_timer/timer.c.obj
 .bss.irq_hander_chain_free_slot_head
                0x20000aa6        0x1 CMakeFiles/PicoSnd.dir/home/cbmeeks/sdk/pico/pico-sdk/src/rp2_common/hardware_irq/irq.c.obj
 .bss.timer_callbacks_pending
                0x20000aa7        0x1 CMakeFiles/PicoSnd.dir/home/cbmeeks/sdk/pico/pico-sdk/src/rp2_common/hardware_timer/timer.c.obj
 *(COMMON)
                0x20000aa8                        . = ALIGN (0x4)
                0x20000aa8                        __bss_end__ = .

.heap           0x20000aa8      0x800
                0x20000aa8                        __end__ = .
                0x20000aa8                        end = __end__
 *(.heap*)
 .heap          0x20000aa8      0x800 CMakeFiles/PicoSnd.dir/home/cbmeeks/sdk/pico/pico-sdk/src/rp2_common/pico_standard_link/crt0.S.obj
                0x200012a8                        __HeapLimit = .

.stack1_dummy   0x20040000      0x800
 *(.stack1*)
 .stack1        0x20040000      0x800 CMakeFiles/PicoSnd.dir/home/cbmeeks/sdk/pico/pico-sdk/src/rp2_common/pico_multicore/multicore.c.obj

.stack_dummy    0x20041000      0x800
 *(.stack*)
 .stack         0x20041000      0x800 CMakeFiles/PicoSnd.dir/home/cbmeeks/sdk/pico/pico-sdk/src/rp2_common/pico_standard_link/crt0.S.obj

.flash_end      0x100053d4        0x0
                0x100053d4                        PROVIDE (__flash_binary_end = .)
                0x20040000                        __StackLimit = (ORIGIN (RAM) + LENGTH (RAM))
                0x20041000                        __StackOneTop = (ORIGIN (SCRATCH_X) + LENGTH (SCRATCH_X))
                0x20042000                        __StackTop = (ORIGIN (SCRATCH_Y) + LENGTH (SCRATCH_Y))
                0x20040800                        __StackOneBottom = (__StackOneTop - SIZEOF (.stack1_dummy))
                0x20041800                        __StackBottom = (__StackTop - SIZEOF (.stack_dummy))
                0x20042000                        PROVIDE (__stack = __StackTop)
                0x00000001                        ASSERT ((__StackLimit >= __HeapLimit), region RAM overflowed)
                0x00000001                        ASSERT (((__binary_info_header_end - __logical_binary_start) <= 0x100), Binary info must be in first 256 bytes of the binary)
LOAD CMakeFiles/PicoSnd.dir/main.c.obj
LOAD CMakeFiles/PicoSnd.dir/audio.c.obj
LOAD CMakeFiles/PicoSnd.dir/vgm.c.obj
LOAD CMakeFiles/PicoSnd.dir/home/cbmeeks/sdk/pico/pico-sdk/src/rp2_common/pico_multicore/multicore.c.obj
LOAD CMakeFiles/PicoSnd.dir/home/cbmeeks/sdk/pico/pico-sdk/src/common/pico_sync/sem.c.obj
LOAD CMakeFiles/PicoSnd.dir/home/cbmeeks/sdk/pico/pico-sdk/src/common/pico_sync/lock_core.c.obj
LOAD CMakeFiles/PicoSnd.dir/home/cbmeeks/sdk/pico/pico-sdk/src/common/pico_sync/mutex.c.obj
LOAD CMakeFiles/PicoSnd.dir/home/cbmeeks/sdk/pico/pico-sdk/src/common/pico_sync/critical_section.c.obj
LOAD CMakeFiles/PicoSnd.dir/home/cbmeeks/sdk/pico/pico-sdk/src/common/pico_time/time.c.obj
LOAD CMakeFiles/PicoSnd.dir/home/cbmeeks/sdk/pico/pico-sdk/src/common/pico_time/timeout_helper.c.obj
LOAD CMakeFiles/PicoSnd.dir/home/cbmeeks/sdk/pico/pico-sdk/src/rp2_common/hardware_timer/timer.c.obj
LOAD CMakeFiles/PicoSnd.dir/home/cbmeeks/sdk/pico/pico-sdk/src/rp2_common/pico_platform/platform.c.obj
LOAD CMakeFiles/PicoSnd.dir/home/cbmeeks/sdk/pico/pico-sdk/src/rp2_common/hardware_claim/claim.c.obj
LOAD CMakeFiles/PicoSnd.dir/home/cbmeeks/sdk/pico/pico-sdk/src/rp2_common/hardware_sync/sync.c.obj
LOAD CMakeFiles/PicoSnd.dir/home/cbmeeks/sdk/pico/pico-sdk/src/rp2_common/hardware_irq/irq.c.obj
LOAD CMakeFiles/PicoSnd.dir/home/cbmeeks/sdk/pico/pico-sdk/src/rp2_common/hardware_irq/irq_handler_chain.S.obj
LOAD CMakeFiles/PicoSnd.dir/home/cbmeeks/sdk/pico/pico-sdk/src/common/pico_util/datetime.c.obj
LOAD CMakeFiles/PicoSnd.dir/home/cbmeeks/sdk/pico/pico-sdk/src/common/pico_util/pheap.c.obj
LOAD CMakeFiles/PicoSnd.dir/home/cbmeeks/sdk/pico/pico-sdk/src/common/pico_util/queue.c.obj
LOAD CMakeFiles/PicoSnd.dir/home/cbmeeks/sdk/pico/pico-sdk/src/rp2_common/pico_stdlib/stdlib.c.obj
LOAD CMakeFiles/PicoSnd.dir/home/cbmeeks/sdk/pico/pico-sdk/src/rp2_common/hardware_gpio/gpio.c.obj
LOAD CMakeFiles/PicoSnd.dir/home/cbmeeks/sdk/pico/pico-sdk/src/rp2_common/hardware_uart/uart.c.obj
LOAD CMakeFiles/PicoSnd.dir/home/cbmeeks/sdk/pico/pico-sdk/src/rp2_common/hardware_clocks/clocks.c.obj
LOAD CMakeFiles/PicoSnd.dir/home/cbmeeks/sdk/pico/pico-sdk/src/rp2_common/hardware_pll/pll.c.obj
LOAD CMakeFiles/PicoSnd.dir/home/cbmeeks/sdk/pico/pico-sdk/src/rp2_common/hardware_vreg/vreg.c.obj
LOAD CMakeFiles/PicoSnd.dir/home/cbmeeks/sdk/pico/pico-sdk/src/rp2_common/hardware_watchdog/watchdog.c.obj
LOAD CMakeFiles/PicoSnd.dir/home/cbmeeks/sdk/pico/pico-sdk/src/rp2_common/hardware_xosc/xosc.c.obj
LOAD CMakeFiles/PicoSnd.dir/home/cbmeeks/sdk/pico/pico-sdk/src/rp2_common/hardware_divider/divider.S.obj
LOAD CMakeFiles/PicoSnd.dir/home/cbmeeks/sdk/pico/pico-sdk/src/rp2_common/pico_runtime/runtime.c.obj
LOAD CMakeFiles/PicoSnd.dir/home/cbmeeks/sdk/pico/pico-sdk/src/rp2_common/pico_printf/printf.c.obj
LOAD CMakeFiles/PicoSnd.dir/home/cbmeeks/sdk/pico/pico-sdk/src/rp2_common/pico_bit_ops/bit_ops_aeabi.S.obj
LOAD CMakeFiles/PicoSnd.dir/home/cbmeeks/sdk/pico/pico-sdk/src/rp2_common/pico_bootrom/bootrom.c.obj
LOAD CMakeFiles/PicoSnd.dir/home/cbmeeks/sdk/pico/pico-sdk/src/rp2_common/pico_divider/divider.S.obj
LOAD CMakeFiles/PicoSnd.dir/home/cbmeeks/sdk/pico/pico-sdk/src/rp2_common/pico_double/double_aeabi.S.obj
LOAD CMakeFiles/PicoSnd.dir/home/cbmeeks/sdk/pico/pico-sdk/src/rp2_common/pico_double/double_init_rom.c.obj
LOAD CMakeFiles/PicoSnd.dir/home/cbmeeks/sdk/pico/pico-sdk/src/rp2_common/pico_double/double_math.c.obj
LOAD CMakeFiles/PicoSnd.dir/home/cbmeeks/sdk/pico/pico-sdk/src/rp2_common/pico_double/double_v1_rom_shim.S.obj
LOAD CMakeFiles/PicoSnd.dir/home/cbmeeks/sdk/pico/pico-sdk/src/rp2_common/pico_int64_ops/pico_int64_ops_aeabi.S.obj
LOAD CMakeFiles/PicoSnd.dir/home/cbmeeks/sdk/pico/pico-sdk/src/rp2_common/pico_float/float_aeabi.S.obj
LOAD CMakeFiles/PicoSnd.dir/home/cbmeeks/sdk/pico/pico-sdk/src/rp2_common/pico_float/float_init_rom.c.obj
LOAD CMakeFiles/PicoSnd.dir/home/cbmeeks/sdk/pico/pico-sdk/src/rp2_common/pico_float/float_math.c.obj
LOAD CMakeFiles/PicoSnd.dir/home/cbmeeks/sdk/pico/pico-sdk/src/rp2_common/pico_float/float_v1_rom_shim.S.obj
LOAD CMakeFiles/PicoSnd.dir/home/cbmeeks/sdk/pico/pico-sdk/src/rp2_common/pico_malloc/pico_malloc.c.obj
LOAD CMakeFiles/PicoSnd.dir/home/cbmeeks/sdk/pico/pico-sdk/src/rp2_common/pico_mem_ops/mem_ops_aeabi.S.obj
LOAD CMakeFiles/PicoSnd.dir/home/cbmeeks/sdk/pico/pico-sdk/src/rp2_common/pico_standard_link/crt0.S.obj
LOAD CMakeFiles/PicoSnd.dir/home/cbmeeks/sdk/pico/pico-sdk/src/rp2_common/pico_standard_link/new_delete.cpp.obj
LOAD CMakeFiles/PicoSnd.dir/home/cbmeeks/sdk/pico/pico-sdk/src/rp2_common/pico_standard_link/binary_info.c.obj
LOAD CMakeFiles/PicoSnd.dir/home/cbmeeks/sdk/pico/pico-sdk/src/rp2_common/pico_stdio/stdio.c.obj
LOAD CMakeFiles/PicoSnd.dir/home/cbmeeks/sdk/pico/pico-sdk/src/rp2_common/pico_stdio_usb/reset_interface.c.obj
LOAD CMakeFiles/PicoSnd.dir/home/cbmeeks/sdk/pico/pico-sdk/src/rp2_common/pico_stdio_usb/stdio_usb.c.obj
LOAD CMakeFiles/PicoSnd.dir/home/cbmeeks/sdk/pico/pico-sdk/src/rp2_common/pico_stdio_usb/stdio_usb_descriptors.c.obj
LOAD CMakeFiles/PicoSnd.dir/home/cbmeeks/sdk/pico/pico-sdk/src/rp2_common/pico_unique_id/unique_id.c.obj
LOAD CMakeFiles/PicoSnd.dir/home/cbmeeks/sdk/pico/pico-sdk/src/rp2_common/hardware_flash/flash.c.obj
LOAD CMakeFiles/PicoSnd.dir/home/cbmeeks/sdk/pico/pico-sdk/lib/tinyusb/src/portable/raspberrypi/rp2040/dcd_rp2040.c.obj
LOAD CMakeFiles/PicoSnd.dir/home/cbmeeks/sdk/pico/pico-sdk/lib/tinyusb/src/portable/raspberrypi/rp2040/rp2040_usb.c.obj
LOAD CMakeFiles/PicoSnd.dir/home/cbmeeks/sdk/pico/pico-sdk/lib/tinyusb/src/device/usbd.c.obj
LOAD CMakeFiles/PicoSnd.dir/home/cbmeeks/sdk/pico/pico-sdk/lib/tinyusb/src/device/usbd_control.c.obj
LOAD CMakeFiles/PicoSnd.dir/home/cbmeeks/sdk/pico/pico-sdk/lib/tinyusb/src/class/audio/audio_device.c.obj
LOAD CMakeFiles/PicoSnd.dir/home/cbmeeks/sdk/pico/pico-sdk/lib/tinyusb/src/class/cdc/cdc_device.c.obj
LOAD CMakeFiles/PicoSnd.dir/home/cbmeeks/sdk/pico/pico-sdk/lib/tinyusb/src/class/dfu/dfu_device.c.obj
LOAD CMakeFiles/PicoSnd.dir/home/cbmeeks/sdk/pico/pico-sdk/lib/tinyusb/src/class/dfu/dfu_rt_device.c.obj
LOAD CMakeFiles/PicoSnd.dir/home/cbmeeks/sdk/pico/pico-sdk/lib/tinyusb/src/class/hid/hid_device.c.obj
LOAD CMakeFiles/PicoSnd.dir/home/cbmeeks/sdk/pico/pico-sdk/lib/tinyusb/src/class/midi/midi_device.c.obj
LOAD CMakeFiles/PicoSnd.dir/home/cbmeeks/sdk/pico/pico-sdk/lib/tinyusb/src/class/msc/msc_device.c.obj
LOAD CMakeFiles/PicoSnd.dir/home/cbmeeks/sdk/pico/pico-sdk/lib/tinyusb/src/class/net/ecm_rndis_device.c.obj
LOAD CMakeFiles/PicoSnd.dir/home/cbmeeks/sdk/pico/pico-sdk/lib/tinyusb/src/class/net/ncm_device.c.obj
LOAD CMakeFiles/PicoSnd.dir/home/cbmeeks/sdk/pico/pico-sdk/lib/tinyusb/src/class/usbtmc/usbtmc_device.c.obj
LOAD CMakeFiles/PicoSnd.dir/home/cbmeeks/sdk/pico/pico-sdk/lib/tinyusb/src/class/vendor/vendor_device.c.obj
LOAD CMakeFiles/PicoSnd.dir/home/cbmeeks/sdk/pico/pico-sdk/lib/tinyusb/src/class/video/video_device.c.obj
LOAD CMakeFiles/PicoSnd.dir/home/cbmeeks/sdk/pico/pico-sdk/lib/tinyusb/src/tusb.c.obj
LOAD CMakeFiles/PicoSnd.dir/home/cbmeeks/sdk/pico/pico-sdk/lib/tinyusb/src/common/tusb_fifo.c.obj
LOAD CMakeFiles/PicoSnd.dir/home/cbmeeks/sdk/pico/pico-sdk/src/rp2_common/pico_fix/rp2040_usb_device_enumeration/rp2040_usb_device_enumeration.c.obj
LOAD CMakeFiles/PicoSnd.dir/home/cbmeeks/sdk/pico/pico-sdk/src/rp2_common/hardware_adc/adc.c.obj
LOAD CMakeFiles/PicoSnd.dir/home/cbmeeks/sdk/pico/pico-sdk/src/rp2_common/hardware_dma/dma.c.obj
LOAD CMakeFiles/PicoSnd.dir/home/cbmeeks/sdk/pico/pico-sdk/src/rp2_common/hardware_pio/pio.c.obj
LOAD emu2149/libemu2149.a
LOAD /tmp/cckyn61e.o
LOAD /usr/lib/gcc/arm-none-eabi/14.1.0/../../../../arm-none-eabi/lib/thumb/v6-m/nofp/libstdc++.a
LOAD /usr/lib/gcc/arm-none-eabi/14.1.0/../../../../arm-none-eabi/lib/thumb/v6-m/nofp/libm.a
START GROUP
LOAD /usr/lib/gcc/arm-none-eabi/14.1.0/thumb/v6-m/nofp/libgcc.a
LOAD /usr/lib/gcc/arm-none-eabi/14.1.0/../../../../arm-none-eabi/lib/thumb/v6-m/nofp/libg.a
LOAD /usr/lib/gcc/arm-none-eabi/14.1.0/../../../../arm-none-eabi/lib/thumb/v6-m/nofp/libc.a
END GROUP
START GROUP
LOAD /usr/lib/gcc/arm-none-eabi/14.1.0/thumb/v6-m/nofp/libgcc.a
LOAD /usr/lib/gcc/arm-none-eabi/14.1.0/../../../../arm-none-eabi/lib/thumb/v6-m/nofp/libc.a
LOAD /usr/lib/gcc/arm-none-eabi/14.1.0/../../../../arm-none-eabi/lib/thumb/v6-m/nofp/libnosys.a
END GROUP
LOAD /usr/lib/gcc/arm-none-eabi/14.1.0/thumb/v6-m/nofp/crtend.o
LOAD /usr/lib/gcc/arm-none-eabi/14.1.0/thumb/v6-m/nofp/crtn.o
OUTPUT(PicoSnd.elf elf32-littlearm)
LOAD linker stubs

.ARM.attributes
                0x00000000       0x28
 .ARM.attributes
                0x00000000       0x1e /usr/lib/gcc/arm-none-eabi/14.1.0/thumb/v6-m/nofp/crti.o
 .ARM.attributes
                0x0000001e       0x2c /usr/lib/gcc/arm-none-eabi/14.1.0/thumb/v6-m/nofp/crtbegin.o
 .ARM.attributes
                0x0000004a       0x2c CMakeFiles/PicoSnd.dir/main.c.obj
 .ARM.attributes
                0x00000076       0x2c CMakeFiles/PicoSnd.dir/home/cbmeeks/sdk/pico/pico-sdk/src/rp2_common/pico_multicore/multicore.c.obj
 .ARM.attributes
                0x000000a2       0x2c CMakeFiles/PicoSnd.dir/home/cbmeeks/sdk/pico/pico-sdk/src/common/pico_sync/lock_core.c.obj
 .ARM.attributes
                0x000000ce       0x2c CMakeFiles/PicoSnd.dir/home/cbmeeks/sdk/pico/pico-sdk/src/common/pico_sync/mutex.c.obj
 .ARM.attributes
                0x000000fa       0x2c CMakeFiles/PicoSnd.dir/home/cbmeeks/sdk/pico/pico-sdk/src/common/pico_time/time.c.obj
 .ARM.attributes
                0x00000126       0x2c CMakeFiles/PicoSnd.dir/home/cbmeeks/sdk/pico/pico-sdk/src/rp2_common/hardware_timer/timer.c.obj
 .ARM.attributes
                0x00000152       0x2c CMakeFiles/PicoSnd.dir/home/cbmeeks/sdk/pico/pico-sdk/src/rp2_common/pico_platform/platform.c.obj
 .ARM.attributes
                0x0000017e       0x2c CMakeFiles/PicoSnd.dir/home/cbmeeks/sdk/pico/pico-sdk/src/rp2_common/hardware_claim/claim.c.obj
 .ARM.attributes
                0x000001aa       0x2c CMakeFiles/PicoSnd.dir/home/cbmeeks/sdk/pico/pico-sdk/src/rp2_common/hardware_sync/sync.c.obj
 .ARM.attributes
                0x000001d6       0x2c CMakeFiles/PicoSnd.dir/home/cbmeeks/sdk/pico/pico-sdk/src/rp2_common/hardware_irq/irq.c.obj
 .ARM.attributes
                0x00000202       0x22 CMakeFiles/PicoSnd.dir/home/cbmeeks/sdk/pico/pico-sdk/src/rp2_common/hardware_irq/irq_handler_chain.S.obj
 .ARM.attributes
                0x00000224       0x2c CMakeFiles/PicoSnd.dir/home/cbmeeks/sdk/pico/pico-sdk/src/common/pico_util/pheap.c.obj
 .ARM.attributes
                0x00000250       0x2c CMakeFiles/PicoSnd.dir/home/cbmeeks/sdk/pico/pico-sdk/src/rp2_common/hardware_clocks/clocks.c.obj
 .ARM.attributes
                0x0000027c       0x2c CMakeFiles/PicoSnd.dir/home/cbmeeks/sdk/pico/pico-sdk/src/rp2_common/hardware_pll/pll.c.obj
 .ARM.attributes
                0x000002a8       0x2c CMakeFiles/PicoSnd.dir/home/cbmeeks/sdk/pico/pico-sdk/src/rp2_common/hardware_watchdog/watchdog.c.obj
 .ARM.attributes
                0x000002d4       0x2c CMakeFiles/PicoSnd.dir/home/cbmeeks/sdk/pico/pico-sdk/src/rp2_common/hardware_xosc/xosc.c.obj
 .ARM.attributes
                0x00000300       0x2c CMakeFiles/PicoSnd.dir/home/cbmeeks/sdk/pico/pico-sdk/src/rp2_common/pico_runtime/runtime.c.obj
 .ARM.attributes
                0x0000032c       0x2c CMakeFiles/PicoSnd.dir/home/cbmeeks/sdk/pico/pico-sdk/src/rp2_common/pico_printf/printf.c.obj
 .ARM.attributes
                0x00000358       0x22 CMakeFiles/PicoSnd.dir/home/cbmeeks/sdk/pico/pico-sdk/src/rp2_common/pico_bit_ops/bit_ops_aeabi.S.obj
 .ARM.attributes
                0x0000037a       0x2c CMakeFiles/PicoSnd.dir/home/cbmeeks/sdk/pico/pico-sdk/src/rp2_common/pico_bootrom/bootrom.c.obj
 .ARM.attributes
                0x000003a6       0x22 CMakeFiles/PicoSnd.dir/home/cbmeeks/sdk/pico/pico-sdk/src/rp2_common/pico_divider/divider.S.obj
 .ARM.attributes
                0x000003c8       0x22 CMakeFiles/PicoSnd.dir/home/cbmeeks/sdk/pico/pico-sdk/src/rp2_common/pico_double/double_aeabi.S.obj
 .ARM.attributes
                0x000003ea       0x2c CMakeFiles/PicoSnd.dir/home/cbmeeks/sdk/pico/pico-sdk/src/rp2_common/pico_double/double_init_rom.c.obj
 .ARM.attributes
                0x00000416       0x22 CMakeFiles/PicoSnd.dir/home/cbmeeks/sdk/pico/pico-sdk/src/rp2_common/pico_double/double_v1_rom_shim.S.obj
 .ARM.attributes
                0x00000438       0x22 CMakeFiles/PicoSnd.dir/home/cbmeeks/sdk/pico/pico-sdk/src/rp2_common/pico_int64_ops/pico_int64_ops_aeabi.S.obj
 .ARM.attributes
                0x0000045a       0x22 CMakeFiles/PicoSnd.dir/home/cbmeeks/sdk/pico/pico-sdk/src/rp2_common/pico_float/float_aeabi.S.obj
 .ARM.attributes
                0x0000047c       0x2c CMakeFiles/PicoSnd.dir/home/cbmeeks/sdk/pico/pico-sdk/src/rp2_common/pico_float/float_init_rom.c.obj
 .ARM.attributes
                0x000004a8       0x22 CMakeFiles/PicoSnd.dir/home/cbmeeks/sdk/pico/pico-sdk/src/rp2_common/pico_float/float_v1_rom_shim.S.obj
 .ARM.attributes
                0x000004ca       0x2c CMakeFiles/PicoSnd.dir/home/cbmeeks/sdk/pico/pico-sdk/src/rp2_common/pico_malloc/pico_malloc.c.obj
 .ARM.attributes
                0x000004f6       0x22 CMakeFiles/PicoSnd.dir/home/cbmeeks/sdk/pico/pico-sdk/src/rp2_common/pico_mem_ops/mem_ops_aeabi.S.obj
 .ARM.attributes
                0x00000518       0x22 CMakeFiles/PicoSnd.dir/home/cbmeeks/sdk/pico/pico-sdk/src/rp2_common/pico_standard_link/crt0.S.obj
 .ARM.attributes
                0x0000053a       0x2c CMakeFiles/PicoSnd.dir/home/cbmeeks/sdk/pico/pico-sdk/src/rp2_common/pico_standard_link/binary_info.c.obj
 .ARM.attributes
                0x00000566       0x2c CMakeFiles/PicoSnd.dir/home/cbmeeks/sdk/pico/pico-sdk/src/rp2_common/pico_stdio/stdio.c.obj
 .ARM.attributes
                0x00000592       0x2c CMakeFiles/PicoSnd.dir/home/cbmeeks/sdk/pico/pico-sdk/src/rp2_common/pico_unique_id/unique_id.c.obj
 .ARM.attributes
                0x000005be       0x2c CMakeFiles/PicoSnd.dir/home/cbmeeks/sdk/pico/pico-sdk/src/rp2_common/hardware_flash/flash.c.obj
 .ARM.attributes
                0x000005ea       0x22 /tmp/cckyn61e.o
 .ARM.attributes
                0x0000060c       0x1e /usr/lib/gcc/arm-none-eabi/14.1.0/thumb/v6-m/nofp/libgcc.a(_dvmd_tls.o)
 .ARM.attributes
                0x0000062a       0x2c /usr/lib/gcc/arm-none-eabi/14.1.0/../../../../arm-none-eabi/lib/thumb/v6-m/nofp/libg.a(libc_a-atexit.o)
 .ARM.attributes
                0x00000656       0x2c /usr/lib/gcc/arm-none-eabi/14.1.0/../../../../arm-none-eabi/lib/thumb/v6-m/nofp/libg.a(libc_a-fini.o)
 .ARM.attributes
                0x00000682       0x2c /usr/lib/gcc/arm-none-eabi/14.1.0/../../../../arm-none-eabi/lib/thumb/v6-m/nofp/libg.a(libc_a-lock.o)
 .ARM.attributes
                0x000006ae       0x2c /usr/lib/gcc/arm-none-eabi/14.1.0/../../../../arm-none-eabi/lib/thumb/v6-m/nofp/libg.a(libc_a-strlen-stub.o)
 .ARM.attributes
                0x000006da       0x2c /usr/lib/gcc/arm-none-eabi/14.1.0/../../../../arm-none-eabi/lib/thumb/v6-m/nofp/libg.a(libc_a-__atexit.o)
 .ARM.attributes
                0x00000706       0x2c /usr/lib/gcc/arm-none-eabi/14.1.0/../../../../arm-none-eabi/lib/thumb/v6-m/nofp/libg.a(libc_a-__call_atexit.o)
 .ARM.attributes
                0x00000732       0x2c /usr/lib/gcc/arm-none-eabi/14.1.0/thumb/v6-m/nofp/crtend.o

.comment        0x00000000       0x46
 .comment       0x00000000       0x46 /usr/lib/gcc/arm-none-eabi/14.1.0/thumb/v6-m/nofp/crtbegin.o
                                 0x24 (size before relaxing)
 .comment       0x00000046       0x24 CMakeFiles/PicoSnd.dir/main.c.obj
 .comment       0x00000046       0x24 CMakeFiles/PicoSnd.dir/home/cbmeeks/sdk/pico/pico-sdk/src/rp2_common/pico_multicore/multicore.c.obj
 .comment       0x00000046       0x24 CMakeFiles/PicoSnd.dir/home/cbmeeks/sdk/pico/pico-sdk/src/common/pico_sync/lock_core.c.obj
 .comment       0x00000046       0x24 CMakeFiles/PicoSnd.dir/home/cbmeeks/sdk/pico/pico-sdk/src/common/pico_sync/mutex.c.obj
 .comment       0x00000046       0x24 CMakeFiles/PicoSnd.dir/home/cbmeeks/sdk/pico/pico-sdk/src/common/pico_time/time.c.obj
 .comment       0x00000046       0x24 CMakeFiles/PicoSnd.dir/home/cbmeeks/sdk/pico/pico-sdk/src/rp2_common/hardware_timer/timer.c.obj
 .comment       0x00000046       0x24 CMakeFiles/PicoSnd.dir/home/cbmeeks/sdk/pico/pico-sdk/src/rp2_common/pico_platform/platform.c.obj
 .comment       0x00000046       0x24 CMakeFiles/PicoSnd.dir/home/cbmeeks/sdk/pico/pico-sdk/src/rp2_common/hardware_claim/claim.c.obj
 .comment       0x00000046       0x24 CMakeFiles/PicoSnd.dir/home/cbmeeks/sdk/pico/pico-sdk/src/rp2_common/hardware_sync/sync.c.obj
 .comment       0x00000046       0x24 CMakeFiles/PicoSnd.dir/home/cbmeeks/sdk/pico/pico-sdk/src/rp2_common/hardware_irq/irq.c.obj
 .comment       0x00000046       0x24 CMakeFiles/PicoSnd.dir/home/cbmeeks/sdk/pico/pico-sdk/src/common/pico_util/pheap.c.obj
 .comment       0x00000046       0x24 CMakeFiles/PicoSnd.dir/home/cbmeeks/sdk/pico/pico-sdk/src/rp2_common/hardware_clocks/clocks.c.obj
 .comment       0x00000046       0x24 CMakeFiles/PicoSnd.dir/home/cbmeeks/sdk/pico/pico-sdk/src/rp2_common/hardware_pll/pll.c.obj
 .comment       0x00000046       0x24 CMakeFiles/PicoSnd.dir/home/cbmeeks/sdk/pico/pico-sdk/src/rp2_common/hardware_watchdog/watchdog.c.obj
 .comment       0x00000046       0x24 CMakeFiles/PicoSnd.dir/home/cbmeeks/sdk/pico/pico-sdk/src/rp2_common/hardware_xosc/xosc.c.obj
 .comment       0x00000046       0x24 CMakeFiles/PicoSnd.dir/home/cbmeeks/sdk/pico/pico-sdk/src/rp2_common/pico_runtime/runtime.c.obj
 .comment       0x00000046       0x24 CMakeFiles/PicoSnd.dir/home/cbmeeks/sdk/pico/pico-sdk/src/rp2_common/pico_printf/printf.c.obj
 .comment       0x00000046       0x24 CMakeFiles/PicoSnd.dir/home/cbmeeks/sdk/pico/pico-sdk/src/rp2_common/pico_bootrom/bootrom.c.obj
 .comment       0x00000046       0x24 CMakeFiles/PicoSnd.dir/home/cbmeeks/sdk/pico/pico-sdk/src/rp2_common/pico_double/double_init_rom.c.obj
 .comment       0x00000046       0x24 CMakeFiles/PicoSnd.dir/home/cbmeeks/sdk/pico/pico-sdk/src/rp2_common/pico_float/float_init_rom.c.obj
 .comment       0x00000046       0x24 CMakeFiles/PicoSnd.dir/home/cbmeeks/sdk/pico/pico-sdk/src/rp2_common/pico_malloc/pico_malloc.c.obj
 .comment       0x00000046       0x24 CMakeFiles/PicoSnd.dir/home/cbmeeks/sdk/pico/pico-sdk/src/rp2_common/pico_standard_link/binary_info.c.obj
 .comment       0x00000046       0x24 CMakeFiles/PicoSnd.dir/home/cbmeeks/sdk/pico/pico-sdk/src/rp2_common/pico_stdio/stdio.c.obj
 .comment       0x00000046       0x24 CMakeFiles/PicoSnd.dir/home/cbmeeks/sdk/pico/pico-sdk/src/rp2_common/pico_unique_id/unique_id.c.obj
 .comment       0x00000046       0x24 CMakeFiles/PicoSnd.dir/home/cbmeeks/sdk/pico/pico-sdk/src/rp2_common/hardware_flash/flash.c.obj
 .comment       0x00000046       0x24 /usr/lib/gcc/arm-none-eabi/14.1.0/../../../../arm-none-eabi/lib/thumb/v6-m/nofp/libg.a(libc_a-atexit.o)
 .comment       0x00000046       0x24 /usr/lib/gcc/arm-none-eabi/14.1.0/../../../../arm-none-eabi/lib/thumb/v6-m/nofp/libg.a(libc_a-fini.o)
 .comment       0x00000046       0x24 /usr/lib/gcc/arm-none-eabi/14.1.0/../../../../arm-none-eabi/lib/thumb/v6-m/nofp/libg.a(libc_a-lock.o)
 .comment       0x00000046       0x24 /usr/lib/gcc/arm-none-eabi/14.1.0/../../../../arm-none-eabi/lib/thumb/v6-m/nofp/libg.a(libc_a-strlen-stub.o)
 .comment       0x00000046       0x24 /usr/lib/gcc/arm-none-eabi/14.1.0/../../../../arm-none-eabi/lib/thumb/v6-m/nofp/libg.a(libc_a-__atexit.o)
 .comment       0x00000046       0x24 /usr/lib/gcc/arm-none-eabi/14.1.0/../../../../arm-none-eabi/lib/thumb/v6-m/nofp/libg.a(libc_a-__call_atexit.o)
 .comment       0x00000046       0x24 /usr/lib/gcc/arm-none-eabi/14.1.0/thumb/v6-m/nofp/crtend.o

.debug_info     0x00000000    0x14582
 .debug_info    0x00000000       0x44 CMakeFiles/PicoSnd.dir/main.c.obj
 .debug_info    0x00000044     0x1756 CMakeFiles/PicoSnd.dir/home/cbmeeks/sdk/pico/pico-sdk/src/rp2_common/pico_multicore/multicore.c.obj
 .debug_info    0x0000179a      0x1a3 CMakeFiles/PicoSnd.dir/home/cbmeeks/sdk/pico/pico-sdk/src/common/pico_sync/lock_core.c.obj
 .debug_info    0x0000193d     0x1d29 CMakeFiles/PicoSnd.dir/home/cbmeeks/sdk/pico/pico-sdk/src/common/pico_sync/mutex.c.obj
 .debug_info    0x00003666     0x33ed CMakeFiles/PicoSnd.dir/home/cbmeeks/sdk/pico/pico-sdk/src/common/pico_time/time.c.obj
 .debug_info    0x00006a53     0x145b CMakeFiles/PicoSnd.dir/home/cbmeeks/sdk/pico/pico-sdk/src/rp2_common/hardware_timer/timer.c.obj
 .debug_info    0x00007eae      0x1fb CMakeFiles/PicoSnd.dir/home/cbmeeks/sdk/pico/pico-sdk/src/rp2_common/pico_platform/platform.c.obj
 .debug_info    0x000080a9      0x69a CMakeFiles/PicoSnd.dir/home/cbmeeks/sdk/pico/pico-sdk/src/rp2_common/hardware_claim/claim.c.obj
 .debug_info    0x00008743      0x5fa CMakeFiles/PicoSnd.dir/home/cbmeeks/sdk/pico/pico-sdk/src/rp2_common/hardware_sync/sync.c.obj
 .debug_info    0x00008d3d     0x1c45 CMakeFiles/PicoSnd.dir/home/cbmeeks/sdk/pico/pico-sdk/src/rp2_common/hardware_irq/irq.c.obj
 .debug_info    0x0000a982      0xe76 CMakeFiles/PicoSnd.dir/home/cbmeeks/sdk/pico/pico-sdk/src/common/pico_util/pheap.c.obj
 .debug_info    0x0000b7f8      0xfe7 CMakeFiles/PicoSnd.dir/home/cbmeeks/sdk/pico/pico-sdk/src/rp2_common/hardware_clocks/clocks.c.obj
 .debug_info    0x0000c7df      0x505 CMakeFiles/PicoSnd.dir/home/cbmeeks/sdk/pico/pico-sdk/src/rp2_common/hardware_pll/pll.c.obj
 .debug_info    0x0000cce4      0x4d8 CMakeFiles/PicoSnd.dir/home/cbmeeks/sdk/pico/pico-sdk/src/rp2_common/hardware_watchdog/watchdog.c.obj
 .debug_info    0x0000d1bc      0x1c7 CMakeFiles/PicoSnd.dir/home/cbmeeks/sdk/pico/pico-sdk/src/rp2_common/hardware_xosc/xosc.c.obj
 .debug_info    0x0000d383      0xf23 CMakeFiles/PicoSnd.dir/home/cbmeeks/sdk/pico/pico-sdk/src/rp2_common/pico_runtime/runtime.c.obj
 .debug_info    0x0000e2a6     0x19ec CMakeFiles/PicoSnd.dir/home/cbmeeks/sdk/pico/pico-sdk/src/rp2_common/pico_printf/printf.c.obj
 .debug_info    0x0000fc92       0x23 CMakeFiles/PicoSnd.dir/home/cbmeeks/sdk/pico/pico-sdk/src/rp2_common/pico_bit_ops/bit_ops_aeabi.S.obj
 .debug_info    0x0000fcb5      0x331 CMakeFiles/PicoSnd.dir/home/cbmeeks/sdk/pico/pico-sdk/src/rp2_common/pico_bootrom/bootrom.c.obj
 .debug_info    0x0000ffe6       0x23 CMakeFiles/PicoSnd.dir/home/cbmeeks/sdk/pico/pico-sdk/src/rp2_common/pico_divider/divider.S.obj
 .debug_info    0x00010009       0x23 CMakeFiles/PicoSnd.dir/home/cbmeeks/sdk/pico/pico-sdk/src/rp2_common/pico_double/double_aeabi.S.obj
 .debug_info    0x0001002c      0x32f CMakeFiles/PicoSnd.dir/home/cbmeeks/sdk/pico/pico-sdk/src/rp2_common/pico_double/double_init_rom.c.obj
 .debug_info    0x0001035b       0x23 CMakeFiles/PicoSnd.dir/home/cbmeeks/sdk/pico/pico-sdk/src/rp2_common/pico_double/double_v1_rom_shim.S.obj
 .debug_info    0x0001037e       0x24 CMakeFiles/PicoSnd.dir/home/cbmeeks/sdk/pico/pico-sdk/src/rp2_common/pico_int64_ops/pico_int64_ops_aeabi.S.obj
 .debug_info    0x000103a2       0x23 CMakeFiles/PicoSnd.dir/home/cbmeeks/sdk/pico/pico-sdk/src/rp2_common/pico_float/float_aeabi.S.obj
 .debug_info    0x000103c5      0x343 CMakeFiles/PicoSnd.dir/home/cbmeeks/sdk/pico/pico-sdk/src/rp2_common/pico_float/float_init_rom.c.obj
 .debug_info    0x00010708       0x23 CMakeFiles/PicoSnd.dir/home/cbmeeks/sdk/pico/pico-sdk/src/rp2_common/pico_float/float_v1_rom_shim.S.obj
 .debug_info    0x0001072b      0x489 CMakeFiles/PicoSnd.dir/home/cbmeeks/sdk/pico/pico-sdk/src/rp2_common/pico_malloc/pico_malloc.c.obj
 .debug_info    0x00010bb4       0x23 CMakeFiles/PicoSnd.dir/home/cbmeeks/sdk/pico/pico-sdk/src/rp2_common/pico_mem_ops/mem_ops_aeabi.S.obj
 .debug_info    0x00010bd7       0x23 CMakeFiles/PicoSnd.dir/home/cbmeeks/sdk/pico/pico-sdk/src/rp2_common/pico_standard_link/crt0.S.obj
 .debug_info    0x00010bfa      0x2b8 CMakeFiles/PicoSnd.dir/home/cbmeeks/sdk/pico/pico-sdk/src/rp2_common/pico_standard_link/binary_info.c.obj
 .debug_info    0x00010eb2     0x1745 CMakeFiles/PicoSnd.dir/home/cbmeeks/sdk/pico/pico-sdk/src/rp2_common/pico_stdio/stdio.c.obj
 .debug_info    0x000125f7      0x281 CMakeFiles/PicoSnd.dir/home/cbmeeks/sdk/pico/pico-sdk/src/rp2_common/pico_unique_id/unique_id.c.obj
 .debug_info    0x00012878     0x127a CMakeFiles/PicoSnd.dir/home/cbmeeks/sdk/pico/pico-sdk/src/rp2_common/hardware_flash/flash.c.obj
 .debug_info    0x00013af2       0x3c /usr/lib/gcc/arm-none-eabi/14.1.0/thumb/v6-m/nofp/libgcc.a(_dvmd_tls.o)
 .debug_info    0x00013b2e      0x11e /usr/lib/gcc/arm-none-eabi/14.1.0/../../../../arm-none-eabi/lib/thumb/v6-m/nofp/libg.a(libc_a-atexit.o)
 .debug_info    0x00013c4c       0xf7 /usr/lib/gcc/arm-none-eabi/14.1.0/../../../../arm-none-eabi/lib/thumb/v6-m/nofp/libg.a(libc_a-fini.o)
 .debug_info    0x00013d43      0x218 /usr/lib/gcc/arm-none-eabi/14.1.0/../../../../arm-none-eabi/lib/thumb/v6-m/nofp/libg.a(libc_a-lock.o)
 .debug_info    0x00013f5b       0xeb /usr/lib/gcc/arm-none-eabi/14.1.0/../../../../arm-none-eabi/lib/thumb/v6-m/nofp/libg.a(libc_a-strlen-stub.o)
 .debug_info    0x00014046      0x25f /usr/lib/gcc/arm-none-eabi/14.1.0/../../../../arm-none-eabi/lib/thumb/v6-m/nofp/libg.a(libc_a-__atexit.o)
 .debug_info    0x000142a5      0x2dd /usr/lib/gcc/arm-none-eabi/14.1.0/../../../../arm-none-eabi/lib/thumb/v6-m/nofp/libg.a(libc_a-__call_atexit.o)

.debug_abbrev   0x00000000     0x4a5f
 .debug_abbrev  0x00000000       0x3a CMakeFiles/PicoSnd.dir/main.c.obj
 .debug_abbrev  0x0000003a      0x4df CMakeFiles/PicoSnd.dir/home/cbmeeks/sdk/pico/pico-sdk/src/rp2_common/pico_multicore/multicore.c.obj
 .debug_abbrev  0x00000519      0x116 CMakeFiles/PicoSnd.dir/home/cbmeeks/sdk/pico/pico-sdk/src/common/pico_sync/lock_core.c.obj
 .debug_abbrev  0x0000062f      0x3f1 CMakeFiles/PicoSnd.dir/home/cbmeeks/sdk/pico/pico-sdk/src/common/pico_sync/mutex.c.obj
 .debug_abbrev  0x00000a20      0x5c3 CMakeFiles/PicoSnd.dir/home/cbmeeks/sdk/pico/pico-sdk/src/common/pico_time/time.c.obj
 .debug_abbrev  0x00000fe3      0x3d5 CMakeFiles/PicoSnd.dir/home/cbmeeks/sdk/pico/pico-sdk/src/rp2_common/hardware_timer/timer.c.obj
 .debug_abbrev  0x000013b8       0xf8 CMakeFiles/PicoSnd.dir/home/cbmeeks/sdk/pico/pico-sdk/src/rp2_common/pico_platform/platform.c.obj
 .debug_abbrev  0x000014b0      0x2ce CMakeFiles/PicoSnd.dir/home/cbmeeks/sdk/pico/pico-sdk/src/rp2_common/hardware_claim/claim.c.obj
 .debug_abbrev  0x0000177e      0x249 CMakeFiles/PicoSnd.dir/home/cbmeeks/sdk/pico/pico-sdk/src/rp2_common/hardware_sync/sync.c.obj
 .debug_abbrev  0x000019c7      0x514 CMakeFiles/PicoSnd.dir/home/cbmeeks/sdk/pico/pico-sdk/src/rp2_common/hardware_irq/irq.c.obj
 .debug_abbrev  0x00001edb      0x290 CMakeFiles/PicoSnd.dir/home/cbmeeks/sdk/pico/pico-sdk/src/common/pico_util/pheap.c.obj
 .debug_abbrev  0x0000216b      0x434 CMakeFiles/PicoSnd.dir/home/cbmeeks/sdk/pico/pico-sdk/src/rp2_common/hardware_clocks/clocks.c.obj
 .debug_abbrev  0x0000259f      0x1e7 CMakeFiles/PicoSnd.dir/home/cbmeeks/sdk/pico/pico-sdk/src/rp2_common/hardware_pll/pll.c.obj
 .debug_abbrev  0x00002786      0x1a8 CMakeFiles/PicoSnd.dir/home/cbmeeks/sdk/pico/pico-sdk/src/rp2_common/hardware_watchdog/watchdog.c.obj
 .debug_abbrev  0x0000292e      0x10c CMakeFiles/PicoSnd.dir/home/cbmeeks/sdk/pico/pico-sdk/src/rp2_common/hardware_xosc/xosc.c.obj
 .debug_abbrev  0x00002a3a      0x530 CMakeFiles/PicoSnd.dir/home/cbmeeks/sdk/pico/pico-sdk/src/rp2_common/pico_runtime/runtime.c.obj
 .debug_abbrev  0x00002f6a      0x365 CMakeFiles/PicoSnd.dir/home/cbmeeks/sdk/pico/pico-sdk/src/rp2_common/pico_printf/printf.c.obj
 .debug_abbrev  0x000032cf       0x12 CMakeFiles/PicoSnd.dir/home/cbmeeks/sdk/pico/pico-sdk/src/rp2_common/pico_bit_ops/bit_ops_aeabi.S.obj
 .debug_abbrev  0x000032e1      0x167 CMakeFiles/PicoSnd.dir/home/cbmeeks/sdk/pico/pico-sdk/src/rp2_common/pico_bootrom/bootrom.c.obj
 .debug_abbrev  0x00003448       0x12 CMakeFiles/PicoSnd.dir/home/cbmeeks/sdk/pico/pico-sdk/src/rp2_common/pico_divider/divider.S.obj
 .debug_abbrev  0x0000345a       0x12 CMakeFiles/PicoSnd.dir/home/cbmeeks/sdk/pico/pico-sdk/src/rp2_common/pico_double/double_aeabi.S.obj
 .debug_abbrev  0x0000346c      0x1c3 CMakeFiles/PicoSnd.dir/home/cbmeeks/sdk/pico/pico-sdk/src/rp2_common/pico_double/double_init_rom.c.obj
 .debug_abbrev  0x0000362f       0x12 CMakeFiles/PicoSnd.dir/home/cbmeeks/sdk/pico/pico-sdk/src/rp2_common/pico_double/double_v1_rom_shim.S.obj
 .debug_abbrev  0x00003641       0x14 CMakeFiles/PicoSnd.dir/home/cbmeeks/sdk/pico/pico-sdk/src/rp2_common/pico_int64_ops/pico_int64_ops_aeabi.S.obj
 .debug_abbrev  0x00003655       0x12 CMakeFiles/PicoSnd.dir/home/cbmeeks/sdk/pico/pico-sdk/src/rp2_common/pico_float/float_aeabi.S.obj
 .debug_abbrev  0x00003667      0x1c6 CMakeFiles/PicoSnd.dir/home/cbmeeks/sdk/pico/pico-sdk/src/rp2_common/pico_float/float_init_rom.c.obj
 .debug_abbrev  0x0000382d       0x12 CMakeFiles/PicoSnd.dir/home/cbmeeks/sdk/pico/pico-sdk/src/rp2_common/pico_float/float_v1_rom_shim.S.obj
 .debug_abbrev  0x0000383f      0x1c4 CMakeFiles/PicoSnd.dir/home/cbmeeks/sdk/pico/pico-sdk/src/rp2_common/pico_malloc/pico_malloc.c.obj
 .debug_abbrev  0x00003a03       0x12 CMakeFiles/PicoSnd.dir/home/cbmeeks/sdk/pico/pico-sdk/src/rp2_common/pico_mem_ops/mem_ops_aeabi.S.obj
 .debug_abbrev  0x00003a15       0x12 CMakeFiles/PicoSnd.dir/home/cbmeeks/sdk/pico/pico-sdk/src/rp2_common/pico_standard_link/crt0.S.obj
 .debug_abbrev  0x00003a27       0xb8 CMakeFiles/PicoSnd.dir/home/cbmeeks/sdk/pico/pico-sdk/src/rp2_common/pico_standard_link/binary_info.c.obj
 .debug_abbrev  0x00003adf      0x467 CMakeFiles/PicoSnd.dir/home/cbmeeks/sdk/pico/pico-sdk/src/rp2_common/pico_stdio/stdio.c.obj
 .debug_abbrev  0x00003f46      0x181 CMakeFiles/PicoSnd.dir/home/cbmeeks/sdk/pico/pico-sdk/src/rp2_common/pico_unique_id/unique_id.c.obj
 .debug_abbrev  0x000040c7      0x2bd CMakeFiles/PicoSnd.dir/home/cbmeeks/sdk/pico/pico-sdk/src/rp2_common/hardware_flash/flash.c.obj
 .debug_abbrev  0x00004384       0x26 /usr/lib/gcc/arm-none-eabi/14.1.0/thumb/v6-m/nofp/libgcc.a(_dvmd_tls.o)
 .debug_abbrev  0x000043aa       0xbe /usr/lib/gcc/arm-none-eabi/14.1.0/../../../../arm-none-eabi/lib/thumb/v6-m/nofp/libg.a(libc_a-atexit.o)
 .debug_abbrev  0x00004468       0xc9 /usr/lib/gcc/arm-none-eabi/14.1.0/../../../../arm-none-eabi/lib/thumb/v6-m/nofp/libg.a(libc_a-fini.o)
 .debug_abbrev  0x00004531      0x115 /usr/lib/gcc/arm-none-eabi/14.1.0/../../../../arm-none-eabi/lib/thumb/v6-m/nofp/libg.a(libc_a-lock.o)
 .debug_abbrev  0x00004646       0x90 /usr/lib/gcc/arm-none-eabi/14.1.0/../../../../arm-none-eabi/lib/thumb/v6-m/nofp/libg.a(libc_a-strlen-stub.o)
 .debug_abbrev  0x000046d6      0x189 /usr/lib/gcc/arm-none-eabi/14.1.0/../../../../arm-none-eabi/lib/thumb/v6-m/nofp/libg.a(libc_a-__atexit.o)
 .debug_abbrev  0x0000485f      0x200 /usr/lib/gcc/arm-none-eabi/14.1.0/../../../../arm-none-eabi/lib/thumb/v6-m/nofp/libg.a(libc_a-__call_atexit.o)

.debug_aranges  0x00000000     0x1090
 .debug_aranges