Archive member included to satisfy reference by file (symbol)

/usr/lib/gcc/arm-none-eabi/14.1.0/thumb/v6-m/nofp/libgcc.a(_dvmd_tls.o)
                              CMakeFiles/PicoSnd.dir/home/cbmeeks/sdk/pico/pico-sdk/src/rp2_common/pico_divider/divider.S.obj (__aeabi_idiv0)
/usr/lib/gcc/arm-none-eabi/14.1.0/../../../../arm-none-eabi/lib/thumb/v6-m/nofp/libg.a(libc_a-atexit.o)
                              /usr/lib/gcc/arm-none-eabi/14.1.0/../../../../arm-none-eabi/lib/thumb/v6-m/nofp/crt0.o (atexit)
/usr/lib/gcc/arm-none-eabi/14.1.0/../../../../arm-none-eabi/lib/thumb/v6-m/nofp/libg.a(libc_a-calloc.o)
                              CMakeFiles/PicoSnd.dir/home/cbmeeks/sdk/pico/pico-sdk/src/rp2_common/pico_malloc/pico_malloc.c.obj (calloc)
/usr/lib/gcc/arm-none-eabi/14.1.0/../../../../arm-none-eabi/lib/thumb/v6-m/nofp/libg.a(libc_a-callocr.o)
                              /usr/lib/gcc/arm-none-eabi/14.1.0/../../../../arm-none-eabi/lib/thumb/v6-m/nofp/libg.a(libc_a-calloc.o) (_calloc_r)
/usr/lib/gcc/arm-none-eabi/14.1.0/../../../../arm-none-eabi/lib/thumb/v6-m/nofp/libg.a(libc_a-malloc.o)
                              CMakeFiles/PicoSnd.dir/home/cbmeeks/sdk/pico/pico-sdk/src/rp2_common/pico_malloc/pico_malloc.c.obj (malloc)
/usr/lib/gcc/arm-none-eabi/14.1.0/../../../../arm-none-eabi/lib/thumb/v6-m/nofp/libg.a(libc_a-mallocr.o)
                              /usr/lib/gcc/arm-none-eabi/14.1.0/../../../../arm-none-eabi/lib/thumb/v6-m/nofp/libg.a(libc_a-callocr.o) (_malloc_r)
/usr/lib/gcc/arm-none-eabi/14.1.0/../../../../arm-none-eabi/lib/thumb/v6-m/nofp/libg.a(libc_a-mlock.o)
                              /usr/lib/gcc/arm-none-eabi/14.1.0/../../../../arm-none-eabi/lib/thumb/v6-m/nofp/libg.a(libc_a-mallocr.o) (__malloc_lock)
/usr/lib/gcc/arm-none-eabi/14.1.0/../../../../arm-none-eabi/lib/thumb/v6-m/nofp/libg.a(libc_a-realloc.o)
                              CMakeFiles/PicoSnd.dir/home/cbmeeks/sdk/pico/pico-sdk/src/rp2_common/pico_malloc/pico_malloc.c.obj (realloc)
/usr/lib/gcc/arm-none-eabi/14.1.0/../../../../arm-none-eabi/lib/thumb/v6-m/nofp/libg.a(libc_a-reallocr.o)
                              /usr/lib/gcc/arm-none-eabi/14.1.0/../../../../arm-none-eabi/lib/thumb/v6-m/nofp/libg.a(libc_a-realloc.o) (_realloc_r)
/usr/lib/gcc/arm-none-eabi/14.1.0/../../../../arm-none-eabi/lib/thumb/v6-m/nofp/libg.a(libc_a-memmove.o)
                              /usr/lib/gcc/arm-none-eabi/14.1.0/../../../../arm-none-eabi/lib/thumb/v6-m/nofp/libg.a(libc_a-reallocr.o) (memmove)
/usr/lib/gcc/arm-none-eabi/14.1.0/../../../../arm-none-eabi/lib/thumb/v6-m/nofp/libg.a(libc_a-impure.o)
                              /usr/lib/gcc/arm-none-eabi/14.1.0/../../../../arm-none-eabi/lib/thumb/v6-m/nofp/libg.a(libc_a-calloc.o) (_impure_ptr)
/usr/lib/gcc/arm-none-eabi/14.1.0/../../../../arm-none-eabi/lib/thumb/v6-m/nofp/libg.a(libc_a-sbrkr.o)
                              /usr/lib/gcc/arm-none-eabi/14.1.0/../../../../arm-none-eabi/lib/thumb/v6-m/nofp/libg.a(libc_a-mallocr.o) (_sbrk_r)
/usr/lib/gcc/arm-none-eabi/14.1.0/../../../../arm-none-eabi/lib/thumb/v6-m/nofp/libg.a(libc_a-errno.o)
                              /usr/lib/gcc/arm-none-eabi/14.1.0/../../../../arm-none-eabi/lib/thumb/v6-m/nofp/libg.a(libc_a-callocr.o) (__errno)
/usr/lib/gcc/arm-none-eabi/14.1.0/../../../../arm-none-eabi/lib/thumb/v6-m/nofp/libg.a(libc_a-init.o)
                              /usr/lib/gcc/arm-none-eabi/14.1.0/../../../../arm-none-eabi/lib/thumb/v6-m/nofp/crt0.o (__libc_init_array)
/usr/lib/gcc/arm-none-eabi/14.1.0/../../../../arm-none-eabi/lib/thumb/v6-m/nofp/libg.a(libc_a-fini.o)
                              /usr/lib/gcc/arm-none-eabi/14.1.0/../../../../arm-none-eabi/lib/thumb/v6-m/nofp/crt0.o (__libc_fini_array)
/usr/lib/gcc/arm-none-eabi/14.1.0/../../../../arm-none-eabi/lib/thumb/v6-m/nofp/libg.a(libc_a-lock.o)
                              /usr/lib/gcc/arm-none-eabi/14.1.0/../../../../arm-none-eabi/lib/thumb/v6-m/nofp/libg.a(libc_a-mlock.o) (__retarget_lock_acquire_recursive)
/usr/lib/gcc/arm-none-eabi/14.1.0/../../../../arm-none-eabi/lib/thumb/v6-m/nofp/libg.a(libc_a-sysconf.o)
                              /usr/lib/gcc/arm-none-eabi/14.1.0/../../../../arm-none-eabi/lib/thumb/v6-m/nofp/libg.a(libc_a-mallocr.o) (sysconf)
/usr/lib/gcc/arm-none-eabi/14.1.0/../../../../arm-none-eabi/lib/thumb/v6-m/nofp/libg.a(libc_a-strlen-stub.o)
                              CMakeFiles/PicoSnd.dir/home/cbmeeks/sdk/pico/pico-sdk/src/rp2_common/pico_stdio/stdio.c.obj (strlen)
/usr/lib/gcc/arm-none-eabi/14.1.0/../../../../arm-none-eabi/lib/thumb/v6-m/nofp/libg.a(libc_a-__atexit.o)
                              /usr/lib/gcc/arm-none-eabi/14.1.0/../../../../arm-none-eabi/lib/thumb/v6-m/nofp/libg.a(libc_a-atexit.o) (__register_exitproc)
/usr/lib/gcc/arm-none-eabi/14.1.0/../../../../arm-none-eabi/lib/thumb/v6-m/nofp/libg.a(libc_a-__call_atexit.o)
[...]
Memory Configuration

Name             Origin             Length             Attributes
FLASH            0x10000000         0x00200000         xr
RAM              0x20000000         0x00040000         xrw
SCRATCH_X        0x20040000         0x00001000         xrw
SCRATCH_Y        0x20041000         0x00001000         xrw
*default*        0x00000000         0xffffffff

Linker script and memory map

LOAD /usr/lib/gcc/arm-none-eabi/14.1.0/thumb/v6-m/nofp/crti.o
LOAD /usr/lib/gcc/arm-none-eabi/14.1.0/thumb/v6-m/nofp/crtbegin.o
LOAD /usr/lib/gcc/arm-none-eabi/14.1.0/../../../../arm-none-eabi/lib/thumb/v6-m/nofp/crt0.o

.flash_begin    0x10000000        0x0
                0x10000000                        __flash_binary_start = .

.boot2          0x10000000      0x100
                0x10000000                        __boot2_start__ = .
 *(.boot2)
 .boot2         0x10000000      0x100 /tmp/ccjPznYm.o
                0x10000100                        __boot2_end__ = .
                0x00000001                        ASSERT (((__boot2_end__ - __boot2_start__) == 0x100), ERROR: Pico second stage bootloader must be 256 bytes in size)

.text           0x10000100     0x7f80
                0x10000100                        __logical_binary_start = .
 *(.vectors)
 .vectors       0x10000100       0xd4 CMakeFiles/PicoSnd.dir/home/cbmeeks/sdk/pico/pico-sdk/src/rp2_common/pico_standard_link/crt0.S.obj
                0x10000100                __vectors
                0x10000100                __VECTOR_TABLE
                0x100001c0                isr_invalid
                0x100001c0                __default_isrs_start
                0x100001c2                isr_nmi
                0x100001c4                isr_hardfault
                0x100001c6                isr_svcall
                0x100001c8                isr_pendsv
                0x100001ca                isr_systick
                0x100001cc                isr_irq30
                0x100001cc                __unhandled_user_irq
                0x100001cc                isr_irq13
                0x100001cc                isr_irq27
                0x100001cc                isr_irq31
                0x100001cc                isr_irq5
                0x100001cc                isr_irq11
                0x100001cc                isr_irq23
                0x100001cc                isr_irq18
                0x100001cc                isr_irq28
                0x100001cc                isr_irq19
                0x100001cc                isr_irq0
                0x100001cc                isr_irq6
                0x100001cc                isr_irq22
                0x100001cc                isr_irq17
                0x100001cc                isr_irq14
                0x100001cc                isr_irq2
                0x100001cc                isr_irq10
                0x100001cc                isr_irq8
                0x100001cc                isr_irq24
                0x100001cc                isr_irq1
                0x100001cc                isr_irq7
                0x100001cc                isr_irq21
                0x100001cc                isr_irq20
                0x100001cc                isr_irq15
                0x100001cc                isr_irq25
                0x100001cc                isr_irq4
                0x100001cc                isr_irq16
                0x100001cc                isr_irq29
                0x100001cc                isr_irq26
                0x100001cc                __default_isrs_end
                0x100001cc                isr_irq3
                0x100001cc                isr_irq12
                0x100001cc                isr_irq9
                0x100001d2                unhandled_user_irq_num_in_r0
 *(.binary_info_header)
 .binary_info_header
                0x100001d4       0x14 CMakeFiles/PicoSnd.dir/home/cbmeeks/sdk/pico/pico-sdk/src/rp2_common/pico_standard_link/crt0.S.obj
                0x100001e8                        __binary_info_header_end = .
 *(.reset)
 .reset         0x100001e8       0xa0 CMakeFiles/PicoSnd.dir/home/cbmeeks/sdk/pico/pico-sdk/src/rp2_common/pico_standard_link/crt0.S.obj
                0x100001e8                _entry_point
 .reset         0x10000288       0x30 CMakeFiles/PicoSnd.dir/home/cbmeeks/sdk/pico/pico-sdk/src/rp2_common/pico_standard_link/binary_info.c.obj
 *(.init)
 .init          0x100002b8        0x4 /usr/lib/gcc/arm-none-eabi/14.1.0/thumb/v6-m/nofp/crti.o
                0x100002b8                _init
 *(EXCLUDE_FILE(*libm.a: *libc.a:*lib_a-mem*.o *libgcc.a:) .text*)
 .text          0x100002bc       0x98 /usr/lib/gcc/arm-none-eabi/14.1.0/thumb/v6-m/nofp/crtbegin.o
 .text.audio_update_callback
                0x10000354        0xe CMakeFiles/PicoSnd.dir/main.c.obj
                0x10000354                audio_update_callback
 .text.add_repeating_timer_us
                0x10000362       0x24 CMakeFiles/PicoSnd.dir/main.c.obj
 *fill*         0x10000386        0x2 
 .text.main     0x10000388       0x28 CMakeFiles/PicoSnd.dir/main.c.obj
                0x10000388                main
 .text.createPSG
                0x100003b0       0x18 CMakeFiles/PicoSnd.dir/audio.c.obj
 .text.audioInit
                0x100003c8       0x68 CMakeFiles/PicoSnd.dir/audio.c.obj
                0x100003c8                audioInit
 .text.audioUpdate
                0x10000430       0x74 CMakeFiles/PicoSnd.dir/audio.c.obj
                0x10000430                audioUpdate
 .text.audioWritePsg0
                0x100004a4       0x24 CMakeFiles/PicoSnd.dir/audio.c.obj
                0x100004a4                audioWritePsg0
 .text.internal_refresh
                0x100004c8       0x74 CMakeFiles/PicoSnd.dir/emu2149.c.obj
 .text.update_output
                0x1000053c      0x1f4 CMakeFiles/PicoSnd.dir/emu2149.c.obj
 .text.PSG_setVolumeMode
                0x10000730       0x24 CMakeFiles/PicoSnd.dir/emu2149.c.obj
                0x10000730                PSG_setVolumeMode
 .text.PSG_setMask
                0x10000754        0xe CMakeFiles/PicoSnd.dir/emu2149.c.obj
                0x10000754                PSG_setMask
 *fill*         0x10000762        0x2 
 .text.PSG_new  0x10000764       0x44 CMakeFiles/PicoSnd.dir/emu2149.c.obj
                0x10000764                PSG_new
 .text.PSG_reset
                0x100007a8       0x7c CMakeFiles/PicoSnd.dir/emu2149.c.obj
                0x100007a8                PSG_reset
 .text.PSG_calc
                0x10000824       0x64 CMakeFiles/PicoSnd.dir/emu2149.c.obj
                0x10000824                PSG_calc
 .text.PSG_writeReg
                0x10000888       0xd4 CMakeFiles/PicoSnd.dir/emu2149.c.obj
                0x10000888                PSG_writeReg
 .text.getByte  0x1000095c       0x30 CMakeFiles/PicoSnd.dir/vgm.c.obj
                0x1000095c                getByte
 .text.read16   0x1000098c       0x16 CMakeFiles/PicoSnd.dir/vgm.c.obj
                0x1000098c                read16
 .text.read32   0x100009a2       0x26 CMakeFiles/PicoSnd.dir/vgm.c.obj
                0x100009a2                read32
 .text.pause    0x100009c8       0x50 CMakeFiles/PicoSnd.dir/vgm.c.obj
                0x100009c8                pause
 .text.toHex    0x10000a18       0x10 CMakeFiles/PicoSnd.dir/vgm.c.obj
                0x10000a18                toHex
 .text.readVGMHeader
                0x10000a28       0xb4 CMakeFiles/PicoSnd.dir/vgm.c.obj
                0x10000a28                readVGMHeader
 .text.initAudio
                0x10000adc       0x2c CMakeFiles/PicoSnd.dir/vgm.c.obj
                0x10000adc                initAudio
 .text.writeRegister
                0x10000b08       0x16 CMakeFiles/PicoSnd.dir/vgm.c.obj
                0x10000b08                writeRegister
 *fill*         0x10000b1e        0x2 
 .text.vgm      0x10000b20       0xd8 CMakeFiles/PicoSnd.dir/vgm.c.obj
                0x10000b20                vgm
 .text.play     0x10000bf8        0x8 CMakeFiles/PicoSnd.dir/vgm.c.obj
                0x10000bf8                play
 .text.lock_init
                0x10000c00       0x10 CMakeFiles/PicoSnd.dir/home/cbmeeks/sdk/pico/pico-sdk/src/common/pico_sync/lock_core.c.obj
                0x10000c00                lock_init
 .text.update_us_since_boot
                0x10000c10       0x24 CMakeFiles/PicoSnd.dir/home/cbmeeks/sdk/pico/pico-sdk/src/common/pico_sync/mutex.c.obj
 .text.delayed_by_ms
                0x10000c34       0x44 CMakeFiles/PicoSnd.dir/home/cbmeeks/sdk/pico/pico-sdk/src/common/pico_sync/mutex.c.obj
 .text.get_absolute_time
                0x10000c78       0x22 CMakeFiles/PicoSnd.dir/home/cbmeeks/sdk/pico/pico-sdk/src/common/pico_sync/mutex.c.obj
 .text.make_timeout_time_ms
                0x10000c9a       0x20 CMakeFiles/PicoSnd.dir/home/cbmeeks/sdk/pico/pico-sdk/src/common/pico_sync/mutex.c.obj
 .text.mutex_init
                0x10000cba       0x1a CMakeFiles/PicoSnd.dir/home/cbmeeks/sdk/pico/pico-sdk/src/common/pico_sync/mutex.c.obj
                0x10000cba                mutex_init
 .text.recursive_mutex_init
                0x10000cd4       0x1e CMakeFiles/PicoSnd.dir/home/cbmeeks/sdk/pico/pico-sdk/src/common/pico_sync/mutex.c.obj
                0x10000cd4                recursive_mutex_init
 *fill*         0x10000cf2        0x2 
 .text.critical_section_init_with_lock_num
                0x10000cf4       0x14 CMakeFiles/PicoSnd.dir/home/cbmeeks/sdk/pico/pico-sdk/src/common/pico_sync/critical_section.c.obj
                0x10000cf4                critical_section_init_with_lock_num
 .text.critical_section_init
                0x10000d08       0x14 CMakeFiles/PicoSnd.dir/home/cbmeeks/sdk/pico/pico-sdk/src/common/pico_sync/critical_section.c.obj
                0x10000d08                critical_section_init
 .text.time_reached
                0x10000d1c       0x28 CMakeFiles/PicoSnd.dir/home/cbmeeks/sdk/pico/pico-sdk/src/common/pico_time/time.c.obj
 .text.get_entry
                0x10000d44       0x38 CMakeFiles/PicoSnd.dir/home/cbmeeks/sdk/pico/pico-sdk/src/common/pico_time/time.c.obj
 .text.timer_pool_entry_comparator
                0x10000d7c       0x2e CMakeFiles/PicoSnd.dir/home/cbmeeks/sdk/pico/pico-sdk/src/common/pico_time/time.c.obj
                0x10000d7c                timer_pool_entry_comparator
 *fill*         0x10000daa        0x2 
 .text.update_us_since_boot
                0x10000dac       0x24 CMakeFiles/PicoSnd.dir/home/cbmeeks/sdk/pico/pico-sdk/src/common/pico_time/time.c.obj
 .text.delayed_by_us
                0x10000dd0       0x34 CMakeFiles/PicoSnd.dir/home/cbmeeks/sdk/pico/pico-sdk/src/common/pico_time/time.c.obj
 .text.ph_get_node
                0x10000e04       0x30 CMakeFiles/PicoSnd.dir/home/cbmeeks/sdk/pico/pico-sdk/src/common/pico_time/time.c.obj
 .text.ph_contains_node
                0x10000e34       0x1e CMakeFiles/PicoSnd.dir/home/cbmeeks/sdk/pico/pico-sdk/src/common/pico_time/time.c.obj
 .text.ph_new_node
                0x10000e52       0x28 CMakeFiles/PicoSnd.dir/home/cbmeeks/sdk/pico/pico-sdk/src/common/pico_time/time.c.obj
 *fill*         0x10000e7a        0x2 
 .text.ph_add_child_node
                0x10000e7c       0x6c CMakeFiles/PicoSnd.dir/home/cbmeeks/sdk/pico/pico-sdk/src/common/pico_time/time.c.obj
 .text.ph_merge_nodes
                0x10000ee8       0x3e CMakeFiles/PicoSnd.dir/home/cbmeeks/sdk/pico/pico-sdk/src/common/pico_time/time.c.obj
 *fill*         0x10000f26        0x2 
 .text.ph_insert_node
                0x10000f28       0x3c CMakeFiles/PicoSnd.dir/home/cbmeeks/sdk/pico/pico-sdk/src/common/pico_time/time.c.obj
 .text.ph_free_node
                0x10000f64       0x5c CMakeFiles/PicoSnd.dir/home/cbmeeks/sdk/pico/pico-sdk/src/common/pico_time/time.c.obj
 .text.get_entry_id_high
                0x10000fc0       0x30 CMakeFiles/PicoSnd.dir/home/cbmeeks/sdk/pico/pico-sdk/src/common/pico_time/time.c.obj
 .text.repeating_timer_callback
                0x10000ff0       0x40 CMakeFiles/PicoSnd.dir/home/cbmeeks/sdk/pico/pico-sdk/src/common/pico_time/time.c.obj
 .text.alarm_pool_post_alloc_init
                0x10001030       0x40 CMakeFiles/PicoSnd.dir/home/cbmeeks/sdk/pico/pico-sdk/src/common/pico_time/time.c.obj
 .text.sleep_until_callback
                0x10001070       0x30 CMakeFiles/PicoSnd.dir/home/cbmeeks/sdk/pico/pico-sdk/src/common/pico_time/time.c.obj
 .text.get_absolute_time
                0x100010a0       0x22 CMakeFiles/PicoSnd.dir/home/cbmeeks/sdk/pico/pico-sdk/src/common/pico_time/time.c.obj
 .text.make_timeout_time_us
                0x100010c2       0x24 CMakeFiles/PicoSnd.dir/home/cbmeeks/sdk/pico/pico-sdk/src/common/pico_time/time.c.obj
 *fill*         0x100010e6        0x2 
 .text.add_alarm_under_lock
                0x100010e8       0x94 CMakeFiles/PicoSnd.dir/home/cbmeeks/sdk/pico/pico-sdk/src/common/pico_time/time.c.obj
 .text.alarm_pool_alarm_callback
                0x1000117c      0x210 CMakeFiles/PicoSnd.dir/home/cbmeeks/sdk/pico/pico-sdk/src/common/pico_time/time.c.obj
 .text.alarm_pool_init_default
                0x1000138c       0x40 CMakeFiles/PicoSnd.dir/home/cbmeeks/sdk/pico/pico-sdk/src/common/pico_time/time.c.obj
                0x1000138c                alarm_pool_init_default
 .text.alarm_pool_get_default
                0x100013cc       0x2c CMakeFiles/PicoSnd.dir/home/cbmeeks/sdk/pico/pico-sdk/src/common/pico_time/time.c.obj
                0x100013cc                alarm_pool_get_default
 .text.alarm_pool_add_alarm_at
                0x100013f8      0x11c CMakeFiles/PicoSnd.dir/home/cbmeeks/sdk/pico/pico-sdk/src/common/pico_time/time.c.obj
                0x100013f8                alarm_pool_add_alarm_at
 .text.add_alarm_at
                0x10001514       0x2e CMakeFiles/PicoSnd.dir/home/cbmeeks/sdk/pico/pico-sdk/src/common/pico_time/time.c.obj
 *fill*         0x10001542        0x2 
 .text.alarm_pool_cancel_alarm
                0x10001544       0xa8 CMakeFiles/PicoSnd.dir/home/cbmeeks/sdk/pico/pico-sdk/src/common/pico_time/time.c.obj
                0x10001544                alarm_pool_cancel_alarm
 .text.cancel_alarm
                0x100015ec       0x10 CMakeFiles/PicoSnd.dir/home/cbmeeks/sdk/pico/pico-sdk/src/common/pico_time/time.c.obj
 .text.alarm_pool_core_num
                0x100015fc        0x4 CMakeFiles/PicoSnd.dir/home/cbmeeks/sdk/pico/pico-sdk/src/common/pico_time/time.c.obj
                0x100015fc                alarm_pool_core_num
 .text.alarm_pool_add_repeating_timer_us
                0x10001600       0x5c CMakeFiles/PicoSnd.dir/home/cbmeeks/sdk/pico/pico-sdk/src/common/pico_time/time.c.obj
                0x10001600                alarm_pool_add_repeating_timer_us
 .text.best_effort_wfe_or_timeout
                0x1000165c       0x44 CMakeFiles/PicoSnd.dir/home/cbmeeks/sdk/pico/pico-sdk/src/common/pico_time/time.c.obj
                0x1000165c                best_effort_wfe_or_timeout
 .text.hardware_alarm_irq_handler
                0x100016a0       0x8c CMakeFiles/PicoSnd.dir/home/cbmeeks/sdk/pico/pico-sdk/src/rp2_common/hardware_timer/timer.c.obj
 .text.hardware_alarm_claim
                0x1000172c       0x18 CMakeFiles/PicoSnd.dir/home/cbmeeks/sdk/pico/pico-sdk/src/rp2_common/hardware_timer/timer.c.obj
                0x1000172c                hardware_alarm_claim
 .text.time_us_64
                0x10001744       0x18 CMakeFiles/PicoSnd.dir/home/cbmeeks/sdk/pico/pico-sdk/src/rp2_common/hardware_timer/timer.c.obj
                0x10001744                time_us_64
 .text.hardware_alarm_set_callback
                0x1000175c       0x90 CMakeFiles/PicoSnd.dir/home/cbmeeks/sdk/pico/pico-sdk/src/rp2_common/hardware_timer/timer.c.obj
                0x1000175c                hardware_alarm_set_callback
 .text.hardware_alarm_set_target
                0x100017ec       0xe8 CMakeFiles/PicoSnd.dir/home/cbmeeks/sdk/pico/pico-sdk/src/rp2_common/hardware_timer/timer.c.obj
                0x100017ec                hardware_alarm_set_target
 .text.hardware_alarm_cancel
                0x100018d4       0x40 CMakeFiles/PicoSnd.dir/home/cbmeeks/sdk/pico/pico-sdk/src/rp2_common/hardware_timer/timer.c.obj
                0x100018d4                hardware_alarm_cancel
 .text.running_on_fpga
                0x10001914       0x14 CMakeFiles/PicoSnd.dir/home/cbmeeks/sdk/pico/pico-sdk/src/rp2_common/pico_platform/platform.c.obj
                0x10001914                running_on_fpga
 .text.hw_claim_lock
                0x10001928       0x18 CMakeFiles/PicoSnd.dir/home/cbmeeks/sdk/pico/pico-sdk/src/rp2_common/hardware_claim/claim.c.obj
                0x10001928                hw_claim_lock
 .text.hw_claim_unlock
                0x10001940       0x14 CMakeFiles/PicoSnd.dir/home/cbmeeks/sdk/pico/pico-sdk/src/rp2_common/hardware_claim/claim.c.obj
                0x10001940                hw_claim_unlock
 .text.hw_claim_or_assert
                0x10001954       0x32 CMakeFiles/PicoSnd.dir/home/cbmeeks/sdk/pico/pico-sdk/src/rp2_common/hardware_claim/claim.c.obj
                0x10001954                hw_claim_or_assert
 .text.hw_claim_unused_from_range
                0x10001986       0x50 CMakeFiles/PicoSnd.dir/home/cbmeeks/sdk/pico/pico-sdk/src/rp2_common/hardware_claim/claim.c.obj
                0x10001986                hw_claim_unused_from_range
 *fill*         0x100019d6        0x2 
 .text.spin_locks_reset
                0x100019d8       0x20 CMakeFiles/PicoSnd.dir/home/cbmeeks/sdk/pico/pico-sdk/src/rp2_common/hardware_sync/sync.c.obj
                0x100019d8                spin_locks_reset
 .text.next_striped_spin_lock_num
                0x100019f8       0x1c CMakeFiles/PicoSnd.dir/home/cbmeeks/sdk/pico/pico-sdk/src/rp2_common/hardware_sync/sync.c.obj
                0x100019f8                next_striped_spin_lock_num
 .text.spin_lock_claim_unused
                0x10001a14       0x24 CMakeFiles/PicoSnd.dir/home/cbmeeks/sdk/pico/pico-sdk/src/rp2_common/hardware_sync/sync.c.obj
                0x10001a14                spin_lock_claim_unused
 .text.set_raw_irq_handler_and_unlock
                0x10001a38       0x28 CMakeFiles/PicoSnd.dir/home/cbmeeks/sdk/pico/pico-sdk/src/rp2_common/hardware_irq/irq.c.obj
 .text.resolve_branch
                0x10001a60       0x30 CMakeFiles/PicoSnd.dir/home/cbmeeks/sdk/pico/pico-sdk/src/rp2_common/hardware_irq/irq.c.obj
 .text.make_branch
                0x10001a90       0x48 CMakeFiles/PicoSnd.dir/home/cbmeeks/sdk/pico/pico-sdk/src/rp2_common/hardware_irq/irq.c.obj
 .text.insert_branch_and_link
                0x10001ad8       0x40 CMakeFiles/PicoSnd.dir/home/cbmeeks/sdk/pico/pico-sdk/src/rp2_common/hardware_irq/irq.c.obj
 .text.irq_is_enabled
                0x10001b18       0x18 CMakeFiles/PicoSnd.dir/home/cbmeeks/sdk/pico/pico-sdk/src/rp2_common/hardware_irq/irq.c.obj
                0x10001b18                irq_is_enabled
 .text.irq_set_mask_enabled
                0x10001b30       0x20 CMakeFiles/PicoSnd.dir/home/cbmeeks/sdk/pico/pico-sdk/src/rp2_common/hardware_irq/irq.c.obj
                0x10001b30                irq_set_mask_enabled
 .text.irq_set_enabled
                0x10001b50        0xe CMakeFiles/PicoSnd.dir/home/cbmeeks/sdk/pico/pico-sdk/src/rp2_common/hardware_irq/irq.c.obj
                0x10001b50                irq_set_enabled
 *fill*         0x10001b5e        0x2 
 .text.irq_set_pending
                0x10001b60       0x10 CMakeFiles/PicoSnd.dir/home/cbmeeks/sdk/pico/pico-sdk/src/rp2_common/hardware_irq/irq.c.obj
                0x10001b60                irq_set_pending
 .text.irq_get_vtable_handler
                0x10001b70       0x10 CMakeFiles/PicoSnd.dir/home/cbmeeks/sdk/pico/pico-sdk/src/rp2_common/hardware_irq/irq.c.obj
                0x10001b70                irq_get_vtable_handler
 .text.irq_has_shared_handler
                0x10001b80       0x24 CMakeFiles/PicoSnd.dir/home/cbmeeks/sdk/pico/pico-sdk/src/rp2_common/hardware_irq/irq.c.obj
                0x10001b80                irq_has_shared_handler
 .text.irq_set_exclusive_handler
                0x10001ba4       0x54 CMakeFiles/PicoSnd.dir/home/cbmeeks/sdk/pico/pico-sdk/src/rp2_common/hardware_irq/irq.c.obj
                0x10001ba4                irq_set_exclusive_handler
 .text.irq_add_shared_handler
                0x10001bf8      0x210 CMakeFiles/PicoSnd.dir/home/cbmeeks/sdk/pico/pico-sdk/src/rp2_common/hardware_irq/irq.c.obj
                0x10001bf8                irq_add_shared_handler
 .text.irq_remove_handler
                0x10001e08      0x188 CMakeFiles/PicoSnd.dir/home/cbmeeks/sdk/pico/pico-sdk/src/rp2_common/hardware_irq/irq.c.obj
                0x10001e08                irq_remove_handler
 .text.irq_add_tail_to_free_list
                0x10001f90       0xf0 CMakeFiles/PicoSnd.dir/home/cbmeeks/sdk/pico/pico-sdk/src/rp2_common/hardware_irq/irq.c.obj
                0x10001f90                irq_add_tail_to_free_list
 .text.irq_init_priorities
                0x10002080       0x1c CMakeFiles/PicoSnd.dir/home/cbmeeks/sdk/pico/pico-sdk/src/rp2_common/hardware_irq/irq.c.obj
                0x10002080                irq_init_priorities
 .text.user_irq_claim_unused
                0x1000209c       0x2c CMakeFiles/PicoSnd.dir/home/cbmeeks/sdk/pico/pico-sdk/src/rp2_common/hardware_irq/irq.c.obj
                0x1000209c                user_irq_claim_unused
 .text.ph_get_node
                0x100020c8       0x30 CMakeFiles/PicoSnd.dir/home/cbmeeks/sdk/pico/pico-sdk/src/common/pico_util/pheap.c.obj
 .text.ph_add_child_node
                0x100020f8       0x6c CMakeFiles/PicoSnd.dir/home/cbmeeks/sdk/pico/pico-sdk/src/common/pico_util/pheap.c.obj
 .text.ph_merge_nodes
                0x10002164       0x3e CMakeFiles/PicoSnd.dir/home/cbmeeks/sdk/pico/pico-sdk/src/common/pico_util/pheap.c.obj
 .text.ph_clear
                0x100021a2       0x34 CMakeFiles/PicoSnd.dir/home/cbmeeks/sdk/pico/pico-sdk/src/common/pico_util/pheap.c.obj
                0x100021a2                ph_clear
 .text.ph_post_alloc_init
                0x100021d6        0xe CMakeFiles/PicoSnd.dir/home/cbmeeks/sdk/pico/pico-sdk/src/common/pico_util/pheap.c.obj
                0x100021d6                ph_post_alloc_init
 .text.ph_merge_two_pass
                0x100021e4       0x5c CMakeFiles/PicoSnd.dir/home/cbmeeks/sdk/pico/pico-sdk/src/common/pico_util/pheap.c.obj
                0x100021e4                ph_merge_two_pass
 .text.ph_remove_any_head
                0x10002240       0xc0 CMakeFiles/PicoSnd.dir/home/cbmeeks/sdk/pico/pico-sdk/src/common/pico_util/pheap.c.obj
 .text.ph_remove_head
                0x10002300       0x14 CMakeFiles/PicoSnd.dir/home/cbmeeks/sdk/pico/pico-sdk/src/common/pico_util/pheap.c.obj
                0x10002300                ph_remove_head
 .text.ph_remove_and_free_node
                0x10002314       0xa0 CMakeFiles/PicoSnd.dir/home/cbmeeks/sdk/pico/pico-sdk/src/common/pico_util/pheap.c.obj
                0x10002314                ph_remove_and_free_node
 .text.gpio_set_function
                0x100023b4       0x30 CMakeFiles/PicoSnd.dir/home/cbmeeks/sdk/pico/pico-sdk/src/rp2_common/hardware_gpio/gpio.c.obj
                0x100023b4                gpio_set_function
 .text.clock_configure
                0x100023e4      0x108 CMakeFiles/PicoSnd.dir/home/cbmeeks/sdk/pico/pico-sdk/src/rp2_common/hardware_clocks/clocks.c.obj
                0x100023e4                clock_configure
 .text.clocks_init
                0x100024ec      0x100 CMakeFiles/PicoSnd.dir/home/cbmeeks/sdk/pico/pico-sdk/src/rp2_common/hardware_clocks/clocks.c.obj
                0x100024ec                clocks_init
 .text.pll_init
                0x100025ec      0x120 CMakeFiles/PicoSnd.dir/home/cbmeeks/sdk/pico/pico-sdk/src/rp2_common/hardware_pll/pll.c.obj
                0x100025ec                pll_init
 .text.watchdog_start_tick
                0x1000270c       0x10 CMakeFiles/PicoSnd.dir/home/cbmeeks/sdk/pico/pico-sdk/src/rp2_common/hardware_watchdog/watchdog.c.obj
                0x1000270c                watchdog_start_tick
 .text.watchdog_update
                0x1000271c       0x14 CMakeFiles/PicoSnd.dir/home/cbmeeks/sdk/pico/pico-sdk/src/rp2_common/hardware_watchdog/watchdog.c.obj
                0x1000271c                watchdog_update
 .text._watchdog_enable
                0x10002730       0x78 CMakeFiles/PicoSnd.dir/home/cbmeeks/sdk/pico/pico-sdk/src/rp2_common/hardware_watchdog/watchdog.c.obj
                0x10002730                _watchdog_enable
 .text.watchdog_reboot
                0x100027a8       0x48 CMakeFiles/PicoSnd.dir/home/cbmeeks/sdk/pico/pico-sdk/src/rp2_common/hardware_watchdog/watchdog.c.obj
                0x100027a8                watchdog_reboot
 .text.xosc_init
                0x100027f0       0x28 CMakeFiles/PicoSnd.dir/home/cbmeeks/sdk/pico/pico-sdk/src/rp2_common/hardware_xosc/xosc.c.obj
                0x100027f0                xosc_init
 .text._exit    0x10002818        0x4 CMakeFiles/PicoSnd.dir/home/cbmeeks/sdk/pico/pico-sdk/src/rp2_common/pico_runtime/runtime.c.obj
                0x10002818                _exit
 .text._sbrk    0x1000281c       0x38 CMakeFiles/PicoSnd.dir/home/cbmeeks/sdk/pico/pico-sdk/src/rp2_common/pico_runtime/runtime.c.obj
                0x1000281c                _sbrk
 .text.exit     0x10002854        0x6 CMakeFiles/PicoSnd.dir/home/cbmeeks/sdk/pico/pico-sdk/src/rp2_common/pico_runtime/runtime.c.obj
                0x10002854                exit
 *fill*         0x1000285a        0x2 
 .text.__assert_func
                0x1000285c       0x38 CMakeFiles/PicoSnd.dir/home/cbmeeks/sdk/pico/pico-sdk/src/rp2_common/pico_runtime/runtime.c.obj
                0x1000285c                __assert_func
 .text.runtime_init
                0x10002894       0xf8 CMakeFiles/PicoSnd.dir/home/cbmeeks/sdk/pico/pico-sdk/src/rp2_common/pico_runtime/runtime.c.obj
                0x10002894                runtime_init
 .text.panic    0x1000298c       0x30 CMakeFiles/PicoSnd.dir/home/cbmeeks/sdk/pico/pico-sdk/src/rp2_common/pico_runtime/runtime.c.obj
                0x1000298c                panic
 .text._out_null
                0x100029bc        0x2 CMakeFiles/PicoSnd.dir/home/cbmeeks/sdk/pico/pico-sdk/src/rp2_common/pico_printf/printf.c.obj
 .text._out_fct
                0x100029be        0xe CMakeFiles/PicoSnd.dir/home/cbmeeks/sdk/pico/pico-sdk/src/rp2_common/pico_printf/printf.c.obj
 .text._atoi    0x100029cc       0x24 CMakeFiles/PicoSnd.dir/home/cbmeeks/sdk/pico/pico-sdk/src/rp2_common/pico_printf/printf.c.obj
 .text._out_rev
                0x100029f0       0xb0 CMakeFiles/PicoSnd.dir/home/cbmeeks/sdk/pico/pico-sdk/src/rp2_common/pico_printf/printf.c.obj
 .text._ntoa_format
                0x10002aa0      0x10e CMakeFiles/PicoSnd.dir/home/cbmeeks/sdk/pico/pico-sdk/src/rp2_common/pico_printf/printf.c.obj
 .text._ntoa_long
                0x10002bae       0xbc CMakeFiles/PicoSnd.dir/home/cbmeeks/sdk/pico/pico-sdk/src/rp2_common/pico_printf/printf.c.obj
 .text._ntoa_long_long
                0x10002c6a      0x10e CMakeFiles/PicoSnd.dir/home/cbmeeks/sdk/pico/pico-sdk/src/rp2_common/pico_printf/printf.c.obj
 .text._etoa    0x10002d78      0x424 CMakeFiles/PicoSnd.dir/home/cbmeeks/sdk/pico/pico-sdk/src/rp2_common/pico_printf/printf.c.obj
 .text._ftoa    0x1000319c      0x348 CMakeFiles/PicoSnd.dir/home/cbmeeks/sdk/pico/pico-sdk/src/rp2_common/pico_printf/printf.c.obj
 .text._vsnprintf
                0x100034e4      0x6a4 CMakeFiles/PicoSnd.dir/home/cbmeeks/sdk/pico/pico-sdk/src/rp2_common/pico_printf/printf.c.obj
 .text.vfctprintf
                0x10003b88       0x24 CMakeFiles/PicoSnd.dir/home/cbmeeks/sdk/pico/pico-sdk/src/rp2_common/pico_printf/printf.c.obj
                0x10003b88                vfctprintf
 .text          0x10003bac       0x10 CMakeFiles/PicoSnd.dir/home/cbmeeks/sdk/pico/pico-sdk/src/rp2_common/pico_bit_ops/bit_ops_aeabi.S.obj
 .text.rom_func_lookup
                0x10003bbc       0x10 CMakeFiles/PicoSnd.dir/home/cbmeeks/sdk/pico/pico-sdk/src/rp2_common/pico_bootrom/bootrom.c.obj
                0x10003bbc                rom_func_lookup
 .text.rom_data_lookup
                0x10003bcc       0x10 CMakeFiles/PicoSnd.dir/home/cbmeeks/sdk/pico/pico-sdk/src/rp2_common/pico_bootrom/bootrom.c.obj
                0x10003bcc                rom_data_lookup
 .text.rom_funcs_lookup
                0x10003bdc       0x36 CMakeFiles/PicoSnd.dir/home/cbmeeks/sdk/pico/pico-sdk/src/rp2_common/pico_bootrom/bootrom.c.obj
                0x10003bdc                rom_funcs_lookup
 *fill*         0x10003c12        0x2 
 .text.__wrap___aeabi_idiv
                0x10003c14       0x50 CMakeFiles/PicoSnd.dir/home/cbmeeks/sdk/pico/pico-sdk/src/rp2_common/pico_divider/divider.S.obj
                0x10003c14                __wrap___aeabi_idivmod
                0x10003c14                divmod_s32s32
                0x10003c14                div_s32s32
                0x10003c14                __wrap___aeabi_idiv
                0x10003c1c                divmod_s32s32_unsafe
                0x10003c48                divmod_s32s32_savestate
 .text.__wrap___aeabi_uidiv
                0x10003c64       0x4c CMakeFiles/PicoSnd.dir/home/cbmeeks/sdk/pico/pico-sdk/src/rp2_common/pico_divider/divider.S.obj
                0x10003c64                __wrap___aeabi_uidiv
                0x10003c64                __wrap___aeabi_uidivmod
                0x10003c64                div_u32u32
                0x10003c64                divmod_u32u32
                0x10003c6c                divmod_u32u32_unsafe
                0x10003c94                divmod_u32u32_savestate
 .text.__wrap___aeabi_ldiv
                0x10003cb0      0x424 CMakeFiles/PicoSnd.dir/home/cbmeeks/sdk/pico/pico-sdk/src/rp2_common/pico_divider/divider.S.obj
                0x10003cb0                div_s64s64
                0x10003cb0                divmod_s64s64
                0x10003cb0                __wrap___aeabi_ldivmod
                0x10003ce0                div_u64u64
                0x10003ce0                divmod_u64u64
                0x10003ce0                __wrap___aeabi_uldivmod
                0x10003cf0                divmod_u64u64_savestate
                0x10003d10                divmod_s64s64_unsafe
                0x10003d98                divmod_u64u64_unsafe
 .text.__wrap___aeabi_darithmetic
                0x100040d4       0x80 CMakeFiles/PicoSnd.dir/home/cbmeeks/sdk/pico/pico-sdk/src/rp2_common/pico_double/double_aeabi.S.obj
                0x100040d4                __wrap___aeabi_drsub
                0x100040da                __wrap___aeabi_dsub
                0x100040ec                __wrap___aeabi_dadd
                0x100040fe                __wrap___aeabi_ddiv
                0x1000413a                __wrap___aeabi_dmul
 .text.__wrap___aeabi_cdcmple
                0x10004154       0x6c CMakeFiles/PicoSnd.dir/home/cbmeeks/sdk/pico/pico-sdk/src/rp2_common/pico_double/double_aeabi.S.obj
                0x10004154                __wrap___aeabi_cdrcmple
                0x10004164                __wrap___aeabi_cdcmple
                0x10004164                __wrap___aeabi_cdcmpeq
 .text.__wrap___aeabi_dcmplt
                0x100041c0        0xc CMakeFiles/PicoSnd.dir/home/cbmeeks/sdk/pico/pico-sdk/src/rp2_common/pico_double/double_aeabi.S.obj
                0x100041c0                __wrap___aeabi_dcmplt
 .text.__wrap___aeabi_dcmple
                0x100041cc       0x10 CMakeFiles/PicoSnd.dir/home/cbmeeks/sdk/pico/pico-sdk/src/rp2_common/pico_double/double_aeabi.S.obj
                0x100041cc                __wrap___aeabi_dcmple
 .text.__wrap___aeabi_dcmpge
                0x100041dc       0x10 CMakeFiles/PicoSnd.dir/home/cbmeeks/sdk/pico/pico-sdk/src/rp2_common/pico_double/double_aeabi.S.obj
                0x100041dc                __wrap___aeabi_dcmpge
 .text.__wrap___aeabi_dcmpgt
                0x100041ec        0xa CMakeFiles/PicoSnd.dir/home/cbmeeks/sdk/pico/pico-sdk/src/rp2_common/pico_double/double_aeabi.S.obj
                0x100041ec                __wrap___aeabi_dcmpgt
 .text.__wrap___aeabi_dcmpun
                0x100041f6       0x1c CMakeFiles/PicoSnd.dir/home/cbmeeks/sdk/pico/pico-sdk/src/rp2_common/pico_double/double_aeabi.S.obj
                0x100041f6                __wrap___aeabi_dcmpun
 *fill*         0x10004212        0x2 
 .text.__wrap___aeabi_i2d
                0x10004214       0x38 CMakeFiles/PicoSnd.dir/home/cbmeeks/sdk/pico/pico-sdk/src/rp2_common/pico_double/double_aeabi.S.obj
                0x10004214                __wrap___aeabi_ui2d
                0x1000421c                __wrap___aeabi_i2d
 .text.__wrap___aeabi_d2iz
                0x1000424c       0x48 CMakeFiles/PicoSnd.dir/home/cbmeeks/sdk/pico/pico-sdk/src/rp2_common/pico_double/double_aeabi.S.obj
                0x1000424c                __wrap___aeabi_d2iz
                0x1000424c                double2int_z
 .text.__wrap___aeabi_d2uiz
                0x10004294       0x18 CMakeFiles/PicoSnd.dir/home/cbmeeks/sdk/pico/pico-sdk/src/rp2_common/pico_double/double_aeabi.S.obj
                0x10004294                double2uint
                0x10004294                __wrap___aeabi_d2uiz
 .text.__aeabi_double_init
                0x100042ac       0xcc CMakeFiles/PicoSnd.dir/home/cbmeeks/sdk/pico/pico-sdk/src/rp2_common/pico_double/double_init_rom.c.obj
                0x100042ac                __aeabi_double_init
 .text.double_table_shim_on_use_helper
                0x10004378       0x34 CMakeFiles/PicoSnd.dir/home/cbmeeks/sdk/pico/pico-sdk/src/rp2_common/pico_double/double_v1_rom_shim.S.obj
                0x10004378                double_table_shim_on_use_helper
 .text.__wrap___aeabi_dsub
                0x100043ac       0x10 CMakeFiles/PicoSnd.dir/home/cbmeeks/sdk/pico/pico-sdk/src/rp2_common/pico_double/double_v1_rom_shim.S.obj
                0x100043ac                drsub_shim
                0x100043b2                dsub_shim
 .text.dadd_shim
                0x100043bc      0x15c CMakeFiles/PicoSnd.dir/home/cbmeeks/sdk/pico/pico-sdk/src/rp2_common/pico_double/double_v1_rom_shim.S.obj
                0x100043bc                dadd_shim
 .text.dmul_shim
                0x10004518      0x15c CMakeFiles/PicoSnd.dir/home/cbmeeks/sdk/pico/pico-sdk/src/rp2_common/pico_double/double_v1_rom_shim.S.obj
                0x10004518                dmul_shim
 .text.ddiv_shim
                0x10004674      0x1b0 CMakeFiles/PicoSnd.dir/home/cbmeeks/sdk/pico/pico-sdk/src/rp2_common/pico_double/double_v1_rom_shim.S.obj
                0x10004674                ddiv_shim
 .text.double2uint_shim
                0x10004824        0xe CMakeFiles/PicoSnd.dir/home/cbmeeks/sdk/pico/pico-sdk/src/rp2_common/pico_double/double_v1_rom_shim.S.obj
                0x10004824                double2uint_shim
                0x10004826                double2ufix_shim
 *fill*         0x10004832        0x2 
 .text.double2uint64_shim
                0x10004834       0x70 CMakeFiles/PicoSnd.dir/home/cbmeeks/sdk/pico/pico-sdk/src/rp2_common/pico_double/double_v1_rom_shim.S.obj
                0x10004834                double2uint64_shim
                0x10004836                double2ufix64_shim
                0x10004856                d2fix_a
 .text.dunpacks
                0x100048a4       0x3c CMakeFiles/PicoSnd.dir/home/cbmeeks/sdk/pico/pico-sdk/src/rp2_common/pico_double/double_v1_rom_shim.S.obj
                0x100048a4                dunpacks
 .text.__aeabi_lmul
                0x100048e0       0x32 CMakeFiles/PicoSnd.dir/home/cbmeeks/sdk/pico/pico-sdk/src/rp2_common/pico_int64_ops/pico_int64_ops_aeabi.S.obj
                0x100048e0                __wrap___aeabi_lmul
 *fill*         0x10004912        0x2 
 .text.__wrap___aeabi_i2f
                0x10004914       0x44 CMakeFiles/PicoSnd.dir/home/cbmeeks/sdk/pico/pico-sdk/src/rp2_common/pico_float/float_aeabi.S.obj
                0x10004914                __wrap___aeabi_i2f
 .text.__wrap___aeabi_f2d
                0x10004958       0x14 CMakeFiles/PicoSnd.dir/home/cbmeeks/sdk/pico/pico-sdk/src/rp2_common/pico_float/float_aeabi.S.obj
                0x10004958                __wrap___aeabi_f2d
 .text.__aeabi_float_init
                0x1000496c       0xfc CMakeFiles/PicoSnd.dir/home/cbmeeks/sdk/pico/pico-sdk/src/rp2_common/pico_float/float_init_rom.c.obj
                0x1000496c                __aeabi_float_init
 .text.float_table_shim_on_use_helper
                0x10004a68       0x34 CMakeFiles/PicoSnd.dir/home/cbmeeks/sdk/pico/pico-sdk/src/rp2_common/pico_float/float_v1_rom_shim.S.obj
                0x10004a68                float_table_shim_on_use_helper
 .text.float2double_shim
                0x10004a9c       0x30 CMakeFiles/PicoSnd.dir/home/cbmeeks/sdk/pico/pico-sdk/src/rp2_common/pico_float/float_v1_rom_shim.S.obj
                0x10004a9c                float2double_shim
 .text.check_alloc
                0x10004acc       0x20 CMakeFiles/PicoSnd.dir/home/cbmeeks/sdk/pico/pico-sdk/src/rp2_common/pico_malloc/pico_malloc.c.obj
 .text.__wrap_calloc
                0x10004aec       0x30 CMakeFiles/PicoSnd.dir/home/cbmeeks/sdk/pico/pico-sdk/src/rp2_common/pico_malloc/pico_malloc.c.obj
                0x10004aec                __wrap_calloc
 .text          0x10004b1c       0x10 CMakeFiles/PicoSnd.dir/home/cbmeeks/sdk/pico/pico-sdk/src/rp2_common/pico_mem_ops/mem_ops_aeabi.S.obj
                0x10004b1c                __aeabi_mem_init
 .text.memset   0x10004b2c        0xc CMakeFiles/PicoSnd.dir/home/cbmeeks/sdk/pico/pico-sdk/src/rp2_common/pico_mem_ops/mem_ops_aeabi.S.obj
                0x10004b2c                __wrap_memset
 .text.memcpy   0x10004b38        0xc CMakeFiles/PicoSnd.dir/home/cbmeeks/sdk/pico/pico-sdk/src/rp2_common/pico_mem_ops/mem_ops_aeabi.S.obj
                0x10004b38                __wrap___aeabi_memcpy
                0x10004b38                __wrap_memcpy
 .text.stdio_out_chars_no_crlf
                0x10004b44        0xe CMakeFiles/PicoSnd.dir/home/cbmeeks/sdk/pico/pico-sdk/src/rp2_common/pico_stdio/stdio.c.obj
 *fill*         0x10004b52        0x2 
 .text.stdio_out_chars_crlf
                0x10004b54       0x80 CMakeFiles/PicoSnd.dir/home/cbmeeks/sdk/pico/pico-sdk/src/rp2_common/pico_stdio/stdio.c.obj
 .text.stdio_stack_buffer_flush
                0x10004bd4       0x44 CMakeFiles/PicoSnd.dir/home/cbmeeks/sdk/pico/pico-sdk/src/rp2_common/pico_stdio/stdio.c.obj
 .text.stdio_buffered_printer
                0x10004c18       0x20 CMakeFiles/PicoSnd.dir/home/cbmeeks/sdk/pico/pico-sdk/src/rp2_common/pico_stdio/stdio.c.obj
 .text.update_us_since_boot
                0x10004c38       0x24 CMakeFiles/PicoSnd.dir/home/cbmeeks/sdk/pico/pico-sdk/src/rp2_common/pico_stdio/stdio.c.obj
 .text.get_absolute_time
                0x10004c5c       0x22 CMakeFiles/PicoSnd.dir/home/cbmeeks/sdk/pico/pico-sdk/src/rp2_common/pico_stdio/stdio.c.obj
 *fill*         0x10004c7e        0x2 
 .text.delayed_by_ms
                0x10004c80       0x44 CMakeFiles/PicoSnd.dir/home/cbmeeks/sdk/pico/pico-sdk/src/rp2_common/pico_stdio/stdio.c.obj
 .text.make_timeout_time_ms
                0x10004cc4       0x20 CMakeFiles/PicoSnd.dir/home/cbmeeks/sdk/pico/pico-sdk/src/rp2_common/pico_stdio/stdio.c.obj
 .text.stdout_serialize_begin
                0x10004ce4       0x20 CMakeFiles/PicoSnd.dir/home/cbmeeks/sdk/pico/pico-sdk/src/rp2_common/pico_stdio/stdio.c.obj
                0x10004ce4                stdout_serialize_begin
 .text.stdout_serialize_end
                0x10004d04       0x10 CMakeFiles/PicoSnd.dir/home/cbmeeks/sdk/pico/pico-sdk/src/rp2_common/pico_stdio/stdio.c.obj
                0x10004d04                stdout_serialize_end
 .text.stdio_put_string
                0x10004d14       0x98 CMakeFiles/PicoSnd.dir/home/cbmeeks/sdk/pico/pico-sdk/src/rp2_common/pico_stdio/stdio.c.obj
 .text.stdio_set_driver_enabled
                0x10004dac       0x30 CMakeFiles/PicoSnd.dir/home/cbmeeks/sdk/pico/pico-sdk/src/rp2_common/pico_stdio/stdio.c.obj
                0x10004dac                stdio_set_driver_enabled
 .text.stdio_flush
                0x10004ddc       0x20 CMakeFiles/PicoSnd.dir/home/cbmeeks/sdk/pico/pico-sdk/src/rp2_common/pico_stdio/stdio.c.obj
                0x10004ddc                stdio_flush
 .text.__wrap_puts
                0x10004dfc       0x1e CMakeFiles/PicoSnd.dir/home/cbmeeks/sdk/pico/pico-sdk/src/rp2_common/pico_stdio/stdio.c.obj
                0x10004dfc                __wrap_puts
 *fill*         0x10004e1a        0x2 
 .text.__wrap_vprintf
                0x10004e1c       0x40 CMakeFiles/PicoSnd.dir/home/cbmeeks/sdk/pico/pico-sdk/src/rp2_common/pico_stdio/stdio.c.obj
                0x10004e1c                __wrap_vprintf
 .text.__wrap_printf
                0x10004e5c       0x18 CMakeFiles/PicoSnd.dir/home/cbmeeks/sdk/pico/pico-sdk/src/rp2_common/pico_stdio/stdio.c.obj
                0x10004e5c                __wrap_printf
 .text.stdio_init_all
                0x10004e74        0x8 CMakeFiles/PicoSnd.dir/home/cbmeeks/sdk/pico/pico-sdk/src/rp2_common/pico_stdio/stdio.c.obj
                0x10004e74                stdio_init_all
 .text.resetd_init
                0x10004e7c        0x2 CMakeFiles/PicoSnd.dir/home/cbmeeks/sdk/pico/pico-sdk/src/rp2_common/pico_stdio_usb/reset_interface.c.obj
 *fill*         0x10004e7e        0x2 
 .text.resetd_reset
                0x10004e80        0xc CMakeFiles/PicoSnd.dir/home/cbmeeks/sdk/pico/pico-sdk/src/rp2_common/pico_stdio_usb/reset_interface.c.obj
 .text.resetd_open
                0x10004e8c       0x34 CMakeFiles/PicoSnd.dir/home/cbmeeks/sdk/pico/pico-sdk/src/rp2_common/pico_stdio_usb/reset_interface.c.obj
 .text.resetd_xfer_cb
                0x10004ec0        0x4 CMakeFiles/PicoSnd.dir/home/cbmeeks/sdk/pico/pico-sdk/src/rp2_common/pico_stdio_usb/reset_interface.c.obj
 .text.reset_usb_boot
                0x10004ec4       0x18 CMakeFiles/PicoSnd.dir/home/cbmeeks/sdk/pico/pico-sdk/src/rp2_common/pico_stdio_usb/reset_interface.c.obj
 .text.resetd_control_xfer_cb
                0x10004edc       0x5c CMakeFiles/PicoSnd.dir/home/cbmeeks/sdk/pico/pico-sdk/src/rp2_common/pico_stdio_usb/reset_interface.c.obj
 .text.usbd_app_driver_get_cb
                0x10004f38        0xc CMakeFiles/PicoSnd.dir/home/cbmeeks/sdk/pico/pico-sdk/src/rp2_common/pico_stdio_usb/reset_interface.c.obj
                0x10004f38                usbd_app_driver_get_cb
 .text.tud_cdc_line_coding_cb
                0x10004f44       0x28 CMakeFiles/PicoSnd.dir/home/cbmeeks/sdk/pico/pico-sdk/src/rp2_common/pico_stdio_usb/reset_interface.c.obj
                0x10004f44                tud_cdc_line_coding_cb
 .text.stdio_usb_set_chars_available_callback
                0x10004f6c       0x14 CMakeFiles/PicoSnd.dir/home/cbmeeks/sdk/pico/pico-sdk/src/rp2_common/pico_stdio_usb/stdio_usb.c.obj
                0x10004f6c                stdio_usb_set_chars_available_callback
 .text.update_us_since_boot
                0x10004f80       0x24 CMakeFiles/PicoSnd.dir/home/cbmeeks/sdk/pico/pico-sdk/src/rp2_common/pico_stdio_usb/stdio_usb.c.obj
 .text.get_absolute_time
                0x10004fa4       0x22 CMakeFiles/PicoSnd.dir/home/cbmeeks/sdk/pico/pico-sdk/src/rp2_common/pico_stdio_usb/stdio_usb.c.obj
 *fill*         0x10004fc6        0x2 
 .text.delayed_by_ms
                0x10004fc8       0x44 CMakeFiles/PicoSnd.dir/home/cbmeeks/sdk/pico/pico-sdk/src/rp2_common/pico_stdio_usb/stdio_usb.c.obj
 .text.make_timeout_time_ms
                0x1000500c       0x20 CMakeFiles/PicoSnd.dir/home/cbmeeks/sdk/pico/pico-sdk/src/rp2_common/pico_stdio_usb/stdio_usb.c.obj
 .text.delayed_by_us
                0x1000502c       0x34 CMakeFiles/PicoSnd.dir/home/cbmeeks/sdk/pico/pico-sdk/src/rp2_common/pico_stdio_usb/stdio_usb.c.obj
 .text.usb_irq  0x10005060       0x10 CMakeFiles/PicoSnd.dir/home/cbmeeks/sdk/pico/pico-sdk/src/rp2_common/pico_stdio_usb/stdio_usb.c.obj
 .text.critical_section_enter_blocking
                0x10005070       0x16 CMakeFiles/PicoSnd.dir/home/cbmeeks/sdk/pico/pico-sdk/src/rp2_common/pico_stdio_usb/stdio_usb.c.obj
 *fill*         0x10005086        0x2 
 .text.timer_task
                0x10005088       0x4c CMakeFiles/PicoSnd.dir/home/cbmeeks/sdk/pico/pico-sdk/src/rp2_common/pico_stdio_usb/stdio_usb.c.obj
 .text.alarm_pool_add_alarm_in_us
                0x100050d4       0x44 CMakeFiles/PicoSnd.dir/home/cbmeeks/sdk/pico/pico-sdk/src/rp2_common/pico_stdio_usb/stdio_usb.c.obj
 .text.add_alarm_in_us
                0x10005118       0x2e CMakeFiles/PicoSnd.dir/home/cbmeeks/sdk/pico/pico-sdk/src/rp2_common/pico_stdio_usb/stdio_usb.c.obj
 *fill*         0x10005146        0x2 
 .text.low_priority_worker_irq
                0x10005148       0x78 CMakeFiles/PicoSnd.dir/home/cbmeeks/sdk/pico/pico-sdk/src/rp2_common/pico_stdio_usb/stdio_usb.c.obj
 .text.tud_cdc_rx_cb
                0x100051c0       0x20 CMakeFiles/PicoSnd.dir/home/cbmeeks/sdk/pico/pico-sdk/src/rp2_common/pico_stdio_usb/stdio_usb.c.obj
                0x100051c0                tud_cdc_rx_cb
 .text.stdio_usb_init
                0x100051e0       0xd0 CMakeFiles/PicoSnd.dir/home/cbmeeks/sdk/pico/pico-sdk/src/rp2_common/pico_stdio_usb/stdio_usb.c.obj
                0x100051e0                stdio_usb_init
 .text.stdio_usb_connected
                0x100052b0        0xa CMakeFiles/PicoSnd.dir/home/cbmeeks/sdk/pico/pico-sdk/src/rp2_common/pico_stdio_usb/stdio_usb.c.obj
                0x100052b0                stdio_usb_connected
 *fill*         0x100052ba        0x2 
 .text.stdio_usb_in_chars
                0x100052bc       0x88 CMakeFiles/PicoSnd.dir/home/cbmeeks/sdk/pico/pico-sdk/src/rp2_common/pico_stdio_usb/stdio_usb.c.obj
                0x100052bc                stdio_usb_in_chars
 .text.stdio_usb_out_chars
                0x10005344       0xd8 CMakeFiles/PicoSnd.dir/home/cbmeeks/sdk/pico/pico-sdk/src/rp2_common/pico_stdio_usb/stdio_usb.c.obj
 .text.tud_descriptor_device_cb
                0x1000541c        0x8 CMakeFiles/PicoSnd.dir/home/cbmeeks/sdk/pico/pico-sdk/src/rp2_common/pico_stdio_usb/stdio_usb_descriptors.c.obj
                0x1000541c                tud_descriptor_device_cb
 .text.tud_descriptor_configuration_cb
                0x10005424        0x8 CMakeFiles/PicoSnd.dir/home/cbmeeks/sdk/pico/pico-sdk/src/rp2_common/pico_stdio_usb/stdio_usb_descriptors.c.obj
                0x10005424                tud_descriptor_configuration_cb
 .text.tud_descriptor_string_cb
                0x1000542c       0x6c CMakeFiles/PicoSnd.dir/home/cbmeeks/sdk/pico/pico-sdk/src/rp2_common/pico_stdio_usb/stdio_usb_descriptors.c.obj
                0x1000542c                tud_descriptor_string_cb
 .text._retrieve_unique_id_on_boot
                0x10005498       0x10 CMakeFiles/PicoSnd.dir/home/cbmeeks/sdk/pico/pico-sdk/src/rp2_common/pico_unique_id/unique_id.c.obj
 .text.pico_get_unique_board_id_string
                0x100054a8       0x58 CMakeFiles/PicoSnd.dir/home/cbmeeks/sdk/pico/pico-sdk/src/rp2_common/pico_unique_id/unique_id.c.obj
                0x100054a8                pico_get_unique_board_id_string
 .text.flash_get_unique_id
                0x10005500       0x40 CMakeFiles/PicoSnd.dir/home/cbmeeks/sdk/pico/pico-sdk/src/rp2_common/hardware_flash/flash.c.obj
                0x10005500                flash_get_unique_id
 .text.hw_endpoint_get_by_addr
                0x10005540       0x18 CMakeFiles/PicoSnd.dir/home/cbmeeks/sdk/pico/pico-sdk/lib/tinyusb/src/portable/raspberrypi/rp2040/dcd_rp2040.c.obj
 .text._hw_endpoint_alloc
                0x10005558       0x70 CMakeFiles/PicoSnd.dir/home/cbmeeks/sdk/pico/pico-sdk/lib/tinyusb/src/portable/raspberrypi/rp2040/dcd_rp2040.c.obj
 .text.hw_endpoint_init
                0x100055c8       0x8c CMakeFiles/PicoSnd.dir/home/cbmeeks/sdk/pico/pico-sdk/lib/tinyusb/src/portable/raspberrypi/rp2040/dcd_rp2040.c.obj
 .text.dcd_event_sof
                0x10005654       0x2a CMakeFiles/PicoSnd.dir/home/cbmeeks/sdk/pico/pico-sdk/lib/tinyusb/src/portable/raspberrypi/rp2040/dcd_rp2040.c.obj
 .text.hw_endpoint_xfer
                0x1000567e       0x14 CMakeFiles/PicoSnd.dir/home/cbmeeks/sdk/pico/pico-sdk/lib/tinyusb/src/portable/raspberrypi/rp2040/dcd_rp2040.c.obj
 *fill*         0x10005692        0x2 
 .text.dcd_int_enable
                0x10005694       0x2c CMakeFiles/PicoSnd.dir/home/cbmeeks/sdk/pico/pico-sdk/lib/tinyusb/src/portable/raspberrypi/rp2040/dcd_rp2040.c.obj
                0x10005694                dcd_int_enable
 .text.dcd_set_address
                0x100056c0       0x2c CMakeFiles/PicoSnd.dir/home/cbmeeks/sdk/pico/pico-sdk/lib/tinyusb/src/portable/raspberrypi/rp2040/dcd_rp2040.c.obj
                0x100056c0                dcd_set_address
 .text.dcd_connect
                0x100056ec       0x10 CMakeFiles/PicoSnd.dir/home/cbmeeks/sdk/pico/pico-sdk/lib/tinyusb/src/portable/raspberrypi/rp2040/dcd_rp2040.c.obj
                0x100056ec                dcd_connect
 .text.dcd_init
                0x100056fc       0x80 CMakeFiles/PicoSnd.dir/home/cbmeeks/sdk/pico/pico-sdk/lib/tinyusb/src/portable/raspberrypi/rp2040/dcd_rp2040.c.obj
                0x100056fc                dcd_init
 .text.dcd_edpt0_status_complete
                0x1000577c       0x1c CMakeFiles/PicoSnd.dir/home/cbmeeks/sdk/pico/pico-sdk/lib/tinyusb/src/portable/raspberrypi/rp2040/dcd_rp2040.c.obj
                0x1000577c                dcd_edpt0_status_complete
 .text.dcd_edpt_open
                0x10005798       0x40 CMakeFiles/PicoSnd.dir/home/cbmeeks/sdk/pico/pico-sdk/lib/tinyusb/src/portable/raspberrypi/rp2040/dcd_rp2040.c.obj
                0x10005798                dcd_edpt_open
 .text.dcd_edpt_close_all
                0x100057d8        0x8 CMakeFiles/PicoSnd.dir/home/cbmeeks/sdk/pico/pico-sdk/lib/tinyusb/src/portable/raspberrypi/rp2040/dcd_rp2040.c.obj
                0x100057d8                dcd_edpt_close_all
 .text.dcd_edpt_xfer
                0x100057e0       0x34 CMakeFiles/PicoSnd.dir/home/cbmeeks/sdk/pico/pico-sdk/lib/tinyusb/src/portable/raspberrypi/rp2040/dcd_rp2040.c.obj
                0x100057e0                dcd_edpt_xfer
 .text.dcd_edpt_stall
                0x10005814       0x2c CMakeFiles/PicoSnd.dir/home/cbmeeks/sdk/pico/pico-sdk/lib/tinyusb/src/portable/raspberrypi/rp2040/dcd_rp2040.c.obj
                0x10005814                dcd_edpt_stall
 .text.dcd_edpt_clear_stall
                0x10005840       0x20 CMakeFiles/PicoSnd.dir/home/cbmeeks/sdk/pico/pico-sdk/lib/tinyusb/src/portable/raspberrypi/rp2040/dcd_rp2040.c.obj
                0x10005840                dcd_edpt_clear_stall
 .text.rp2040_usb_init
                0x10005860       0x4c CMakeFiles/PicoSnd.dir/home/cbmeeks/sdk/pico/pico-sdk/lib/tinyusb/src/portable/raspberrypi/rp2040/rp2040_usb.c.obj
                0x10005860                rp2040_usb_init
 .text.hw_endpoint_xfer_start
                0x100058ac       0x50 CMakeFiles/PicoSnd.dir/home/cbmeeks/sdk/pico/pico-sdk/lib/tinyusb/src/portable/raspberrypi/rp2040/rp2040_usb.c.obj
                0x100058ac                hw_endpoint_xfer_start
 .text.configuration_reset
                0x100058fc       0x84 CMakeFiles/PicoSnd.dir/home/cbmeeks/sdk/pico/pico-sdk/lib/tinyusb/src/device/usbd.c.obj
 .text.critical_section_enter_blocking
                0x10005980       0x16 CMakeFiles/PicoSnd.dir/home/cbmeeks/sdk/pico/pico-sdk/lib/tinyusb/src/device/usbd.c.obj
 .text.usbd_reset
                0x10005996        0xc CMakeFiles/PicoSnd.dir/home/cbmeeks/sdk/pico/pico-sdk/lib/tinyusb/src/device/usbd.c.obj
 .text.invoke_class_control
                0x100059a2       0x1a CMakeFiles/PicoSnd.dir/home/cbmeeks/sdk/pico/pico-sdk/lib/tinyusb/src/device/usbd.c.obj
 .text.process_set_config
                0x100059bc      0x178 CMakeFiles/PicoSnd.dir/home/cbmeeks/sdk/pico/pico-sdk/lib/tinyusb/src/device/usbd.c.obj
 .text.process_get_descriptor
                0x10005b34       0xdc CMakeFiles/PicoSnd.dir/home/cbmeeks/sdk/pico/pico-sdk/lib/tinyusb/src/device/usbd.c.obj
 .text.tud_mounted
                0x10005c10       0x10 CMakeFiles/PicoSnd.dir/home/cbmeeks/sdk/pico/pico-sdk/lib/tinyusb/src/device/usbd.c.obj
                0x10005c10                tud_mounted
 .text.tud_suspended
                0x10005c20       0x10 CMakeFiles/PicoSnd.dir/home/cbmeeks/sdk/pico/pico-sdk/lib/tinyusb/src/device/usbd.c.obj
                0x10005c20                tud_suspended
 .text.tud_inited
                0x10005c30       0x14 CMakeFiles/PicoSnd.dir/home/cbmeeks/sdk/pico/pico-sdk/lib/tinyusb/src/device/usbd.c.obj
                0x10005c30                tud_inited
 .text.tud_init
                0x10005c44       0xd0 CMakeFiles/PicoSnd.dir/home/cbmeeks/sdk/pico/pico-sdk/lib/tinyusb/src/device/usbd.c.obj
                0x10005c44                tud_init
 .text.usbd_defer_func
                0x10005d14       0x2a CMakeFiles/PicoSnd.dir/home/cbmeeks/sdk/pico/pico-sdk/lib/tinyusb/src/device/usbd.c.obj
                0x10005d14                usbd_defer_func
 *fill*         0x10005d3e        0x2 
 .text.usbd_edpt_open
                0x10005d40       0x34 CMakeFiles/PicoSnd.dir/home/cbmeeks/sdk/pico/pico-sdk/lib/tinyusb/src/device/usbd.c.obj
                0x10005d40                usbd_edpt_open
 .text.usbd_open_edpt_pair
                0x10005d74       0x62 CMakeFiles/PicoSnd.dir/home/cbmeeks/sdk/pico/pico-sdk/lib/tinyusb/src/device/usbd.c.obj
                0x10005d74                usbd_open_edpt_pair
 *fill*         0x10005dd6        0x2 
 .text.usbd_edpt_claim
                0x10005dd8       0x28 CMakeFiles/PicoSnd.dir/home/cbmeeks/sdk/pico/pico-sdk/lib/tinyusb/src/device/usbd.c.obj
                0x10005dd8                usbd_edpt_claim
 .text.usbd_edpt_release
                0x10005e00       0x28 CMakeFiles/PicoSnd.dir/home/cbmeeks/sdk/pico/pico-sdk/lib/tinyusb/src/device/usbd.c.obj
                0x10005e00                usbd_edpt_release
 .text.usbd_edpt_xfer
                0x10005e28       0x78 CMakeFiles/PicoSnd.dir/home/cbmeeks/sdk/pico/pico-sdk/lib/tinyusb/src/device/usbd.c.obj
                0x10005e28                usbd_edpt_xfer
 .text.usbd_edpt_stall
                0x10005ea0       0x48 CMakeFiles/PicoSnd.dir/home/cbmeeks/sdk/pico/pico-sdk/lib/tinyusb/src/device/usbd.c.obj
                0x10005ea0                usbd_edpt_stall
 .text.usbd_edpt_clear_stall
                0x10005ee8       0x48 CMakeFiles/PicoSnd.dir/home/cbmeeks/sdk/pico/pico-sdk/lib/tinyusb/src/device/usbd.c.obj
                0x10005ee8                usbd_edpt_clear_stall
 .text.usbd_edpt_stalled
                0x10005f30       0x1c CMakeFiles/PicoSnd.dir/home/cbmeeks/sdk/pico/pico-sdk/lib/tinyusb/src/device/usbd.c.obj
                0x10005f30                usbd_edpt_stalled
 .text.process_control_request
                0x10005f4c      0x36c CMakeFiles/PicoSnd.dir/home/cbmeeks/sdk/pico/pico-sdk/lib/tinyusb/src/device/usbd.c.obj
 .text.tud_task_ext
                0x100062b8      0x1a8 CMakeFiles/PicoSnd.dir/home/cbmeeks/sdk/pico/pico-sdk/lib/tinyusb/src/device/usbd.c.obj
                0x100062b8                tud_task_ext
 .text._status_stage_xact
                0x10006460       0x1a CMakeFiles/PicoSnd.dir/home/cbmeeks/sdk/pico/pico-sdk/lib/tinyusb/src/device/usbd_control.c.obj
 *fill*         0x1000647a        0x2 
 .text._data_stage_xact
                0x1000647c       0x58 CMakeFiles/PicoSnd.dir/home/cbmeeks/sdk/pico/pico-sdk/lib/tinyusb/src/device/usbd_control.c.obj
 .text.tud_control_status
                0x100064d4       0x28 CMakeFiles/PicoSnd.dir/home/cbmeeks/sdk/pico/pico-sdk/lib/tinyusb/src/device/usbd_control.c.obj
                0x100064d4                tud_control_status
 .text.tud_control_xfer
                0x100064fc       0x68 CMakeFiles/PicoSnd.dir/home/cbmeeks/sdk/pico/pico-sdk/lib/tinyusb/src/device/usbd_control.c.obj
                0x100064fc                tud_control_xfer
 .text.usbd_control_reset
                0x10006564       0x14 CMakeFiles/PicoSnd.dir/home/cbmeeks/sdk/pico/pico-sdk/lib/tinyusb/src/device/usbd_control.c.obj
                0x10006564                usbd_control_reset
 .text.usbd_control_set_complete_callback
                0x10006578        0xc CMakeFiles/PicoSnd.dir/home/cbmeeks/sdk/pico/pico-sdk/lib/tinyusb/src/device/usbd_control.c.obj
                0x10006578                usbd_control_set_complete_callback
 .text.usbd_control_set_request
                0x10006584       0x1c CMakeFiles/PicoSnd.dir/home/cbmeeks/sdk/pico/pico-sdk/lib/tinyusb/src/device/usbd_control.c.obj
                0x10006584                usbd_control_set_request
 .text.usbd_control_xfer_cb
                0x100065a0       0xbc CMakeFiles/PicoSnd.dir/home/cbmeeks/sdk/pico/pico-sdk/lib/tinyusb/src/device/usbd_control.c.obj
                0x100065a0                usbd_control_xfer_cb
 .text._prep_out_transaction
                0x1000665c       0x4a CMakeFiles/PicoSnd.dir/home/cbmeeks/sdk/pico/pico-sdk/lib/tinyusb/src/class/cdc/cdc_device.c.obj
 *fill*         0x100066a6        0x2 
 .text.tud_cdc_n_connected
                0x100066a8       0x38 CMakeFiles/PicoSnd.dir/home/cbmeeks/sdk/pico/pico-sdk/lib/tinyusb/src/class/cdc/cdc_device.c.obj
                0x100066a8                tud_cdc_n_connected
 .text.tud_cdc_n_available
                0x100066e0       0x18 CMakeFiles/PicoSnd.dir/home/cbmeeks/sdk/pico/pico-sdk/lib/tinyusb/src/class/cdc/cdc_device.c.obj
                0x100066e0                tud_cdc_n_available
 .text.tud_cdc_n_read
                0x100066f8       0x28 CMakeFiles/PicoSnd.dir/home/cbmeeks/sdk/pico/pico-sdk/lib/tinyusb/src/class/cdc/cdc_device.c.obj
                0x100066f8                tud_cdc_n_read
 .text.tud_cdc_n_write_flush
                0x10006720       0xac CMakeFiles/PicoSnd.dir/home/cbmeeks/sdk/pico/pico-sdk/lib/tinyusb/src/class/cdc/cdc_device.c.obj
                0x10006720                tud_cdc_n_write_flush
 .text.tud_cdc_n_write
                0x100067cc       0x38 CMakeFiles/PicoSnd.dir/home/cbmeeks/sdk/pico/pico-sdk/lib/tinyusb/src/class/cdc/cdc_device.c.obj
                0x100067cc                tud_cdc_n_write
 .text.tud_cdc_n_write_available
                0x10006804       0x1c CMakeFiles/PicoSnd.dir/home/cbmeeks/sdk/pico/pico-sdk/lib/tinyusb/src/class/cdc/cdc_device.c.obj
                0x10006804                tud_cdc_n_write_available
 .text.cdcd_init
                0x10006820       0xbc CMakeFiles/PicoSnd.dir/home/cbmeeks/sdk/pico/pico-sdk/lib/tinyusb/src/class/cdc/cdc_device.c.obj
                0x10006820                cdcd_init
 .text.cdcd_reset
                0x100068dc       0x44 CMakeFiles/PicoSnd.dir/home/cbmeeks/sdk/pico/pico-sdk/lib/tinyusb/src/class/cdc/cdc_device.c.obj
                0x100068dc                cdcd_reset
 .text.cdcd_open
                0x10006920       0xc4 CMakeFiles/PicoSnd.dir/home/cbmeeks/sdk/pico/pico-sdk/lib/tinyusb/src/class/cdc/cdc_device.c.obj
                0x10006920                cdcd_open
 .text.cdcd_control_xfer_cb
                0x100069e4      0x12c CMakeFiles/PicoSnd.dir/home/cbmeeks/sdk/pico/pico-sdk/lib/tinyusb/src/class/cdc/cdc_device.c.obj
                0x100069e4                cdcd_control_xfer_cb
 .text.cdcd_xfer_cb
                0x10006b10      0x130 CMakeFiles/PicoSnd.dir/home/cbmeeks/sdk/pico/pico-sdk/lib/tinyusb/src/class/cdc/cdc_device.c.obj
                0x10006b10                cdcd_xfer_cb
 .text.tusb_init
                0x10006c40        0xa CMakeFiles/PicoSnd.dir/home/cbmeeks/sdk/pico/pico-sdk/lib/tinyusb/src/tusb.c.obj
                0x10006c40                tusb_init
 .text.tusb_inited
                0x10006c4a        0xe CMakeFiles/PicoSnd.dir/home/cbmeeks/sdk/pico/pico-sdk/lib/tinyusb/src/tusb.c.obj
                0x10006c4a                tusb_inited
 .text.tu_edpt_claim
                0x10006c58       0x50 CMakeFiles/PicoSnd.dir/home/cbmeeks/sdk/pico/pico-sdk/lib/tinyusb/src/tusb.c.obj
                0x10006c58                tu_edpt_claim
 .text.tu_edpt_release
                0x10006ca8       0x38 CMakeFiles/PicoSnd.dir/home/cbmeeks/sdk/pico/pico-sdk/lib/tinyusb/src/tusb.c.obj
                0x10006ca8                tu_edpt_release
 .text.tu_edpt_validate
                0x10006ce0       0x78 CMakeFiles/PicoSnd.dir/home/cbmeeks/sdk/pico/pico-sdk/lib/tinyusb/src/tusb.c.obj
                0x10006ce0                tu_edpt_validate
 .text.tu_edpt_bind_driver
                0x10006d58       0x26 CMakeFiles/PicoSnd.dir/home/cbmeeks/sdk/pico/pico-sdk/lib/tinyusb/src/tusb.c.obj
                0x10006d58                tu_edpt_bind_driver
 .text.advance_index
                0x10006d7e       0x1a CMakeFiles/PicoSnd.dir/home/cbmeeks/sdk/pico/pico-sdk/lib/tinyusb/src/common/tusb_fifo.c.obj
 .text._tu_fifo_peek
                0x10006d98       0x56 CMakeFiles/PicoSnd.dir/home/cbmeeks/sdk/pico/pico-sdk/lib/tinyusb/src/common/tusb_fifo.c.obj
 .text._ff_pull_const_addr
                0x10006dee       0x4c CMakeFiles/PicoSnd.dir/home/cbmeeks/sdk/pico/pico-sdk/lib/tinyusb/src/common/tusb_fifo.c.obj
 .text._ff_pull_n
                0x10006e3a      0x110 CMakeFiles/PicoSnd.dir/home/cbmeeks/sdk/pico/pico-sdk/lib/tinyusb/src/common/tusb_fifo.c.obj
 .text._tu_fifo_peek_n
                0x10006f4a       0x6a CMakeFiles/PicoSnd.dir/home/cbmeeks/sdk/pico/pico-sdk/lib/tinyusb/src/common/tusb_fifo.c.obj
 .text._tu_fifo_read_n
                0x10006fb4       0x4e CMakeFiles/PicoSnd.dir/home/cbmeeks/sdk/pico/pico-sdk/lib/tinyusb/src/common/tusb_fifo.c.obj
 .text._ff_push_const_addr
                0x10007002       0x40 CMakeFiles/PicoSnd.dir/home/cbmeeks/sdk/pico/pico-sdk/lib/tinyusb/src/common/tusb_fifo.c.obj
 .text._ff_push_n
                0x10007042      0x10c CMakeFiles/PicoSnd.dir/home/cbmeeks/sdk/pico/pico-sdk/lib/tinyusb/src/common/tusb_fifo.c.obj
 .text._tu_fifo_write_n
                0x1000714e       0xf0 CMakeFiles/PicoSnd.dir/home/cbmeeks/sdk/pico/pico-sdk/lib/tinyusb/src/common/tusb_fifo.c.obj
 .text.tu_fifo_config
                0x1000723e       0x7c CMakeFiles/PicoSnd.dir/home/cbmeeks/sdk/pico/pico-sdk/lib/tinyusb/src/common/tusb_fifo.c.obj
                0x1000723e                tu_fifo_config
 .text.tu_fifo_count
                0x100072ba       0x2c CMakeFiles/PicoSnd.dir/home/cbmeeks/sdk/pico/pico-sdk/lib/tinyusb/src/common/tusb_fifo.c.obj
                0x100072ba                tu_fifo_count
 .text.tu_fifo_empty
                0x100072e6        0xe CMakeFiles/PicoSnd.dir/home/cbmeeks/sdk/pico/pico-sdk/lib/tinyusb/src/common/tusb_fifo.c.obj
                0x100072e6                tu_fifo_empty
 .text.tu_fifo_full
                0x100072f4       0x2a CMakeFiles/PicoSnd.dir/home/cbmeeks/sdk/pico/pico-sdk/lib/tinyusb/src/common/tusb_fifo.c.obj
                0x100072f4                tu_fifo_full
 .text.tu_fifo_remaining
                0x1000731e       0x2e CMakeFiles/PicoSnd.dir/home/cbmeeks/sdk/pico/pico-sdk/lib/tinyusb/src/common/tusb_fifo.c.obj
                0x1000731e                tu_fifo_remaining
 .text.tu_fifo_read
                0x1000734c       0x42 CMakeFiles/PicoSnd.dir/home/cbmeeks/sdk/pico/pico-sdk/lib/tinyusb/src/common/tusb_fifo.c.obj
                0x1000734c                tu_fifo_read
 .text.tu_fifo_read_n
                0x1000738e        0xa CMakeFiles/PicoSnd.dir/home/cbmeeks/sdk/pico/pico-sdk/lib/tinyusb/src/common/tusb_fifo.c.obj
                0x1000738e                tu_fifo_read_n
 .text.tu_fifo_write
                0x10007398       0x64 CMakeFiles/PicoSnd.dir/home/cbmeeks/sdk/pico/pico-sdk/lib/tinyusb/src/common/tusb_fifo.c.obj
                0x10007398                tu_fifo_write
 .text.tu_fifo_write_n
                0x100073fc        0xa CMakeFiles/PicoSnd.dir/home/cbmeeks/sdk/pico/pico-sdk/lib/tinyusb/src/common/tusb_fifo.c.obj
                0x100073fc                tu_fifo_write_n
 .text.tu_fifo_clear
                0x10007406       0x3e CMakeFiles/PicoSnd.dir/home/cbmeeks/sdk/pico/pico-sdk/lib/tinyusb/src/common/tusb_fifo.c.obj
                0x10007406                tu_fifo_clear
 .text.tu_fifo_set_overwritable
                0x10007444       0x46 CMakeFiles/PicoSnd.dir/home/cbmeeks/sdk/pico/pico-sdk/lib/tinyusb/src/common/tusb_fifo.c.obj
                0x10007444                tu_fifo_set_overwritable
 *fill*         0x1000748a        0x2 
 .text.atexit   0x1000748c       0x10 /usr/lib/gcc/arm-none-eabi/14.1.0/../../../../arm-none-eabi/lib/thumb/v6-m/nofp/libg.a(libc_a-atexit.o)
                0x1000748c                atexit
 .text.calloc   0x1000749c       0x18 /usr/lib/gcc/arm-none-eabi/14.1.0/../../../../arm-none-eabi/lib/thumb/v6-m/nofp/libg.a(libc_a-calloc.o)
                0x1000749c                calloc
 .text._calloc_r
                0x100074b4       0xa8 /usr/lib/gcc/arm-none-eabi/14.1.0/../../../../arm-none-eabi/lib/thumb/v6-m/nofp/libg.a(libc_a-callocr.o)
                0x100074b4                _calloc_r
 .text._malloc_r
                0x1000755c      0x5d0 /usr/lib/gcc/arm-none-eabi/14.1.0/../../../../arm-none-eabi/lib/thumb/v6-m/nofp/libg.a(libc_a-mallocr.o)
                0x1000755c                _malloc_r
 .text.__malloc_lock
                0x10007b2c       0x10 /usr/lib/gcc/arm-none-eabi/14.1.0/../../../../arm-none-eabi/lib/thumb/v6-m/nofp/libg.a(libc_a-mlock.o)
                0x10007b2c                __malloc_lock
 .text.__malloc_unlock
                0x10007b3c       0x10 /usr/lib/gcc/arm-none-eabi/14.1.0/../../../../arm-none-eabi/lib/thumb/v6-m/nofp/libg.a(libc_a-mlock.o)
                0x10007b3c                __malloc_unlock
 .text._sbrk_r  0x10007b4c       0x24 /usr/lib/gcc/arm-none-eabi/14.1.0/../../../../arm-none-eabi/lib/thumb/v6-m/nofp/libg.a(libc_a-sbrkr.o)
                0x10007b4c                _sbrk_r
 .text.__errno  0x10007b70        0xc /usr/lib/gcc/arm-none-eabi/14.1.0/../../../../arm-none-eabi/lib/thumb/v6-m/nofp/libg.a(libc_a-errno.o)
                0x10007b70                __errno
 .text.__libc_fini_array
                0x10007b7c       0x28 /usr/lib/gcc/arm-none-eabi/14.1.0/../../../../arm-none-eabi/lib/thumb/v6-m/nofp/libg.a(libc_a-fini.o)
                0x10007b7c                __libc_fini_array
 .text.__retarget_lock_acquire_recursive
                0x10007ba4        0x4 /usr/lib/gcc/arm-none-eabi/14.1.0/../../../../arm-none-eabi/lib/thumb/v6-m/nofp/libg.a(libc_a-lock.o)
                0x10007ba4                __retarget_lock_acquire_recursive
 .text.__retarget_lock_release_recursive
                0x10007ba8        0x4 /usr/lib/gcc/arm-none-eabi/14.1.0/../../../../arm-none-eabi/lib/thumb/v6-m/nofp/libg.a(libc_a-lock.o)
                0x10007ba8                __retarget_lock_release_recursive
 .text.sysconf  0x10007bac       0x1c /usr/lib/gcc/arm-none-eabi/14.1.0/../../../../arm-none-eabi/lib/thumb/v6-m/nofp/libg.a(libc_a-sysconf.o)
                0x10007bac                sysconf
 .text.strlen   0x10007bc8       0x5c /usr/lib/gcc/arm-none-eabi/14.1.0/../../../../arm-none-eabi/lib/thumb/v6-m/nofp/libg.a(libc_a-strlen-stub.o)
                0x10007bc8                strlen
 .text.__register_exitproc
                0x10007c24       0xa8 /usr/lib/gcc/arm-none-eabi/14.1.0/../../../../arm-none-eabi/lib/thumb/v6-m/nofp/libg.a(libc_a-__atexit.o)
                0x10007c24                __register_exitproc
 .text.startup.register_fini
                0x10007ccc       0x18 /usr/lib/gcc/arm-none-eabi/14.1.0/../../../../arm-none-eabi/lib/thumb/v6-m/nofp/libg.a(libc_a-__call_atexit.o)
 .text._malloc_trim_r
                0x10007ce4       0xb4 /usr/lib/gcc/arm-none-eabi/14.1.0/../../../../arm-none-eabi/lib/thumb/v6-m/nofp/libg.a(libc_a-freer.o)
                0x10007ce4                _malloc_trim_r
 .text._free_r  0x10007d98      0x1f0 /usr/lib/gcc/arm-none-eabi/14.1.0/../../../../arm-none-eabi/lib/thumb/v6-m/nofp/libg.a(libc_a-freer.o)
                0x10007d98                _free_r
 *(.fini)
 .fini          0x10007f88        0x4 /usr/lib/gcc/arm-none-eabi/14.1.0/thumb/v6-m/nofp/crti.o
                0x10007f88                _fini
 *fill*         0x10007f8c        0x4 
 .fini.__stub   0x10007f90       0xf0 linker stubs
 *crtbegin.o(.ctors)
 *crtbegin?.o(.ctors)
 *(EXCLUDE_FILE(*crtend.o *crtend?.o) .ctors)
 *(SORT_BY_NAME(.ctors.*))
 *(.ctors)
 *crtbegin.o(.dtors)
 *crtbegin?.o(.dtors)
 *(EXCLUDE_FILE(*crtend.o *crtend?.o) .dtors)
 *(SORT_BY_NAME(.dtors.*))
 *(.dtors)
 *(.eh_frame*)
 .eh_frame      0x10008080        0x0 /usr/lib/gcc/arm-none-eabi/14.1.0/thumb/v6-m/nofp/crtbegin.o
                0x10008080                        . = ALIGN (0x4)

.glue_7         0x10008080        0x0
 .glue_7        0x10008080        0x0 linker stubs

.glue_7t        0x10008080        0x0
 .glue_7t       0x10008080        0x0 linker stubs

.vfp11_veneer   0x10008080        0x0
 .vfp11_veneer  0x10008080        0x0 linker stubs

.v4_bx          0x10008080        0x0
 .v4_bx         0x10008080        0x0 linker stubs

.iplt           0x10008080        0x0
 .iplt          0x10008080        0x0 /usr/lib/gcc/arm-none-eabi/14.1.0/thumb/v6-m/nofp/crtbegin.o

.rodata         0x10008080     0x7ec8
 *(EXCLUDE_FILE(*libm.a: *libc.a:*lib_a-mem*.o *libgcc.a:) .rodata*)
 .rodata.PSG_writeReg
                0x10008080       0x38 CMakeFiles/PicoSnd.dir/emu2149.c.obj
 .rodata.regmsk
                0x100080b8       0x10 CMakeFiles/PicoSnd.dir/emu2149.c.obj
 .rodata.vgm    0x100080c8      0x100 CMakeFiles/PicoSnd.dir/vgm.c.obj
 .rodata.music  0x100081c8     0x683c CMakeFiles/PicoSnd.dir/vgm.c.obj
                0x100081c8                music
 .rodata.update_us_since_boot.str1.4
                0x1000ea04      0xe7b CMakeFiles/PicoSnd.dir/home/cbmeeks/sdk/pico/pico-sdk/src/common/pico_sync/mutex.c.obj
                                 0x66 (size before relaxing)
 .rodata.str1.4
                0x1000f87f       0x91 CMakeFiles/PicoSnd.dir/home/cbmeeks/sdk/pico/pico-sdk/src/common/pico_sync/mutex.c.obj
 *fill*         0x1000f87f        0x1 
 .rodata.__func__.1
                0x1000f880        0xb CMakeFiles/PicoSnd.dir/home/cbmeeks/sdk/pico/pico-sdk/src/common/pico_sync/mutex.c.obj
 *fill*         0x1000f88b        0x1 
 .rodata.__func__.3
                0x1000f88c       0x18 CMakeFiles/PicoSnd.dir/home/cbmeeks/sdk/pico/pico-sdk/src/common/pico_sync/mutex.c.obj
 .rodata.__func__.4
                0x1000f8a4       0x15 CMakeFiles/PicoSnd.dir/home/cbmeeks/sdk/pico/pico-sdk/src/common/pico_sync/mutex.c.obj
 .rodata.get_entry.str1.4
                0x1000f8b9       0x60 CMakeFiles/PicoSnd.dir/home/cbmeeks/sdk/pico/pico-sdk/src/common/pico_time/time.c.obj
 .rodata.update_us_since_boot.str1.4
                0x1000f8b9       0x66 CMakeFiles/PicoSnd.dir/home/cbmeeks/sdk/pico/pico-sdk/src/common/pico_time/time.c.obj
 .rodata.ph_get_node.str1.4
                0x1000f8b9       0x6b CMakeFiles/PicoSnd.dir/home/cbmeeks/sdk/pico/pico-sdk/src/common/pico_time/time.c.obj
 .rodata.ph_add_child_node.str1.4
                0x1000f8b9       0x2e CMakeFiles/PicoSnd.dir/home/cbmeeks/sdk/pico/pico-sdk/src/common/pico_time/time.c.obj
 .rodata.ph_insert_node.str1.4
                0x1000f8b9        0x3 CMakeFiles/PicoSnd.dir/home/cbmeeks/sdk/pico/pico-sdk/src/common/pico_time/time.c.obj
 .rodata.ph_free_node.str1.4
                0x1000f8b9       0x38 CMakeFiles/PicoSnd.dir/home/cbmeeks/sdk/pico/pico-sdk/src/common/pico_time/time.c.obj
 .rodata.repeating_timer_callback.str1.4
                0x1000f8b9       0x13 CMakeFiles/PicoSnd.dir/home/cbmeeks/sdk/pico/pico-sdk/src/common/pico_time/time.c.obj
 .rodata.add_alarm_under_lock.str1.4
                0x1000f8b9       0x28 CMakeFiles/PicoSnd.dir/home/cbmeeks/sdk/pico/pico-sdk/src/common/pico_time/time.c.obj
 .rodata.alarm_pool_alarm_callback.str1.4
                0x1000f8b9       0x60 CMakeFiles/PicoSnd.dir/home/cbmeeks/sdk/pico/pico-sdk/src/common/pico_time/time.c.obj
 .rodata.alarm_pool_get_default.str1.4
                0x1000f8b9       0x21 CMakeFiles/PicoSnd.dir/home/cbmeeks/sdk/pico/pico-sdk/src/common/pico_time/time.c.obj
 .rodata.alarm_pool_cancel_alarm.str1.4
                0x1000f8b9       0x27 CMakeFiles/PicoSnd.dir/home/cbmeeks/sdk/pico/pico-sdk/src/common/pico_time/time.c.obj
 *fill*         0x1000f8b9        0x3 
 .rodata.__func__.0
                0x1000f8bc       0x19 CMakeFiles/PicoSnd.dir/home/cbmeeks/sdk/pico/pico-sdk/src/common/pico_time/time.c.obj
 *fill*         0x1000f8d5        0x3 
 .rodata.__func__.1
                0x1000f8d8       0x18 CMakeFiles/PicoSnd.dir/home/cbmeeks/sdk/pico/pico-sdk/src/common/pico_time/time.c.obj
 .rodata.__func__.3
                0x1000f8f0       0x17 CMakeFiles/PicoSnd.dir/home/cbmeeks/sdk/pico/pico-sdk/src/common/pico_time/time.c.obj
 *fill*         0x1000f907        0x1 
 .rodata.__func__.4
                0x1000f908       0x12 CMakeFiles/PicoSnd.dir/home/cbmeeks/sdk/pico/pico-sdk/src/common/pico_time/time.c.obj
 *fill*         0x1000f91a        0x2 
 .rodata.__func__.5
                0x1000f91c        0xd CMakeFiles/PicoSnd.dir/home/cbmeeks/sdk/pico/pico-sdk/src/common/pico_time/time.c.obj
 *fill*         0x1000f929        0x3 
 .rodata.__func__.6
                0x1000f92c       0x12 CMakeFiles/PicoSnd.dir/home/cbmeeks/sdk/pico/pico-sdk/src/common/pico_time/time.c.obj
 *fill*         0x1000f93e        0x2 
 .rodata.__func__.7
                0x1000f940        0xf CMakeFiles/PicoSnd.dir/home/cbmeeks/sdk/pico/pico-sdk/src/common/pico_time/time.c.obj
 *fill*         0x1000f94f        0x1 
 .rodata.__func__.8
                0x1000f950        0xc CMakeFiles/PicoSnd.dir/home/cbmeeks/sdk/pico/pico-sdk/src/common/pico_time/time.c.obj
 .rodata.__func__.9
                0x1000f95c       0x15 CMakeFiles/PicoSnd.dir/home/cbmeeks/sdk/pico/pico-sdk/src/common/pico_time/time.c.obj
 *fill*         0x1000f971        0x3 
 .rodata.__func__.10
                0x1000f974       0x15 CMakeFiles/PicoSnd.dir/home/cbmeeks/sdk/pico/pico-sdk/src/common/pico_time/time.c.obj
 *fill*         0x1000f989        0x3 
 .rodata.__func__.11
                0x1000f98c       0x1a CMakeFiles/PicoSnd.dir/home/cbmeeks/sdk/pico/pico-sdk/src/common/pico_time/time.c.obj
 *fill*         0x1000f9a6        0x2 
 .rodata.__func__.12
                0x1000f9a8        0xa CMakeFiles/PicoSnd.dir/home/cbmeeks/sdk/pico/pico-sdk/src/common/pico_time/time.c.obj
 .rodata.hardware_alarm_claim.str1.4
                0x1000f9b2       0x22 CMakeFiles/PicoSnd.dir/home/cbmeeks/sdk/pico/pico-sdk/src/rp2_common/hardware_timer/timer.c.obj
 .rodata.hardware_alarm_set_target.str1.4
                0x1000f9b2       0x6a CMakeFiles/PicoSnd.dir/home/cbmeeks/sdk/pico/pico-sdk/src/rp2_common/hardware_timer/timer.c.obj
 *fill*         0x1000f9b2        0x2 
 .rodata.__func__.0
                0x1000f9b4       0x1a CMakeFiles/PicoSnd.dir/home/cbmeeks/sdk/pico/pico-sdk/src/rp2_common/hardware_timer/timer.c.obj
 .rodata.spin_lock_claim_unused.str1.4
                0x1000f9ce       0x1b CMakeFiles/PicoSnd.dir/home/cbmeeks/sdk/pico/pico-sdk/src/rp2_common/hardware_sync/sync.c.obj
 .rodata.resolve_branch.str1.4
                0x1000f9ce       0x5a CMakeFiles/PicoSnd.dir/home/cbmeeks/sdk/pico/pico-sdk/src/rp2_common/hardware_irq/irq.c.obj
 .rodata.make_branch.str1.4
                0x1000f9ce       0x30 CMakeFiles/PicoSnd.dir/home/cbmeeks/sdk/pico/pico-sdk/src/rp2_common/hardware_irq/irq.c.obj
 .rodata.insert_branch_and_link.str1.4
                0x1000f9ce       0x10 CMakeFiles/PicoSnd.dir/home/cbmeeks/sdk/pico/pico-sdk/src/rp2_common/hardware_irq/irq.c.obj
 .rodata.irq_set_exclusive_handler.str1.4
                0x1000f9ce       0x36 CMakeFiles/PicoSnd.dir/home/cbmeeks/sdk/pico/pico-sdk/src/rp2_common/hardware_irq/irq.c.obj
 .rodata.irq_add_shared_handler.str1.4
                0x1000f9ce       0xc2 CMakeFiles/PicoSnd.dir/home/cbmeeks/sdk/pico/pico-sdk/src/rp2_common/hardware_irq/irq.c.obj
 .rodata.irq_remove_handler.str1.4
                0x1000f9ce       0x3a CMakeFiles/PicoSnd.dir/home/cbmeeks/sdk/pico/pico-sdk/src/rp2_common/hardware_irq/irq.c.obj
 .rodata.irq_add_tail_to_free_list.str1.4
                0x1000f9ce       0x3a CMakeFiles/PicoSnd.dir/home/cbmeeks/sdk/pico/pico-sdk/src/rp2_common/hardware_irq/irq.c.obj
 .rodata.user_irq_claim_unused.str1.4
                0x1000f9ce       0x1b CMakeFiles/PicoSnd.dir/home/cbmeeks/sdk/pico/pico-sdk/src/rp2_common/hardware_irq/irq.c.obj
 *fill*         0x1000f9ce        0x2 
 .rodata.__func__.0
                0x1000f9d0       0x1a CMakeFiles/PicoSnd.dir/home/cbmeeks/sdk/pico/pico-sdk/src/rp2_common/hardware_irq/irq.c.obj
 *fill*         0x1000f9ea        0x2 
 .rodata.__func__.1
                0x1000f9ec       0x17 CMakeFiles/PicoSnd.dir/home/cbmeeks/sdk/pico/pico-sdk/src/rp2_common/hardware_irq/irq.c.obj
 *fill*         0x1000fa03        0x1 
 .rodata.__func__.2
                0x1000fa04       0x13 CMakeFiles/PicoSnd.dir/home/cbmeeks/sdk/pico/pico-sdk/src/rp2_common/hardware_irq/irq.c.obj
 *fill*         0x1000fa17        0x1 
 .rodata.__func__.3
                0x1000fa18        0xc CMakeFiles/PicoSnd.dir/home/cbmeeks/sdk/pico/pico-sdk/src/rp2_common/hardware_irq/irq.c.obj
 .rodata.__func__.4
                0x1000fa24        0xf CMakeFiles/PicoSnd.dir/home/cbmeeks/sdk/pico/pico-sdk/src/rp2_common/hardware_irq/irq.c.obj
 *fill*         0x1000fa33        0x1 
 .rodata.__func__.5
                0x1000fa34       0x17 CMakeFiles/PicoSnd.dir/home/cbmeeks/sdk/pico/pico-sdk/src/rp2_common/hardware_irq/irq.c.obj
 *fill*         0x1000fa4b        0x1 
 .rodata.__func__.6
                0x1000fa4c       0x1a CMakeFiles/PicoSnd.dir/home/cbmeeks/sdk/pico/pico-sdk/src/rp2_common/hardware_irq/irq.c.obj
 .rodata.ph_get_node.str1.4
                0x1000fa66       0x6b CMakeFiles/PicoSnd.dir/home/cbmeeks/sdk/pico/pico-sdk/src/common/pico_util/pheap.c.obj
 .rodata.ph_add_child_node.str1.4
                0x1000fa66       0x2e CMakeFiles/PicoSnd.dir/home/cbmeeks/sdk/pico/pico-sdk/src/common/pico_util/pheap.c.obj
 .rodata.ph_remove_any_head.str1.4
                0x1000fa66       0xa8 CMakeFiles/PicoSnd.dir/home/cbmeeks/sdk/pico/pico-sdk/src/common/pico_util/pheap.c.obj
 .rodata.ph_remove_and_free_node.str1.4
                0x1000fa66       0x26 CMakeFiles/PicoSnd.dir/home/cbmeeks/sdk/pico/pico-sdk/src/common/pico_util/pheap.c.obj
 *fill*         0x1000fa66        0x2 
 .rodata.__func__.0
                0x1000fa68       0x18 CMakeFiles/PicoSnd.dir/home/cbmeeks/sdk/pico/pico-sdk/src/common/pico_util/pheap.c.obj
 .rodata.__func__.1
                0x1000fa80       0x13 CMakeFiles/PicoSnd.dir/home/cbmeeks/sdk/pico/pico-sdk/src/common/pico_util/pheap.c.obj
 *fill*         0x1000fa93        0x1 
 .rodata.__func__.2
                0x1000fa94       0x12 CMakeFiles/PicoSnd.dir/home/cbmeeks/sdk/pico/pico-sdk/src/common/pico_util/pheap.c.obj
 *fill*         0x1000faa6        0x2 
 .rodata.__func__.3
                0x1000faa8        0xc CMakeFiles/PicoSnd.dir/home/cbmeeks/sdk/pico/pico-sdk/src/common/pico_util/pheap.c.obj
 .rodata.clock_configure.str1.4
                0x1000fab4       0x5c CMakeFiles/PicoSnd.dir/home/cbmeeks/sdk/pico/pico-sdk/src/rp2_common/hardware_clocks/clocks.c.obj
 .rodata.__func__.1
                0x1000fab4       0x10 CMakeFiles/PicoSnd.dir/home/cbmeeks/sdk/pico/pico-sdk/src/rp2_common/hardware_clocks/clocks.c.obj
 .rodata.pll_init.str1.4
                0x1000fac4      0x128 CMakeFiles/PicoSnd.dir/home/cbmeeks/sdk/pico/pico-sdk/src/rp2_common/hardware_pll/pll.c.obj
 .rodata.__func__.0
                0x1000fac4        0x9 CMakeFiles/PicoSnd.dir/home/cbmeeks/sdk/pico/pico-sdk/src/rp2_common/hardware_pll/pll.c.obj
 .rodata.__assert_func.str1.4
                0x1000facd       0x43 CMakeFiles/PicoSnd.dir/home/cbmeeks/sdk/pico/pico-sdk/src/rp2_common/pico_runtime/runtime.c.obj
 .rodata.runtime_init.str1.4
                0x1000facd       0x66 CMakeFiles/PicoSnd.dir/home/cbmeeks/sdk/pico/pico-sdk/src/rp2_common/pico_runtime/runtime.c.obj
 .rodata.panic.str1.4
                0x1000facd       0x12 CMakeFiles/PicoSnd.dir/home/cbmeeks/sdk/pico/pico-sdk/src/rp2_common/pico_runtime/runtime.c.obj
 *fill*         0x1000facd        0x3 
 .rodata.__func__.2
                0x1000fad0        0xd CMakeFiles/PicoSnd.dir/home/cbmeeks/sdk/pico/pico-sdk/src/rp2_common/pico_runtime/runtime.c.obj
 .rodata._ftoa.str1.4
                0x1000fadd       0x15 CMakeFiles/PicoSnd.dir/home/cbmeeks/sdk/pico/pico-sdk/src/rp2_common/pico_printf/printf.c.obj
 *fill*         0x1000fadd        0x3 
 .rodata._vsnprintf
                0x1000fae0      0x19c CMakeFiles/PicoSnd.dir/home/cbmeeks/sdk/pico/pico-sdk/src/rp2_common/pico_printf/printf.c.obj
 *fill*         0x1000fc7c        0x4 
 .rodata.pow10.0
                0x1000fc80       0x50 CMakeFiles/PicoSnd.dir/home/cbmeeks/sdk/pico/pico-sdk/src/rp2_common/pico_printf/printf.c.obj
 .rodata.__aeabi_double_init.str1.4
                0x1000fcd0       0xa1 CMakeFiles/PicoSnd.dir/home/cbmeeks/sdk/pico/pico-sdk/src/rp2_common/pico_double/double_init_rom.c.obj
 .rodata.__func__.0
                0x1000fcd0       0x14 CMakeFiles/PicoSnd.dir/home/cbmeeks/sdk/pico/pico-sdk/src/rp2_common/pico_double/double_init_rom.c.obj
 .rodata.__aeabi_float_init.str1.4
                0x1000fce4       0x83 CMakeFiles/PicoSnd.dir/home/cbmeeks/sdk/pico/pico-sdk/src/rp2_common/pico_float/float_init_rom.c.obj
 .rodata.__func__.0
                0x1000fce4       0x13 CMakeFiles/PicoSnd.dir/home/cbmeeks/sdk/pico/pico-sdk/src/rp2_common/pico_float/float_init_rom.c.obj
 .rodata.check_alloc.str1.4
                0x1000fcf7        0xe CMakeFiles/PicoSnd.dir/home/cbmeeks/sdk/pico/pico-sdk/src/rp2_common/pico_malloc/pico_malloc.c.obj
 .rodata.str1.4
                0x1000fcf7       0x3c CMakeFiles/PicoSnd.dir/home/cbmeeks/sdk/pico/pico-sdk/src/rp2_common/pico_standard_link/binary_info.c.obj
 *fill*         0x1000fcf7        0x1 
 .rodata.__bi_81
                0x1000fcf8        0xc CMakeFiles/PicoSnd.dir/home/cbmeeks/sdk/pico/pico-sdk/src/rp2_common/pico_standard_link/binary_info.c.obj
 .rodata.__bi_75
                0x1000fd04        0xc CMakeFiles/PicoSnd.dir/home/cbmeeks/sdk/pico/pico-sdk/src/rp2_common/pico_standard_link/binary_info.c.obj
 .rodata.__bi_44
                0x1000fd10        0xc CMakeFiles/PicoSnd.dir/home/cbmeeks/sdk/pico/pico-sdk/src/rp2_common/pico_standard_link/binary_info.c.obj
 .rodata.update_us_since_boot.str1.4
                0x1000fd1c       0x66 CMakeFiles/PicoSnd.dir/home/cbmeeks/sdk/pico/pico-sdk/src/rp2_common/pico_stdio/stdio.c.obj
 .rodata.crlf_str.2
                0x1000fd1c        0x2 CMakeFiles/PicoSnd.dir/home/cbmeeks/sdk/pico/pico-sdk/src/rp2_common/pico_stdio/stdio.c.obj
 *fill*         0x1000fd1e        0x2 
 .rodata.__func__.3
                0x1000fd20       0x15 CMakeFiles/PicoSnd.dir/home/cbmeeks/sdk/pico/pico-sdk/src/rp2_common/pico_stdio/stdio.c.obj
 *fill*         0x1000fd35        0x3 
 .rodata._resetd_driver
                0x1000fd38       0x18 CMakeFiles/PicoSnd.dir/home/cbmeeks/sdk/pico/pico-sdk/src/rp2_common/pico_stdio_usb/reset_interface.c.obj
 .rodata.update_us_since_boot.str1.4
                0x1000fd50       0x66 CMakeFiles/PicoSnd.dir/home/cbmeeks/sdk/pico/pico-sdk/src/rp2_common/pico_stdio_usb/stdio_usb.c.obj
 .rodata.stdio_usb_init.str1.4
                0x1000fd50       0x52 CMakeFiles/PicoSnd.dir/home/cbmeeks/sdk/pico/pico-sdk/src/rp2_common/pico_stdio_usb/stdio_usb.c.obj
 .rodata.str1.4
                0x1000fd50       0x13 CMakeFiles/PicoSnd.dir/home/cbmeeks/sdk/pico/pico-sdk/src/rp2_common/pico_stdio_usb/stdio_usb.c.obj
 .rodata.__bi_182.0
                0x1000fd50        0xc CMakeFiles/PicoSnd.dir/home/cbmeeks/sdk/pico/pico-sdk/src/rp2_common/pico_stdio_usb/stdio_usb.c.obj
 .rodata.__func__.1
                0x1000fd5c        0xf CMakeFiles/PicoSnd.dir/home/cbmeeks/sdk/pico/pico-sdk/src/rp2_common/pico_stdio_usb/stdio_usb.c.obj
 *fill*         0x1000fd6b        0x1 
 .rodata.__func__.3
                0x1000fd6c       0x15 CMakeFiles/PicoSnd.dir/home/cbmeeks/sdk/pico/pico-sdk/src/rp2_common/pico_stdio_usb/stdio_usb.c.obj
 .rodata.str1.4
                0x1000fd81       0x2a CMakeFiles/PicoSnd.dir/home/cbmeeks/sdk/pico/pico-sdk/src/rp2_common/pico_stdio_usb/stdio_usb_descriptors.c.obj
 *fill*         0x1000fd81        0x3 
 .rodata.usbd_desc_str
                0x1000fd84       0x18 CMakeFiles/PicoSnd.dir/home/cbmeeks/sdk/pico/pico-sdk/src/rp2_common/pico_stdio_usb/stdio_usb_descriptors.c.obj
 .rodata.usbd_desc_cfg
                0x1000fd9c       0x54 CMakeFiles/PicoSnd.dir/home/cbmeeks/sdk/pico/pico-sdk/src/rp2_common/pico_stdio_usb/stdio_usb_descriptors.c.obj
 .rodata.usbd_desc_device
                0x1000fdf0       0x12 CMakeFiles/PicoSnd.dir/home/cbmeeks/sdk/pico/pico-sdk/src/rp2_common/pico_stdio_usb/stdio_usb_descriptors.c.obj
 .rodata.pico_get_unique_board_id_string.str1.4
                0x1000fe02       0x52 CMakeFiles/PicoSnd.dir/home/cbmeeks/sdk/pico/pico-sdk/src/rp2_common/pico_unique_id/unique_id.c.obj
 *fill*         0x1000fe02        0x2 
 .rodata.__func__.0
                0x1000fe04       0x20 CMakeFiles/PicoSnd.dir/home/cbmeeks/sdk/pico/pico-sdk/src/rp2_common/pico_unique_id/unique_id.c.obj
 .rodata.str1.4
                0x1000fe24      0x15e CMakeFiles/PicoSnd.dir/home/cbmeeks/sdk/pico/pico-sdk/src/rp2_common/hardware_flash/flash.c.obj
 .rodata.__func__.0
                0x1000fe24        0xd CMakeFiles/PicoSnd.dir/home/cbmeeks/sdk/pico/pico-sdk/src/rp2_common/hardware_flash/flash.c.obj
 .rodata._hw_endpoint_alloc.str1.4
                0x1000fe31       0xbd CMakeFiles/PicoSnd.dir/home/cbmeeks/sdk/pico/pico-sdk/lib/tinyusb/src/portable/raspberrypi/rp2040/dcd_rp2040.c.obj
 .rodata.str1.4
                0x1000fe31       0x14 CMakeFiles/PicoSnd.dir/home/cbmeeks/sdk/pico/pico-sdk/lib/tinyusb/src/portable/raspberrypi/rp2040/dcd_rp2040.c.obj
 .rodata.dcd_int_enable.str1.4
                0x1000fe31        0xc CMakeFiles/PicoSnd.dir/home/cbmeeks/sdk/pico/pico-sdk/lib/tinyusb/src/portable/raspberrypi/rp2040/dcd_rp2040.c.obj
 *fill*         0x1000fe31        0x3 
 .rodata.__func__.0
                0x1000fe34        0xe CMakeFiles/PicoSnd.dir/home/cbmeeks/sdk/pico/pico-sdk/lib/tinyusb/src/portable/raspberrypi/rp2040/dcd_rp2040.c.obj
 *fill*         0x1000fe42        0x2 
 .rodata.__func__.1
                0x1000fe44        0xe CMakeFiles/PicoSnd.dir/home/cbmeeks/sdk/pico/pico-sdk/lib/tinyusb/src/portable/raspberrypi/rp2040/dcd_rp2040.c.obj
 *fill*         0x1000fe52        0x2 
 .rodata.__func__.3
                0x1000fe54       0x10 CMakeFiles/PicoSnd.dir/home/cbmeeks/sdk/pico/pico-sdk/lib/tinyusb/src/portable/raspberrypi/rp2040/dcd_rp2040.c.obj
 .rodata.__func__.5
                0x1000fe64        0xf CMakeFiles/PicoSnd.dir/home/cbmeeks/sdk/pico/pico-sdk/lib/tinyusb/src/portable/raspberrypi/rp2040/dcd_rp2040.c.obj
 *fill*         0x1000fe73        0x1 
 .rodata.__func__.6
                0x1000fe74       0x13 CMakeFiles/PicoSnd.dir/home/cbmeeks/sdk/pico/pico-sdk/lib/tinyusb/src/portable/raspberrypi/rp2040/dcd_rp2040.c.obj
 *fill*         0x1000fe87        0x1 
 .rodata.__func__.7
                0x1000fe88        0x9 CMakeFiles/PicoSnd.dir/home/cbmeeks/sdk/pico/pico-sdk/lib/tinyusb/src/portable/raspberrypi/rp2040/dcd_rp2040.c.obj
 .rodata.str1.4
                0x1000fe91       0xef CMakeFiles/PicoSnd.dir/home/cbmeeks/sdk/pico/pico-sdk/lib/tinyusb/src/portable/raspberrypi/rp2040/rp2040_usb.c.obj
 *fill*         0x1000fe91        0x3 
 .rodata.__func__.0
                0x1000fe94        0xf CMakeFiles/PicoSnd.dir/home/cbmeeks/sdk/pico/pico-sdk/lib/tinyusb/src/portable/raspberrypi/rp2040/rp2040_usb.c.obj
 *fill*         0x1000fea3        0x1 
 .rodata.process_get_descriptor
                0x1000fea4       0x40 CMakeFiles/PicoSnd.dir/home/cbmeeks/sdk/pico/pico-sdk/lib/tinyusb/src/device/usbd.c.obj
 .rodata.process_control_request
                0x1000fee4       0x28 CMakeFiles/PicoSnd.dir/home/cbmeeks/sdk/pico/pico-sdk/lib/tinyusb/src/device/usbd.c.obj
 .rodata.tud_task_ext
                0x1000ff0c       0x24 CMakeFiles/PicoSnd.dir/home/cbmeeks/sdk/pico/pico-sdk/lib/tinyusb/src/device/usbd.c.obj
 .rodata._usbd_driver
                0x1000ff30       0x18 CMakeFiles/PicoSnd.dir/home/cbmeeks/sdk/pico/pico-sdk/lib/tinyusb/src/device/usbd.c.obj
                0x1000ff48                        . = ALIGN (0x4)
 *(SORT_BY_ALIGNMENT(SORT_BY_NAME(.flashdata*)))
                0x1000ff48                        . = ALIGN (0x4)

.ARM.extab
 *(.ARM.extab* .gnu.linkonce.armextab.*)
                0x1000ff48                        __exidx_start = .

.ARM.exidx
 *(.ARM.exidx* .gnu.linkonce.armexidx.*)
                0x1000ff48                        __exidx_end = .
                0x1000ff48                        . = ALIGN (0x4)
                0x1000ff48                        __binary_info_start = .

.binary_info    0x1000ff48       0x20
 *(.binary_info.keep.*)
 .binary_info.keep.__bi_ptr81
                0x1000ff48        0x4 CMakeFiles/PicoSnd.dir/home/cbmeeks/sdk/pico/pico-sdk/src/rp2_common/pico_standard_link/binary_info.c.obj
 .binary_info.keep.__bi_ptr75
                0x1000ff4c        0x4 CMakeFiles/PicoSnd.dir/home/cbmeeks/sdk/pico/pico-sdk/src/rp2_common/pico_standard_link/binary_info.c.obj
 .binary_info.keep.__bi_ptr50
                0x1000ff50        0x4 CMakeFiles/PicoSnd.dir/home/cbmeeks/sdk/pico/pico-sdk/src/rp2_common/pico_standard_link/binary_info.c.obj
 .binary_info.keep.__bi_ptr44
                0x1000ff54        0x4 CMakeFiles/PicoSnd.dir/home/cbmeeks/sdk/pico/pico-sdk/src/rp2_common/pico_standard_link/binary_info.c.obj
 .binary_info.keep.__bi_ptr38
                0x1000ff58        0x4 CMakeFiles/PicoSnd.dir/home/cbmeeks/sdk/pico/pico-sdk/src/rp2_common/pico_standard_link/binary_info.c.obj
 .binary_info.keep.__bi_ptr30
                0x1000ff5c        0x4 CMakeFiles/PicoSnd.dir/home/cbmeeks/sdk/pico/pico-sdk/src/rp2_common/pico_standard_link/binary_info.c.obj
 .binary_info.keep.__bi_ptr22
                0x1000ff60        0x4 CMakeFiles/PicoSnd.dir/home/cbmeeks/sdk/pico/pico-sdk/src/rp2_common/pico_standard_link/binary_info.c.obj
 *(.binary_info.*)
 .binary_info.__bi_ptr182
                0x1000ff64        0x4 CMakeFiles/PicoSnd.dir/home/cbmeeks/sdk/pico/pico-sdk/src/rp2_common/pico_stdio_usb/stdio_usb.c.obj
                0x1000ff68                        __binary_info_end = .

.rel.dyn        0x1000ff68        0x0
 .rel.iplt      0x1000ff68        0x0 /usr/lib/gcc/arm-none-eabi/14.1.0/thumb/v6-m/nofp/crtbegin.o
                0x1000ff68                        . = ALIGN (0x4)

.ram_vector_table
                0x20000000       0xc0
 *(.ram_vector_table)
 .ram_vector_table
                0x20000000       0xc0 CMakeFiles/PicoSnd.dir/home/cbmeeks/sdk/pico/pico-sdk/src/rp2_common/pico_runtime/runtime.c.obj
                0x20000000                ram_vector_table

.data           0x200000c0     0x11c8 load address 0x1000ff68
                0x200000c0                        __data_start__ = .
 *(vtable)
 *(.time_critical*)
 .time_critical.mutex_enter_blocking
                0x200000c0       0x48 CMakeFiles/PicoSnd.dir/home/cbmeeks/sdk/pico/pico-sdk/src/common/pico_sync/mutex.c.obj
                0x200000c0                mutex_enter_blocking
 .time_critical.mutex_try_enter
                0x20000108       0x46 CMakeFiles/PicoSnd.dir/home/cbmeeks/sdk/pico/pico-sdk/src/common/pico_sync/mutex.c.obj
                0x20000108                mutex_try_enter
 *fill*         0x2000014e        0x2 
 .time_critical.mutex_enter_block_until
                0x20000150       0x8c CMakeFiles/PicoSnd.dir/home/cbmeeks/sdk/pico/pico-sdk/src/common/pico_sync/mutex.c.obj
                0x20000150                mutex_enter_block_until
 .time_critical.mutex_try_enter_block_until
                0x200001dc       0x34 CMakeFiles/PicoSnd.dir/home/cbmeeks/sdk/pico/pico-sdk/src/common/pico_sync/mutex.c.obj
                0x200001dc                mutex_try_enter_block_until
 .time_critical.mutex_enter_timeout_ms
                0x20000210       0x1a CMakeFiles/PicoSnd.dir/home/cbmeeks/sdk/pico/pico-sdk/src/common/pico_sync/mutex.c.obj
                0x20000210                mutex_enter_timeout_ms
 *fill*         0x2000022a        0x2 
 .time_critical.mutex_exit
                0x2000022c       0x4c CMakeFiles/PicoSnd.dir/home/cbmeeks/sdk/pico/pico-sdk/src/common/pico_sync/mutex.c.obj
                0x2000022c                mutex_exit
 .time_critical.flash_init_boot2_copyout
                0x20000278       0x30 CMakeFiles/PicoSnd.dir/home/cbmeeks/sdk/pico/pico-sdk/src/rp2_common/hardware_flash/flash.c.obj
 .time_critical.flash_enable_xip_via_boot2
                0x200002a8        0xc CMakeFiles/PicoSnd.dir/home/cbmeeks/sdk/pico/pico-sdk/src/rp2_common/hardware_flash/flash.c.obj
 .time_critical.flash_cs_force
                0x200002b4       0x28 CMakeFiles/PicoSnd.dir/home/cbmeeks/sdk/pico/pico-sdk/src/rp2_common/hardware_flash/flash.c.obj
 .time_critical.flash_do_cmd
                0x200002dc       0xd8 CMakeFiles/PicoSnd.dir/home/cbmeeks/sdk/pico/pico-sdk/src/rp2_common/hardware_flash/flash.c.obj
                0x200002dc                flash_do_cmd
 .time_critical.reset_non_control_endpoints
                0x200003b4       0x40 CMakeFiles/PicoSnd.dir/home/cbmeeks/sdk/pico/pico-sdk/lib/tinyusb/src/portable/raspberrypi/rp2040/dcd_rp2040.c.obj
 .time_critical.hw_handle_buff_status
                0x200003f4       0xb0 CMakeFiles/PicoSnd.dir/home/cbmeeks/sdk/pico/pico-sdk/lib/tinyusb/src/portable/raspberrypi/rp2040/dcd_rp2040.c.obj
 .time_critical.dcd_rp2040_irq
                0x200004a4      0x1b8 CMakeFiles/PicoSnd.dir/home/cbmeeks/sdk/pico/pico-sdk/lib/tinyusb/src/portable/raspberrypi/rp2040/dcd_rp2040.c.obj
 .time_critical.e15_is_bulkin_ep
                0x2000065c       0x2c CMakeFiles/PicoSnd.dir/home/cbmeeks/sdk/pico/pico-sdk/lib/tinyusb/src/portable/raspberrypi/rp2040/rp2040_usb.c.obj
 .time_critical.e15_is_critical_frame_period
                0x20000688       0x30 CMakeFiles/PicoSnd.dir/home/cbmeeks/sdk/pico/pico-sdk/lib/tinyusb/src/portable/raspberrypi/rp2040/rp2040_usb.c.obj
 .time_critical.prepare_ep_buffer
                0x200006b8       0x6c CMakeFiles/PicoSnd.dir/home/cbmeeks/sdk/pico/pico-sdk/lib/tinyusb/src/portable/raspberrypi/rp2040/rp2040_usb.c.obj
 .time_critical.sync_ep_buffer
                0x20000724       0x7c CMakeFiles/PicoSnd.dir/home/cbmeeks/sdk/pico/pico-sdk/lib/tinyusb/src/portable/raspberrypi/rp2040/rp2040_usb.c.obj
 .time_critical._hw_endpoint_xfer_sync
                0x200007a0       0x28 CMakeFiles/PicoSnd.dir/home/cbmeeks/sdk/pico/pico-sdk/lib/tinyusb/src/portable/raspberrypi/rp2040/rp2040_usb.c.obj
 .time_critical.hw_endpoint_reset_transfer
                0x200007c8        0xc CMakeFiles/PicoSnd.dir/home/cbmeeks/sdk/pico/pico-sdk/lib/tinyusb/src/portable/raspberrypi/rp2040/rp2040_usb.c.obj